rust	Set up job	﻿2026-05-24T20:14:44.2966443Z Current runner version: '2.334.0'
rust	Set up job	2026-05-24T20:14:44.2972515Z Runner name: 'scott-desktop-wsl'
rust	Set up job	2026-05-24T20:14:44.2972979Z Runner group name: 'Default'
rust	Set up job	2026-05-24T20:14:44.2973668Z Machine name: 'TinyRyzen7'
rust	Set up job	2026-05-24T20:14:44.2976667Z ##[group]GITHUB_TOKEN Permissions
rust	Set up job	2026-05-24T20:14:44.2978836Z Actions: write
rust	Set up job	2026-05-24T20:14:44.2979178Z ArtifactMetadata: write
rust	Set up job	2026-05-24T20:14:44.2979491Z Attestations: write
rust	Set up job	2026-05-24T20:14:44.2979786Z Checks: write
rust	Set up job	2026-05-24T20:14:44.2980056Z CodeQuality: write
rust	Set up job	2026-05-24T20:14:44.2980331Z Contents: write
rust	Set up job	2026-05-24T20:14:44.2980771Z Deployments: write
rust	Set up job	2026-05-24T20:14:44.2981367Z Discussions: write
rust	Set up job	2026-05-24T20:14:44.2981679Z Issues: write
rust	Set up job	2026-05-24T20:14:44.2981945Z Metadata: read
rust	Set up job	2026-05-24T20:14:44.2982209Z Models: read
rust	Set up job	2026-05-24T20:14:44.2982465Z Packages: write
rust	Set up job	2026-05-24T20:14:44.2982730Z Pages: write
rust	Set up job	2026-05-24T20:14:44.2982995Z PullRequests: write
rust	Set up job	2026-05-24T20:14:44.2983291Z RepositoryProjects: write
rust	Set up job	2026-05-24T20:14:44.2983601Z SecurityEvents: write
rust	Set up job	2026-05-24T20:14:44.2984020Z Statuses: write
rust	Set up job	2026-05-24T20:14:44.2984307Z VulnerabilityAlerts: read
rust	Set up job	2026-05-24T20:14:44.2984614Z ##[endgroup]
rust	Set up job	2026-05-24T20:14:44.2986730Z Secret source: Actions
rust	Set up job	2026-05-24T20:14:44.2987164Z Prepare workflow directory
rust	Set up job	2026-05-24T20:14:44.3439662Z Prepare all required actions
rust	Set up job	2026-05-24T20:14:44.3473526Z Getting action download info
rust	Set up job	2026-05-24T20:14:44.8256287Z Download action repository 'actions/checkout@v4' (SHA:34e114876b0b11c390a56381ad16ebd13914f8d5)
rust	Set up job	2026-05-24T20:14:45.4491116Z Download action repository 'dtolnay/rust-toolchain@master' (SHA:3c5f7ea28cd621ae0bf5283f0e981fb97b8a7af9)
rust	Set up job	2026-05-24T20:14:45.7247887Z Download action repository 'Swatinem/rust-cache@v2' (SHA:e18b497796c12c097a38f9edb9d0641fb99eee32)
rust	Set up job	2026-05-24T20:14:46.6949794Z Complete job name: rust
rust	Run actions/checkout@v4	﻿2026-05-24T20:14:46.7653172Z ##[group]Run actions/checkout@v4
rust	Run actions/checkout@v4	2026-05-24T20:14:46.7653712Z with:
rust	Run actions/checkout@v4	2026-05-24T20:14:46.7653922Z   repository: scottconverse/CivicNewspaper
rust	Run actions/checkout@v4	2026-05-24T20:14:46.7654386Z   token: ***
rust	Run actions/checkout@v4	2026-05-24T20:14:46.7654572Z   ssh-strict: true
rust	Run actions/checkout@v4	2026-05-24T20:14:46.7654735Z   ssh-user: git
rust	Run actions/checkout@v4	2026-05-24T20:14:46.7654907Z   persist-credentials: true
rust	Run actions/checkout@v4	2026-05-24T20:14:46.7655090Z   clean: true
rust	Run actions/checkout@v4	2026-05-24T20:14:46.7655271Z   sparse-checkout-cone-mode: true
rust	Run actions/checkout@v4	2026-05-24T20:14:46.7655474Z   fetch-depth: 1
rust	Run actions/checkout@v4	2026-05-24T20:14:46.7655633Z   fetch-tags: false
rust	Run actions/checkout@v4	2026-05-24T20:14:46.7655819Z   show-progress: true
rust	Run actions/checkout@v4	2026-05-24T20:14:46.7655980Z   lfs: false
rust	Run actions/checkout@v4	2026-05-24T20:14:46.7656130Z   submodules: false
rust	Run actions/checkout@v4	2026-05-24T20:14:46.7656300Z   set-safe-directory: true
rust	Run actions/checkout@v4	2026-05-24T20:14:46.7656648Z ##[endgroup]
rust	Run actions/checkout@v4	2026-05-24T20:14:46.8667270Z Syncing repository: scottconverse/CivicNewspaper
rust	Run actions/checkout@v4	2026-05-24T20:14:46.8668637Z ##[group]Getting Git version info
rust	Run actions/checkout@v4	2026-05-24T20:14:46.8669135Z Working directory is '/root/actions-runner-civicnewspaper/_work/CivicNewspaper/CivicNewspaper'
rust	Run actions/checkout@v4	2026-05-24T20:14:46.9101628Z [command]/usr/bin/git version
rust	Run actions/checkout@v4	2026-05-24T20:14:46.9137120Z git version 2.43.0
rust	Run actions/checkout@v4	2026-05-24T20:14:46.9157067Z ##[endgroup]
rust	Run actions/checkout@v4	2026-05-24T20:14:46.9176697Z Temporarily overriding HOME='/root/actions-runner-civicnewspaper/_work/_temp/4586556e-fd4f-4d17-93a7-f677359c7878' before making global git config changes
rust	Run actions/checkout@v4	2026-05-24T20:14:46.9177717Z Adding repository directory to the temporary git global config as a safe directory
rust	Run actions/checkout@v4	2026-05-24T20:14:46.9182278Z [command]/usr/bin/git config --global --add safe.directory /root/actions-runner-civicnewspaper/_work/CivicNewspaper/CivicNewspaper
rust	Run actions/checkout@v4	2026-05-24T20:14:46.9222533Z [command]/usr/bin/git config --local --get remote.origin.url
rust	Run actions/checkout@v4	2026-05-24T20:14:46.9247737Z https://github.com/scottconverse/CivicNewspaper
rust	Run actions/checkout@v4	2026-05-24T20:14:46.9264103Z ##[group]Removing previously created refs, to avoid conflicts
rust	Run actions/checkout@v4	2026-05-24T20:14:46.9268319Z [command]/usr/bin/git rev-parse --symbolic-full-name --verify --quiet HEAD
rust	Run actions/checkout@v4	2026-05-24T20:14:46.9291835Z HEAD
rust	Run actions/checkout@v4	2026-05-24T20:14:46.9328134Z ##[endgroup]
rust	Run actions/checkout@v4	2026-05-24T20:14:46.9331088Z [command]/usr/bin/git submodule status
rust	Run actions/checkout@v4	2026-05-24T20:14:46.9607405Z ##[group]Cleaning the repository
rust	Run actions/checkout@v4	2026-05-24T20:14:46.9609821Z [command]/usr/bin/git clean -ffdx
rust	Run actions/checkout@v4	2026-05-24T20:14:48.6182964Z Removing src-tauri/gen/
rust	Run actions/checkout@v4	2026-05-24T20:14:48.6183548Z Removing src-tauri/target/
rust	Run actions/checkout@v4	2026-05-24T20:14:48.6197336Z [command]/usr/bin/git reset --hard HEAD
rust	Run actions/checkout@v4	2026-05-24T20:14:48.6286958Z HEAD is now at 76ba3cf Merge b13de103e453c2ed6f295ce1b4a03bf6e0fd8aae into 5fcd6a56fdba2c1292b009be95450246be70a58e
rust	Run actions/checkout@v4	2026-05-24T20:14:48.6291448Z ##[endgroup]
rust	Run actions/checkout@v4	2026-05-24T20:14:48.6293582Z ##[group]Disabling automatic garbage collection
rust	Run actions/checkout@v4	2026-05-24T20:14:48.6298417Z [command]/usr/bin/git config --local gc.auto 0
rust	Run actions/checkout@v4	2026-05-24T20:14:48.6330062Z ##[endgroup]
rust	Run actions/checkout@v4	2026-05-24T20:14:48.6330404Z ##[group]Setting up auth
rust	Run actions/checkout@v4	2026-05-24T20:14:48.6336600Z [command]/usr/bin/git config --local --name-only --get-regexp core\.sshCommand
rust	Run actions/checkout@v4	2026-05-24T20:14:48.6375852Z [command]/usr/bin/git submodule foreach --recursive sh -c "git config --local --name-only --get-regexp 'core\.sshCommand' && git config --local --unset-all 'core.sshCommand' || :"
rust	Run actions/checkout@v4	2026-05-24T20:14:48.6659166Z [command]/usr/bin/git config --local --name-only --get-regexp http\.https\:\/\/github\.com\/\.extraheader
rust	Run actions/checkout@v4	2026-05-24T20:14:48.6691140Z [command]/usr/bin/git submodule foreach --recursive sh -c "git config --local --name-only --get-regexp 'http\.https\:\/\/github\.com\/\.extraheader' && git config --local --unset-all 'http.https://github.com/.extraheader' || :"
rust	Run actions/checkout@v4	2026-05-24T20:14:48.6978757Z [command]/usr/bin/git config --local --name-only --get-regexp ^includeIf\.gitdir:
rust	Run actions/checkout@v4	2026-05-24T20:14:48.7009070Z [command]/usr/bin/git submodule foreach --recursive git config --local --show-origin --name-only --get-regexp remote.origin.url
rust	Run actions/checkout@v4	2026-05-24T20:14:48.7295498Z [command]/usr/bin/git config --local http.https://github.com/.extraheader AUTHORIZATION: basic ***
rust	Run actions/checkout@v4	2026-05-24T20:14:48.7335162Z ##[endgroup]
rust	Run actions/checkout@v4	2026-05-24T20:14:48.7335592Z ##[group]Fetching the repository
rust	Run actions/checkout@v4	2026-05-24T20:14:48.7341900Z [command]/usr/bin/git -c protocol.version=2 fetch --no-tags --prune --no-recurse-submodules --depth=1 origin +0dfb04089572130dc9b0403f3e88274a5e716857:refs/remotes/pull/13/merge
rust	Run actions/checkout@v4	2026-05-24T20:14:49.1256634Z From https://github.com/scottconverse/CivicNewspaper
rust	Run actions/checkout@v4	2026-05-24T20:14:49.1257174Z  + 76ba3cf...0dfb040 0dfb04089572130dc9b0403f3e88274a5e716857 -> pull/13/merge  (forced update)
rust	Run actions/checkout@v4	2026-05-24T20:14:49.1282567Z ##[endgroup]
rust	Run actions/checkout@v4	2026-05-24T20:14:49.1283880Z ##[group]Determining the checkout info
rust	Run actions/checkout@v4	2026-05-24T20:14:49.1284314Z ##[endgroup]
rust	Run actions/checkout@v4	2026-05-24T20:14:49.1289402Z [command]/usr/bin/git sparse-checkout disable
rust	Run actions/checkout@v4	2026-05-24T20:14:49.1338867Z [command]/usr/bin/git config --local --unset-all extensions.worktreeConfig
rust	Run actions/checkout@v4	2026-05-24T20:14:49.1371633Z ##[group]Checking out the ref
rust	Run actions/checkout@v4	2026-05-24T20:14:49.1374937Z [command]/usr/bin/git checkout --progress --force refs/remotes/pull/13/merge
rust	Run actions/checkout@v4	2026-05-24T20:14:49.1430763Z Warning: you are leaving 1 commit behind, not connected to
rust	Run actions/checkout@v4	2026-05-24T20:14:49.1432429Z any of your branches:
rust	Run actions/checkout@v4	2026-05-24T20:14:49.1432702Z 
rust	Run actions/checkout@v4	2026-05-24T20:14:49.1432945Z   76ba3cf Merge b13de103e453c2ed6f295ce1b4a03bf6e0fd8aae into 5fcd6a56fdba2c1292b009be95450246be70a58e
rust	Run actions/checkout@v4	2026-05-24T20:14:49.1433241Z 
rust	Run actions/checkout@v4	2026-05-24T20:14:49.1433396Z If you want to keep it by creating a new branch, this may be a good time
rust	Run actions/checkout@v4	2026-05-24T20:14:49.1433653Z to do so with:
rust	Run actions/checkout@v4	2026-05-24T20:14:49.1433769Z 
rust	Run actions/checkout@v4	2026-05-24T20:14:49.1433877Z  git branch <new-branch-name> 76ba3cf
rust	Run actions/checkout@v4	2026-05-24T20:14:49.1433999Z 
rust	Run actions/checkout@v4	2026-05-24T20:14:49.1439805Z HEAD is now at 0dfb040 Merge 496886c8131a54a834675f2acaff38bfd474b8ac into 5fcd6a56fdba2c1292b009be95450246be70a58e
rust	Run actions/checkout@v4	2026-05-24T20:14:49.1448735Z ##[endgroup]
rust	Run actions/checkout@v4	2026-05-24T20:14:49.1487961Z [command]/usr/bin/git log -1 --format=%H
rust	Run actions/checkout@v4	2026-05-24T20:14:49.1515979Z 0dfb04089572130dc9b0403f3e88274a5e716857
rust	Verify DoD script integrity (hash check)	﻿2026-05-24T20:14:49.1740330Z ##[group]Run if [ ! -f scripts/verify-v0.2-phase-1-dod.sh ] || [ ! -f scripts/.dod-phase-1.sha256 ]; then
rust	Verify DoD script integrity (hash check)	2026-05-24T20:14:49.1741752Z [36;1mif [ ! -f scripts/verify-v0.2-phase-1-dod.sh ] || [ ! -f scripts/.dod-phase-1.sha256 ]; then[0m
rust	Verify DoD script integrity (hash check)	2026-05-24T20:14:49.1742512Z [36;1m  echo "ℹ Phase 1 DoD script not present on this branch — skipping hash check"[0m
rust	Verify DoD script integrity (hash check)	2026-05-24T20:14:49.1743534Z [36;1m  exit 0[0m
rust	Verify DoD script integrity (hash check)	2026-05-24T20:14:49.1743767Z [36;1mfi[0m
rust	Verify DoD script integrity (hash check)	2026-05-24T20:14:49.1744120Z [36;1mEXPECTED=$(tr -d '[:space:]' < scripts/.dod-phase-1.sha256)[0m
rust	Verify DoD script integrity (hash check)	2026-05-24T20:14:49.1744736Z [36;1mACTUAL=$(sha256sum scripts/verify-v0.2-phase-1-dod.sh | awk '{print $1}')[0m
rust	Verify DoD script integrity (hash check)	2026-05-24T20:14:49.1745267Z [36;1mif [ "$EXPECTED" != "$ACTUAL" ]; then[0m
rust	Verify DoD script integrity (hash check)	2026-05-24T20:14:49.1745648Z [36;1m  echo "❌ DoD script hash mismatch:"[0m
rust	Verify DoD script integrity (hash check)	2026-05-24T20:14:49.1746026Z [36;1m  echo "   expected: $EXPECTED"[0m
rust	Verify DoD script integrity (hash check)	2026-05-24T20:14:49.1746390Z [36;1m  echo "   actual:   $ACTUAL"[0m
rust	Verify DoD script integrity (hash check)	2026-05-24T20:14:49.1746673Z [36;1m  echo ""[0m
rust	Verify DoD script integrity (hash check)	2026-05-24T20:14:49.1747071Z [36;1m  echo "scripts/verify-v0.2-phase-1-dod.sh was modified after directive write-time."[0m
rust	Verify DoD script integrity (hash check)	2026-05-24T20:14:49.1747551Z [36;1m  echo "The DoD script is owned by the operator, not the dev pipeline."[0m
rust	Verify DoD script integrity (hash check)	2026-05-24T20:14:49.1747991Z [36;1m  echo "Reject this branch and re-issue the directive from the canonical script."[0m
rust	Verify DoD script integrity (hash check)	2026-05-24T20:14:49.1748334Z [36;1m  exit 1[0m
rust	Verify DoD script integrity (hash check)	2026-05-24T20:14:49.1748666Z [36;1mfi[0m
rust	Verify DoD script integrity (hash check)	2026-05-24T20:14:49.1748950Z [36;1mecho "✓ DoD script integrity verified ($ACTUAL)"[0m
rust	Verify DoD script integrity (hash check)	2026-05-24T20:14:49.1808266Z shell: /usr/bin/bash -e {0}
rust	Verify DoD script integrity (hash check)	2026-05-24T20:14:49.1808493Z ##[endgroup]
rust	Verify DoD script integrity (hash check)	2026-05-24T20:14:49.1957049Z ✓ DoD script integrity verified (2a02c8e1c29dc7e29868e19835ee090cd80d03c090a5b1600cf8dee3e3505a43)
rust	Verify Phase 2 DoD script integrity (hash check)	﻿2026-05-24T20:14:49.1993642Z ##[group]Run if [ ! -f scripts/verify-v0.2-phase-2-dod.sh ] || [ ! -f scripts/.dod-phase-2.sha256 ]; then
rust	Verify Phase 2 DoD script integrity (hash check)	2026-05-24T20:14:49.1994410Z [36;1mif [ ! -f scripts/verify-v0.2-phase-2-dod.sh ] || [ ! -f scripts/.dod-phase-2.sha256 ]; then[0m
rust	Verify Phase 2 DoD script integrity (hash check)	2026-05-24T20:14:49.1994864Z [36;1m  echo "ℹ Phase 2 DoD script not present on this branch — skipping hash check"[0m
rust	Verify Phase 2 DoD script integrity (hash check)	2026-05-24T20:14:49.1995203Z [36;1m  exit 0[0m
rust	Verify Phase 2 DoD script integrity (hash check)	2026-05-24T20:14:49.1995330Z [36;1mfi[0m
rust	Verify Phase 2 DoD script integrity (hash check)	2026-05-24T20:14:49.1995599Z [36;1mEXPECTED=$(tr -d '[:space:]' < scripts/.dod-phase-2.sha256)[0m
rust	Verify Phase 2 DoD script integrity (hash check)	2026-05-24T20:14:49.1995943Z [36;1mACTUAL=$(sha256sum scripts/verify-v0.2-phase-2-dod.sh | awk '{print $1}')[0m
rust	Verify Phase 2 DoD script integrity (hash check)	2026-05-24T20:14:49.1996258Z [36;1mif [ "$EXPECTED" != "$ACTUAL" ]; then[0m
rust	Verify Phase 2 DoD script integrity (hash check)	2026-05-24T20:14:49.1996464Z [36;1m  echo "❌ Phase 2 DoD script hash mismatch:"[0m
rust	Verify Phase 2 DoD script integrity (hash check)	2026-05-24T20:14:49.1996673Z [36;1m  echo "   expected: $EXPECTED"[0m
rust	Verify Phase 2 DoD script integrity (hash check)	2026-05-24T20:14:49.1996853Z [36;1m  echo "   actual:   $ACTUAL"[0m
rust	Verify Phase 2 DoD script integrity (hash check)	2026-05-24T20:14:49.1997013Z [36;1m  echo ""[0m
rust	Verify Phase 2 DoD script integrity (hash check)	2026-05-24T20:14:49.1997294Z [36;1m  echo "scripts/verify-v0.2-phase-2-dod.sh was modified after directive write-time."[0m
rust	Verify Phase 2 DoD script integrity (hash check)	2026-05-24T20:14:49.1997658Z [36;1m  echo "The DoD script is owned by the operator, not the dev pipeline."[0m
rust	Verify Phase 2 DoD script integrity (hash check)	2026-05-24T20:14:49.1997994Z [36;1m  echo "Reject this branch and re-issue the directive from the canonical script."[0m
rust	Verify Phase 2 DoD script integrity (hash check)	2026-05-24T20:14:49.1998258Z [36;1m  exit 1[0m
rust	Verify Phase 2 DoD script integrity (hash check)	2026-05-24T20:14:49.1998376Z [36;1mfi[0m
rust	Verify Phase 2 DoD script integrity (hash check)	2026-05-24T20:14:49.1998546Z [36;1mecho "✓ Phase 2 DoD script integrity verified ($ACTUAL)"[0m
rust	Verify Phase 2 DoD script integrity (hash check)	2026-05-24T20:14:49.2056541Z shell: /usr/bin/bash -e {0}
rust	Verify Phase 2 DoD script integrity (hash check)	2026-05-24T20:14:49.2057401Z ##[endgroup]
rust	Verify Phase 2 DoD script integrity (hash check)	2026-05-24T20:14:49.2184106Z ✓ Phase 2 DoD script integrity verified (598932c7b1110d3fb4cd85d1cee78070dbcf34b0a4f90cf5060c57c8dd686f26)
rust	Verify Phase 3 DoD script integrity (hash check)	﻿2026-05-24T20:14:49.2218960Z ##[group]Run if [ ! -f scripts/verify-v0.2-phase-3-dod.sh ] || [ ! -f scripts/.dod-phase-3.sha256 ]; then
rust	Verify Phase 3 DoD script integrity (hash check)	2026-05-24T20:14:49.2219614Z [36;1mif [ ! -f scripts/verify-v0.2-phase-3-dod.sh ] || [ ! -f scripts/.dod-phase-3.sha256 ]; then[0m
rust	Verify Phase 3 DoD script integrity (hash check)	2026-05-24T20:14:49.2220100Z [36;1m  echo "ℹ Phase 3 DoD script not present on this branch — skipping hash check"[0m
rust	Verify Phase 3 DoD script integrity (hash check)	2026-05-24T20:14:49.2220418Z [36;1m  exit 0[0m
rust	Verify Phase 3 DoD script integrity (hash check)	2026-05-24T20:14:49.2220673Z [36;1mfi[0m
rust	Verify Phase 3 DoD script integrity (hash check)	2026-05-24T20:14:49.2221355Z [36;1mEXPECTED=$(tr -d '[:space:]' < scripts/.dod-phase-3.sha256)[0m
rust	Verify Phase 3 DoD script integrity (hash check)	2026-05-24T20:14:49.2221752Z [36;1mACTUAL=$(sha256sum scripts/verify-v0.2-phase-3-dod.sh | awk '{print $1}')[0m
rust	Verify Phase 3 DoD script integrity (hash check)	2026-05-24T20:14:49.2222085Z [36;1mif [ "$EXPECTED" != "$ACTUAL" ]; then[0m
rust	Verify Phase 3 DoD script integrity (hash check)	2026-05-24T20:14:49.2222327Z [36;1m  echo "❌ Phase 3 DoD script hash mismatch:"[0m
rust	Verify Phase 3 DoD script integrity (hash check)	2026-05-24T20:14:49.2222821Z [36;1m  echo "   expected: $EXPECTED"[0m
rust	Verify Phase 3 DoD script integrity (hash check)	2026-05-24T20:14:49.2223024Z [36;1m  echo "   actual:   $ACTUAL"[0m
rust	Verify Phase 3 DoD script integrity (hash check)	2026-05-24T20:14:49.2223204Z [36;1m  echo ""[0m
rust	Verify Phase 3 DoD script integrity (hash check)	2026-05-24T20:14:49.2223520Z [36;1m  echo "scripts/verify-v0.2-phase-3-dod.sh was modified after directive write-time."[0m
rust	Verify Phase 3 DoD script integrity (hash check)	2026-05-24T20:14:49.2223947Z [36;1m  echo "The DoD script is owned by the operator, not the dev pipeline."[0m
rust	Verify Phase 3 DoD script integrity (hash check)	2026-05-24T20:14:49.2224345Z [36;1m  echo "Reject this branch and re-issue the directive from the canonical script."[0m
rust	Verify Phase 3 DoD script integrity (hash check)	2026-05-24T20:14:49.2224647Z [36;1m  exit 1[0m
rust	Verify Phase 3 DoD script integrity (hash check)	2026-05-24T20:14:49.2224781Z [36;1mfi[0m
rust	Verify Phase 3 DoD script integrity (hash check)	2026-05-24T20:14:49.2224974Z [36;1mecho "✓ Phase 3 DoD script integrity verified ($ACTUAL)"[0m
rust	Verify Phase 3 DoD script integrity (hash check)	2026-05-24T20:14:49.2280202Z shell: /usr/bin/bash -e {0}
rust	Verify Phase 3 DoD script integrity (hash check)	2026-05-24T20:14:49.2280415Z ##[endgroup]
rust	Verify Phase 3 DoD script integrity (hash check)	2026-05-24T20:14:49.2412494Z ✓ Phase 3 DoD script integrity verified (9e7d61af7d9b722cf4caff1d9cdcd6aa3e7be15bfd7c2f6846a09cfef8e51aaf)
rust	Install dependencies	﻿2026-05-24T20:14:49.2441908Z ##[group]Run sudo apt-get update && sudo apt-get install -y libwebkit2gtk-4.1-dev build-essential curl wget file libssl-dev libgtk-3-dev libayatana-appindicator3-dev librsvg2-dev
rust	Install dependencies	2026-05-24T20:14:49.2443129Z [36;1msudo apt-get update && sudo apt-get install -y libwebkit2gtk-4.1-dev build-essential curl wget file libssl-dev libgtk-3-dev libayatana-appindicator3-dev librsvg2-dev[0m
rust	Install dependencies	2026-05-24T20:14:49.2505561Z shell: /usr/bin/bash -e {0}
rust	Install dependencies	2026-05-24T20:14:49.2505877Z ##[endgroup]
rust	Install dependencies	2026-05-24T20:14:49.6770454Z Hit:1 https://download.docker.com/linux/ubuntu noble InRelease
rust	Install dependencies	2026-05-24T20:14:49.7327107Z Hit:2 https://deb.nodesource.com/node_20.x nodistro InRelease
rust	Install dependencies	2026-05-24T20:14:49.7384017Z Hit:3 http://security.ubuntu.com/ubuntu noble-security InRelease
rust	Install dependencies	2026-05-24T20:14:49.7735126Z Hit:4 https://apt.postgresql.org/pub/repos/apt noble-pgdg InRelease
rust	Install dependencies	2026-05-24T20:14:49.8158553Z Hit:5 http://archive.ubuntu.com/ubuntu noble InRelease
rust	Install dependencies	2026-05-24T20:14:49.9601546Z Hit:6 http://archive.ubuntu.com/ubuntu noble-updates InRelease
rust	Install dependencies	2026-05-24T20:14:50.0970447Z Hit:7 http://archive.ubuntu.com/ubuntu noble-backports InRelease
rust	Install dependencies	2026-05-24T20:14:51.5360737Z Reading package lists...
rust	Install dependencies	2026-05-24T20:14:51.5925537Z Reading package lists...
rust	Install dependencies	2026-05-24T20:14:51.8657695Z Building dependency tree...
rust	Install dependencies	2026-05-24T20:14:51.8667598Z Reading state information...
rust	Install dependencies	2026-05-24T20:14:52.2992209Z libwebkit2gtk-4.1-dev is already the newest version (2.52.3-0ubuntu0.24.04.1).
rust	Install dependencies	2026-05-24T20:14:52.2992702Z build-essential is already the newest version (12.10ubuntu1).
rust	Install dependencies	2026-05-24T20:14:52.2993024Z curl is already the newest version (8.5.0-2ubuntu10.9).
rust	Install dependencies	2026-05-24T20:14:52.2993313Z wget is already the newest version (1.21.4-1ubuntu4.1).
rust	Install dependencies	2026-05-24T20:14:52.2993587Z file is already the newest version (1:5.45-3build1).
rust	Install dependencies	2026-05-24T20:14:52.2993890Z libssl-dev is already the newest version (3.0.13-0ubuntu3.9).
rust	Install dependencies	2026-05-24T20:14:52.2994224Z libgtk-3-dev is already the newest version (3.24.41-4ubuntu1.3).
rust	Install dependencies	2026-05-24T20:14:52.2994609Z libayatana-appindicator3-dev is already the newest version (0.5.93-1build3).
rust	Install dependencies	2026-05-24T20:14:52.2995174Z librsvg2-dev is already the newest version (2.58.0+dfsg-1build1).
rust	Install dependencies	2026-05-24T20:14:52.2995604Z The following packages were automatically installed and are no longer required:
rust	Install dependencies	2026-05-24T20:14:52.2996018Z   gyp handlebars libcares2 libjs-async libjs-events libjs-inherits
rust	Install dependencies	2026-05-24T20:14:52.2996403Z   libjs-is-typedarray libjs-prettify libjs-regenerate libjs-source-map
rust	Install dependencies	2026-05-24T20:14:52.2997064Z   libjs-sprintf-js libjs-typedarray-to-buffer libnotify-bin libnotify4
rust	Install dependencies	2026-05-24T20:14:52.3005854Z   libre2-10 libuv1-dev libuv1t64 node-abbrev node-ampproject-remapping
rust	Install dependencies	2026-05-24T20:14:52.3006480Z   node-ansi-escapes node-ansi-regex node-ansi-styles node-aproba
rust	Install dependencies	2026-05-24T20:14:52.3006989Z   node-are-we-there-yet node-argparse node-arrify node-async node-async-each
rust	Install dependencies	2026-05-24T20:14:52.3018997Z   node-auto-bind node-babel-plugin-add-module-exports node-babel7-runtime
rust	Install dependencies	2026-05-24T20:14:52.3019539Z   node-balanced-match node-base64-js node-binary-extensions
rust	Install dependencies	2026-05-24T20:14:52.3020333Z   node-brace-expansion node-busboy node-camelcase node-caniuse-lite
rust	Install dependencies	2026-05-24T20:14:52.3021013Z   node-chownr node-chrome-trace-event node-ci-info node-cjs-module-lexer
rust	Install dependencies	2026-05-24T20:14:52.3021357Z   node-cli-boxes node-cli-cursor node-clone node-clone-deep
rust	Install dependencies	2026-05-24T20:14:52.3021669Z   node-collection-visit node-color-convert node-color-name node-colors
rust	Install dependencies	2026-05-24T20:14:52.3021969Z   node-commander node-commondir node-concat-stream
rust	Install dependencies	2026-05-24T20:14:52.3022256Z   node-console-control-strings node-convert-source-map node-core-js
rust	Install dependencies	2026-05-24T20:14:52.3022576Z   node-core-js-pure node-core-util-is node-data-uri-to-buffer
rust	Install dependencies	2026-05-24T20:14:52.3022916Z   node-decompress-response node-deep-is node-defaults node-define-property
rust	Install dependencies	2026-05-24T20:14:52.3023296Z   node-delegates node-depd node-diff node-electron-to-chromium node-encoding
rust	Install dependencies	2026-05-24T20:14:52.3023648Z   node-end-of-stream node-err-code node-error-ex node-es-module-lexer
rust	Install dependencies	2026-05-24T20:14:52.3023981Z   node-escape-string-regexp node-eslint-utils node-eslint-visitor-keys
rust	Install dependencies	2026-05-24T20:14:52.3024645Z   node-esquery node-estraverse node-esutils node-events node-fancy-log
rust	Install dependencies	2026-05-24T20:14:52.3024971Z   node-fast-deep-equal node-fast-levenshtein node-fetch node-find-up
rust	Install dependencies	2026-05-24T20:14:52.3025280Z   node-flatted node-for-in node-for-own node-foreground-child
rust	Install dependencies	2026-05-24T20:14:52.3025624Z   node-fs-readdir-recursive node-fs-write-stream-atomic node-fs.realpath
rust	Install dependencies	2026-05-24T20:14:52.3025980Z   node-function-bind node-functional-red-black-tree node-get-caller-file
rust	Install dependencies	2026-05-24T20:14:52.3026323Z   node-get-stream node-get-value node-glob node-globals node-got
rust	Install dependencies	2026-05-24T20:14:52.3026654Z   node-graceful-fs node-growl node-has-flag node-has-unicode node-has-value
rust	Install dependencies	2026-05-24T20:14:52.3027022Z   node-has-values node-hosted-git-info node-iconv-lite node-ieee754 node-iferr
rust	Install dependencies	2026-05-24T20:14:52.3027384Z   node-imurmurhash node-indent-string node-inflight node-inherits node-ini
rust	Install dependencies	2026-05-24T20:14:52.3027758Z   node-interpret node-ip node-ip-regex node-is-arrayish node-is-binary-path
rust	Install dependencies	2026-05-24T20:14:52.3028118Z   node-is-buffer node-is-descriptor node-is-extendable node-is-extglob
rust	Install dependencies	2026-05-24T20:14:52.3028459Z   node-is-path-cwd node-is-plain-obj node-is-plain-object node-is-stream
rust	Install dependencies	2026-05-24T20:14:52.3028810Z   node-is-typedarray node-is-windows node-isarray node-isexe node-isobject
rust	Install dependencies	2026-05-24T20:14:52.3029155Z   node-js-tokens node-jsesc node-json-buffer node-json-parse-better-errors
rust	Install dependencies	2026-05-24T20:14:52.3029505Z   node-json-schema node-json-schema-traverse node-json-stable-stringify
rust	Install dependencies	2026-05-24T20:14:52.3029839Z   node-jsonify node-jsonparse node-kind-of node-levn node-loader-runner
rust	Install dependencies	2026-05-24T20:14:52.3030184Z   node-locate-path node-lodash-packages node-log-driver node-lowercase-keys
rust	Install dependencies	2026-05-24T20:14:52.3030513Z   node-lru-cache node-map-visit node-memfs node-merge-stream
rust	Install dependencies	2026-05-24T20:14:52.3030804Z   node-mimic-response node-minimatch node-minimist node-minipass
rust	Install dependencies	2026-05-24T20:14:52.3031129Z   node-mixin-deep node-mute-stream node-n3 node-negotiator node-neo-async
rust	Install dependencies	2026-05-24T20:14:52.3031466Z   node-npm-run-path node-object-inspect node-object-visit node-once
rust	Install dependencies	2026-05-24T20:14:52.3031806Z   node-optimist node-optionator node-osenv node-p-cancelable node-p-limit
rust	Install dependencies	2026-05-24T20:14:52.3032165Z   node-p-locate node-p-map node-pascalcase node-path-dirname node-path-exists
rust	Install dependencies	2026-05-24T20:14:52.3032523Z   node-path-is-absolute node-path-is-inside node-path-type node-pify
rust	Install dependencies	2026-05-24T20:14:52.3032831Z   node-pkg-dir node-postcss-value-parser node-prelude-ls
rust	Install dependencies	2026-05-24T20:14:52.3033124Z   node-process-nextick-args node-promise-inflight node-promise-retry
rust	Install dependencies	2026-05-24T20:14:52.3033443Z   node-promzard node-prr node-pump node-punycode node-quick-lru
rust	Install dependencies	2026-05-24T20:14:52.3033775Z   node-randombytes node-read node-readable-stream node-rechoir node-regenerate
rust	Install dependencies	2026-05-24T20:14:52.3034116Z   node-regenerate-unicode-properties node-regenerator-runtime
rust	Install dependencies	2026-05-24T20:14:52.3034442Z   node-regenerator-transform node-regexpp node-regjsgen node-repeat-string
rust	Install dependencies	2026-05-24T20:14:52.3034780Z   node-require-directory node-require-from-string node-resolve
rust	Install dependencies	2026-05-24T20:14:52.3035300Z   node-resolve-cwd node-resolve-from node-restore-cursor node-resumer
rust	Install dependencies	2026-05-24T20:14:52.3035616Z   node-retry node-run-queue node-safe-buffer node-sellside-emitter
rust	Install dependencies	2026-05-24T20:14:52.3035939Z   node-serialize-javascript node-set-blocking node-set-immediate-shim
rust	Install dependencies	2026-05-24T20:14:52.3036284Z   node-shebang-command node-shebang-regex node-shell-quote node-signal-exit
rust	Install dependencies	2026-05-24T20:14:52.3036624Z   node-slash node-slice-ansi node-source-list-map node-source-map
rust	Install dependencies	2026-05-24T20:14:52.3037101Z   node-source-map-support node-spdx-correct node-spdx-exceptions
rust	Install dependencies	2026-05-24T20:14:52.3037443Z   node-spdx-expression-parse node-spdx-license-ids node-sprintf-js node-ssri
rust	Install dependencies	2026-05-24T20:14:52.3037827Z   node-stack-utils node-string-decoder node-strip-bom node-strip-json-comments
rust	Install dependencies	2026-05-24T20:14:52.3038209Z   node-supports-color node-tapable node-terser node-text-table node-through
rust	Install dependencies	2026-05-24T20:14:52.3038873Z   node-time-stamp node-to-fast-properties node-tslib node-type-check
rust	Install dependencies	2026-05-24T20:14:52.3039850Z   node-typedarray node-typedarray-to-buffer node-undici
rust	Install dependencies	2026-05-24T20:14:52.3040232Z   node-unicode-canonical-property-names-ecmascript
rust	Install dependencies	2026-05-24T20:14:52.3040579Z   node-unicode-match-property-value-ecmascript
rust	Install dependencies	2026-05-24T20:14:52.3040948Z   node-unicode-property-aliases-ecmascript node-unique-filename
rust	Install dependencies	2026-05-24T20:14:52.3041400Z   node-unset-value node-uri-js node-util-deprecate node-uuid node-v8flags
rust	Install dependencies	2026-05-24T20:14:52.3041882Z   node-validate-npm-package-license node-wcwidth.js node-webpack-sources
rust	Install dependencies	2026-05-24T20:14:52.3042538Z   node-wordwrap node-wrappy node-write-file-atomic node-xtend node-y18n
rust	Install dependencies	2026-05-24T20:14:52.3042924Z   node-yallist node-yaml
rust	Install dependencies	2026-05-24T20:14:52.3043138Z Use 'sudo apt autoremove' to remove them.
rust	Install dependencies	2026-05-24T20:14:52.3514612Z 0 upgraded, 0 newly installed, 0 to remove and 48 not upgraded.
rust	Setup Rust	﻿2026-05-24T20:14:52.3667340Z ##[group]Run dtolnay/rust-toolchain@master
rust	Setup Rust	2026-05-24T20:14:52.3667577Z with:
rust	Setup Rust	2026-05-24T20:14:52.3667719Z   toolchain: 1.94.0
rust	Setup Rust	2026-05-24T20:14:52.3667862Z   components: rustfmt, clippy
rust	Setup Rust	2026-05-24T20:14:52.3668019Z ##[endgroup]
rust	Setup Rust	2026-05-24T20:14:52.3765647Z ##[group]Run : parse toolchain version
rust	Setup Rust	2026-05-24T20:14:52.3765899Z [36;1m: parse toolchain version[0m
rust	Setup Rust	2026-05-24T20:14:52.3766072Z [36;1mif [[ -z $toolchain ]]; then[0m
rust	Setup Rust	2026-05-24T20:14:52.3766420Z [36;1m  # GitHub does not enforce `required: true` inputs itself. https://github.com/actions/runner/issues/1070[0m
rust	Setup Rust	2026-05-24T20:14:52.3766792Z [36;1m  echo "'toolchain' is a required input" >&2[0m
rust	Setup Rust	2026-05-24T20:14:52.3766976Z [36;1m  exit 1[0m
rust	Setup Rust	2026-05-24T20:14:52.3767190Z [36;1melif [[ $toolchain =~ ^stable' '[0-9]+' '(year|month|week|day)s?' 'ago$ ]]; then[0m
rust	Setup Rust	2026-05-24T20:14:52.3767530Z [36;1m  if [[ Linux == macOS ]]; then[0m
rust	Setup Rust	2026-05-24T20:14:52.3767891Z [36;1m    echo "toolchain=1.$((($(date -v-$(sed 's/stable \([0-9]*\) \(.\).*/\1\2/' <<< $toolchain) +%s)/60/60/24-16569)/7/6))" >> $GITHUB_OUTPUT[0m
rust	Setup Rust	2026-05-24T20:14:52.3768278Z [36;1m  else[0m
rust	Setup Rust	2026-05-24T20:14:52.3768549Z [36;1m    echo "toolchain=1.$((($(date --date "${toolchain#stable }" +%s)/60/60/24-16569)/7/6))" >> $GITHUB_OUTPUT[0m
rust	Setup Rust	2026-05-24T20:14:52.3768846Z [36;1m  fi[0m
rust	Setup Rust	2026-05-24T20:14:52.3769031Z [36;1melif [[ $toolchain =~ ^stable' 'minus' '[0-9]+' 'releases?$ ]]; then[0m
rust	Setup Rust	2026-05-24T20:14:52.3769389Z [36;1m  echo "toolchain=1.$((($(date +%s)/60/60/24-16569)/7/6-${toolchain//[^0-9]/}))" >> $GITHUB_OUTPUT[0m
rust	Setup Rust	2026-05-24T20:14:52.3769689Z [36;1melif [[ $toolchain =~ ^1\.[0-9]+$ ]]; then[0m
rust	Setup Rust	2026-05-24T20:14:52.3770037Z [36;1m  echo "toolchain=1.$((i=${toolchain#1.}, c=($(date +%s)/60/60/24-16569)/7/6, i+9*i*(10*i<=c)+90*i*(100*i<=c)))" >> $GITHUB_OUTPUT[0m
rust	Setup Rust	2026-05-24T20:14:52.3770357Z [36;1melse[0m
rust	Setup Rust	2026-05-24T20:14:52.3770508Z [36;1m  echo "toolchain=$toolchain" >> $GITHUB_OUTPUT[0m
rust	Setup Rust	2026-05-24T20:14:52.3770696Z [36;1mfi[0m
rust	Setup Rust	2026-05-24T20:14:52.3829907Z shell: /usr/bin/bash --noprofile --norc -e -o pipefail {0}
rust	Setup Rust	2026-05-24T20:14:52.3830316Z env:
rust	Setup Rust	2026-05-24T20:14:52.3830774Z   toolchain: 1.94.0
rust	Setup Rust	2026-05-24T20:14:52.3830966Z ##[endgroup]
rust	Setup Rust	2026-05-24T20:14:52.3978662Z ##[group]Run : construct rustup command line
rust	Setup Rust	2026-05-24T20:14:52.3978917Z [36;1m: construct rustup command line[0m
rust	Setup Rust	2026-05-24T20:14:52.3979215Z [36;1mecho "targets=$(for t in ${targets//,/ }; do echo -n ' --target' $t; done)" >> $GITHUB_OUTPUT[0m
rust	Setup Rust	2026-05-24T20:14:52.3979635Z [36;1mecho "components=$(for c in ${components//,/ }; do echo -n ' --component' $c; done)" >> $GITHUB_OUTPUT[0m
rust	Setup Rust	2026-05-24T20:14:52.3979951Z [36;1mecho "downgrade=" >> $GITHUB_OUTPUT[0m
rust	Setup Rust	2026-05-24T20:14:52.4048376Z shell: /usr/bin/bash --noprofile --norc -e -o pipefail {0}
rust	Setup Rust	2026-05-24T20:14:52.4048662Z env:
rust	Setup Rust	2026-05-24T20:14:52.4048801Z   targets: 
rust	Setup Rust	2026-05-24T20:14:52.4048949Z   components: rustfmt, clippy
rust	Setup Rust	2026-05-24T20:14:52.4049131Z ##[endgroup]
rust	Setup Rust	2026-05-24T20:14:52.4274833Z ##[group]Run : set $CARGO_HOME
rust	Setup Rust	2026-05-24T20:14:52.4275080Z [36;1m: set $CARGO_HOME[0m
rust	Setup Rust	2026-05-24T20:14:52.4275340Z [36;1mecho CARGO_HOME=${CARGO_HOME:-"$HOME/.cargo"} >> $GITHUB_ENV[0m
rust	Setup Rust	2026-05-24T20:14:52.4363704Z shell: /usr/bin/bash --noprofile --norc -e -o pipefail {0}
rust	Setup Rust	2026-05-24T20:14:52.4364022Z ##[endgroup]
rust	Setup Rust	2026-05-24T20:14:52.4544082Z ##[group]Run : install rustup if needed
rust	Setup Rust	2026-05-24T20:14:52.4544563Z [36;1m: install rustup if needed[0m
rust	Setup Rust	2026-05-24T20:14:52.4544807Z [36;1mif ! command -v rustup &>/dev/null; then[0m
rust	Setup Rust	2026-05-24T20:14:52.4545850Z [36;1m  curl --proto '=https' --tlsv1.2 --retry 10 --retry-connrefused --location --silent --show-error --fail https://sh.rustup.rs | sh -s -- --default-toolchain none -y[0m
rust	Setup Rust	2026-05-24T20:14:52.4546500Z [36;1m  echo "$CARGO_HOME/bin" >> $GITHUB_PATH[0m
rust	Setup Rust	2026-05-24T20:14:52.4546724Z [36;1mfi[0m
rust	Setup Rust	2026-05-24T20:14:52.4641538Z shell: /usr/bin/bash --noprofile --norc -e -o pipefail {0}
rust	Setup Rust	2026-05-24T20:14:52.4642075Z env:
rust	Setup Rust	2026-05-24T20:14:52.4642244Z   CARGO_HOME: /.cargo
rust	Setup Rust	2026-05-24T20:14:52.4642424Z ##[endgroup]
rust	Setup Rust	2026-05-24T20:14:53.0776199Z info: downloading installer
rust	Setup Rust	2026-05-24T20:14:53.7741960Z warn: It looks like you have an existing rustup settings file at:
rust	Setup Rust	2026-05-24T20:14:53.7742419Z warn: /root/.rustup/settings.toml
rust	Setup Rust	2026-05-24T20:14:53.7742799Z warn: Rustup will install the default toolchain as specified in the settings file,
rust	Setup Rust	2026-05-24T20:14:53.7743257Z warn: instead of the one inferred from the default host triple.
rust	Setup Rust	2026-05-24T20:14:54.4578164Z info: profile set to default
rust	Setup Rust	2026-05-24T20:14:54.4578527Z 
rust	Setup Rust	2026-05-24T20:14:54.4578736Z info: default host triple is x86_64-unknown-linux-gnu
rust	Setup Rust	2026-05-24T20:14:54.4579168Z info: skipping toolchain installation
rust	Setup Rust	2026-05-24T20:14:54.4579412Z 
rust	Setup Rust	2026-05-24T20:14:54.4579625Z Rust is installed now. Great!
rust	Setup Rust	2026-05-24T20:14:54.4579790Z 
rust	Setup Rust	2026-05-24T20:14:54.4579916Z To get started you may need to restart your current shell.
rust	Setup Rust	2026-05-24T20:14:54.4580692Z This would reload your PATH environment variable to include
rust	Setup Rust	2026-05-24T20:14:54.4581408Z Cargo's bin directory (/.cargo/bin).
rust	Setup Rust	2026-05-24T20:14:54.4581686Z 
rust	Setup Rust	2026-05-24T20:14:54.4581864Z To configure your current shell, you need to source
rust	Setup Rust	2026-05-24T20:14:54.4582239Z the corresponding env file under /.cargo.
rust	Setup Rust	2026-05-24T20:14:54.4582407Z 
rust	Setup Rust	2026-05-24T20:14:54.4582570Z This is usually done by running one of the following (note the leading DOT):
rust	Setup Rust	2026-05-24T20:14:54.4582953Z . "/.cargo/env"            # For sh/bash/zsh/ash/dash/pdksh
rust	Setup Rust	2026-05-24T20:14:54.4583292Z source "/.cargo/env.fish"  # For fish
rust	Setup Rust	2026-05-24T20:14:54.4583542Z source "/.cargo/env.nu"  # For nushell
rust	Setup Rust	2026-05-24T20:14:54.4583761Z source "/.cargo/env.tcsh"  # For tcsh
rust	Setup Rust	2026-05-24T20:14:54.4583976Z . "/.cargo/env.ps1"        # For pwsh
rust	Setup Rust	2026-05-24T20:14:54.4584190Z source "/.cargo/env.xsh"   # For xonsh
rust	Setup Rust	2026-05-24T20:14:54.4738228Z ##[group]Run rustup toolchain install 1.94.0 --component rustfmt --component clippy --profile minimal --no-self-update
rust	Setup Rust	2026-05-24T20:14:54.4738778Z [36;1mrustup toolchain install 1.94.0 --component rustfmt --component clippy --profile minimal --no-self-update[0m
rust	Setup Rust	2026-05-24T20:14:54.4805325Z shell: /usr/bin/bash --noprofile --norc -e -o pipefail {0}
rust	Setup Rust	2026-05-24T20:14:54.4806015Z env:
rust	Setup Rust	2026-05-24T20:14:54.4806450Z   CARGO_HOME: /.cargo
rust	Setup Rust	2026-05-24T20:14:54.4806684Z   RUSTUP_PERMIT_COPY_RENAME: 1
rust	Setup Rust	2026-05-24T20:14:54.4806847Z ##[endgroup]
rust	Setup Rust	2026-05-24T20:14:54.5493400Z info: syncing channel updates for 1.94.0-x86_64-unknown-linux-gnu
rust	Setup Rust	2026-05-24T20:14:54.8803954Z info: latest update on 2026-03-05 for version 1.94.0 (4a4ef493e 2026-03-02)
rust	Setup Rust	2026-05-24T20:14:54.8931355Z info: component clippy is up to date
rust	Setup Rust	2026-05-24T20:14:54.8931733Z info: component rustfmt is up to date
rust	Setup Rust	2026-05-24T20:14:54.8939320Z 
rust	Setup Rust	2026-05-24T20:14:54.9068020Z   1.94.0-x86_64-unknown-linux-gnu unchanged - rustc 1.94.0 (4a4ef493e 2026-03-02)
rust	Setup Rust	2026-05-24T20:14:54.9068320Z 
rust	Setup Rust	2026-05-24T20:14:54.9162126Z ##[group]Run rustup default 1.94.0
rust	Setup Rust	2026-05-24T20:14:54.9162353Z [36;1mrustup default 1.94.0[0m
rust	Setup Rust	2026-05-24T20:14:54.9221481Z shell: /usr/bin/bash --noprofile --norc -e -o pipefail {0}
rust	Setup Rust	2026-05-24T20:14:54.9221811Z env:
rust	Setup Rust	2026-05-24T20:14:54.9221957Z   CARGO_HOME: /.cargo
rust	Setup Rust	2026-05-24T20:14:54.9222116Z ##[endgroup]
rust	Setup Rust	2026-05-24T20:14:54.9427261Z info: using existing install for 1.94.0-x86_64-unknown-linux-gnu
rust	Setup Rust	2026-05-24T20:14:54.9453306Z info: default toolchain set to 1.94.0-x86_64-unknown-linux-gnu
rust	Setup Rust	2026-05-24T20:14:54.9453721Z 
rust	Setup Rust	2026-05-24T20:14:54.9589574Z info: note that the toolchain '1.94.0-x86_64-unknown-linux-gnu' is currently in use (overridden by '/root/actions-runner-civicnewspaper/_work/CivicNewspaper/CivicNewspaper/rust-toolchain.toml')
rust	Setup Rust	2026-05-24T20:14:54.9590656Z   1.94.0-x86_64-unknown-linux-gnu unchanged - rustc 1.94.0 (4a4ef493e 2026-03-02)
rust	Setup Rust	2026-05-24T20:14:54.9590988Z 
rust	Setup Rust	2026-05-24T20:14:54.9642661Z ##[group]Run : create cachekey
rust	Setup Rust	2026-05-24T20:14:54.9642945Z [36;1m: create cachekey[0m
rust	Setup Rust	2026-05-24T20:14:54.9643474Z [36;1mDATE=$(rustc +1.94.0 --version --verbose | sed -ne 's/^commit-date: \(20[0-9][0-9]\)-\([01][0-9]\)-\([0-3][0-9]\)$/\1\2\3/p')[0m
rust	Setup Rust	2026-05-24T20:14:54.9644138Z [36;1mHASH=$(rustc +1.94.0 --version --verbose | sed -ne 's/^commit-hash: //p')[0m
rust	Setup Rust	2026-05-24T20:14:54.9644947Z [36;1mecho "cachekey=$(echo $DATE$HASH | head -c12)" >> $GITHUB_OUTPUT[0m
rust	Setup Rust	2026-05-24T20:14:54.9717667Z shell: /usr/bin/bash --noprofile --norc -e -o pipefail {0}
rust	Setup Rust	2026-05-24T20:14:54.9718755Z env:
rust	Setup Rust	2026-05-24T20:14:54.9718952Z   CARGO_HOME: /.cargo
rust	Setup Rust	2026-05-24T20:14:54.9719129Z ##[endgroup]
rust	Setup Rust	2026-05-24T20:14:55.0325728Z ##[group]Run : disable incremental compilation
rust	Setup Rust	2026-05-24T20:14:55.0326020Z [36;1m: disable incremental compilation[0m
rust	Setup Rust	2026-05-24T20:14:55.0326261Z [36;1mif [ -z "${CARGO_INCREMENTAL+set}" ]; then[0m
rust	Setup Rust	2026-05-24T20:14:55.0326502Z [36;1m  echo CARGO_INCREMENTAL=0 >> $GITHUB_ENV[0m
rust	Setup Rust	2026-05-24T20:14:55.0326714Z [36;1mfi[0m
rust	Setup Rust	2026-05-24T20:14:55.0387042Z shell: /usr/bin/bash --noprofile --norc -e -o pipefail {0}
rust	Setup Rust	2026-05-24T20:14:55.0387365Z env:
rust	Setup Rust	2026-05-24T20:14:55.0387524Z   CARGO_HOME: /.cargo
rust	Setup Rust	2026-05-24T20:14:55.0387702Z ##[endgroup]
rust	Setup Rust	2026-05-24T20:14:55.0506992Z ##[group]Run : enable colors in Cargo output
rust	Setup Rust	2026-05-24T20:14:55.0507327Z [36;1m: enable colors in Cargo output[0m
rust	Setup Rust	2026-05-24T20:14:55.0507605Z [36;1mif [ -z "${CARGO_TERM_COLOR+set}" ]; then[0m
rust	Setup Rust	2026-05-24T20:14:55.0507919Z [36;1m  echo CARGO_TERM_COLOR=always >> $GITHUB_ENV[0m
rust	Setup Rust	2026-05-24T20:14:55.0508186Z [36;1mfi[0m
rust	Setup Rust	2026-05-24T20:14:55.0567240Z shell: /usr/bin/bash --noprofile --norc -e -o pipefail {0}
rust	Setup Rust	2026-05-24T20:14:55.0567547Z env:
rust	Setup Rust	2026-05-24T20:14:55.0567707Z   CARGO_HOME: /.cargo
rust	Setup Rust	2026-05-24T20:14:55.0567890Z   CARGO_INCREMENTAL: 0
rust	Setup Rust	2026-05-24T20:14:55.0568052Z ##[endgroup]
rust	Setup Rust	2026-05-24T20:14:55.0683293Z ##[group]Run : enable Cargo sparse registry
rust	Setup Rust	2026-05-24T20:14:55.0683539Z [36;1m: enable Cargo sparse registry[0m
rust	Setup Rust	2026-05-24T20:14:55.0683795Z [36;1m# implemented in 1.66, stabilized in 1.68, made default in 1.70[0m
rust	Setup Rust	2026-05-24T20:14:55.0684360Z [36;1mif [ -z "${CARGO_REGISTRIES_CRATES_IO_PROTOCOL+set}" -o -f "/root/actions-runner-civicnewspaper/_work/_temp"/.implicit_cargo_registries_crates_io_protocol ]; then[0m
rust	Setup Rust	2026-05-24T20:14:55.0684940Z [36;1m  if rustc +1.94.0 --version --verbose | grep -q '^release: 1\.6[89]\.'; then[0m
rust	Setup Rust	2026-05-24T20:14:55.0685616Z [36;1m    touch "/root/actions-runner-civicnewspaper/_work/_temp"/.implicit_cargo_registries_crates_io_protocol || true[0m
rust	Setup Rust	2026-05-24T20:14:55.0686046Z [36;1m    echo CARGO_REGISTRIES_CRATES_IO_PROTOCOL=sparse >> $GITHUB_ENV[0m
rust	Setup Rust	2026-05-24T20:14:55.0686377Z [36;1m  elif rustc +1.94.0 --version --verbose | grep -q '^release: 1\.6[67]\.'; then[0m
rust	Setup Rust	2026-05-24T20:14:55.0687023Z [36;1m    touch "/root/actions-runner-civicnewspaper/_work/_temp"/.implicit_cargo_registries_crates_io_protocol || true[0m
rust	Setup Rust	2026-05-24T20:14:55.0687497Z [36;1m    echo CARGO_REGISTRIES_CRATES_IO_PROTOCOL=git >> $GITHUB_ENV[0m
rust	Setup Rust	2026-05-24T20:14:55.0687743Z [36;1m  fi[0m
rust	Setup Rust	2026-05-24T20:14:55.0687865Z [36;1mfi[0m
rust	Setup Rust	2026-05-24T20:14:55.0746477Z shell: /usr/bin/bash --noprofile --norc -e -o pipefail {0}
rust	Setup Rust	2026-05-24T20:14:55.0746814Z env:
rust	Setup Rust	2026-05-24T20:14:55.0747007Z   CARGO_HOME: /.cargo
rust	Setup Rust	2026-05-24T20:14:55.0747200Z   CARGO_INCREMENTAL: 0
rust	Setup Rust	2026-05-24T20:14:55.0747405Z   CARGO_TERM_COLOR: always
rust	Setup Rust	2026-05-24T20:14:55.0747604Z ##[endgroup]
rust	Setup Rust	2026-05-24T20:14:55.1318563Z ##[group]Run : work around spurious network errors in curl 8.0
rust	Setup Rust	2026-05-24T20:14:55.1318883Z [36;1m: work around spurious network errors in curl 8.0[0m
rust	Setup Rust	2026-05-24T20:14:55.1319300Z [36;1m# https://rust-lang.zulipchat.com/#narrow/stream/246057-t-cargo/topic/timeout.20investigation[0m
rust	Setup Rust	2026-05-24T20:14:55.1319764Z [36;1mif rustc +1.94.0 --version --verbose | grep -q '^release: 1\.7[01]\.'; then[0m
rust	Setup Rust	2026-05-24T20:14:55.1320106Z [36;1m  echo CARGO_HTTP_MULTIPLEXING=false >> $GITHUB_ENV[0m
rust	Setup Rust	2026-05-24T20:14:55.1320340Z [36;1mfi[0m
rust	Setup Rust	2026-05-24T20:14:55.1390282Z shell: /usr/bin/bash --noprofile --norc -e -o pipefail {0}
rust	Setup Rust	2026-05-24T20:14:55.1390605Z env:
rust	Setup Rust	2026-05-24T20:14:55.1390772Z   CARGO_HOME: /.cargo
rust	Setup Rust	2026-05-24T20:14:55.1390939Z   CARGO_INCREMENTAL: 0
rust	Setup Rust	2026-05-24T20:14:55.1391109Z   CARGO_TERM_COLOR: always
rust	Setup Rust	2026-05-24T20:14:55.1391278Z ##[endgroup]
rust	Setup Rust	2026-05-24T20:14:55.1743103Z ##[group]Run rustc +1.94.0 --version --verbose
rust	Setup Rust	2026-05-24T20:14:55.1743363Z [36;1mrustc +1.94.0 --version --verbose[0m
rust	Setup Rust	2026-05-24T20:14:55.1803848Z shell: /usr/bin/bash --noprofile --norc -e -o pipefail {0}
rust	Setup Rust	2026-05-24T20:14:55.1804228Z env:
rust	Setup Rust	2026-05-24T20:14:55.1804424Z   CARGO_HOME: /.cargo
rust	Setup Rust	2026-05-24T20:14:55.1804633Z   CARGO_INCREMENTAL: 0
rust	Setup Rust	2026-05-24T20:14:55.1804862Z   CARGO_TERM_COLOR: always
rust	Setup Rust	2026-05-24T20:14:55.1805083Z ##[endgroup]
rust	Setup Rust	2026-05-24T20:14:55.2098141Z rustc 1.94.0 (4a4ef493e 2026-03-02)
rust	Setup Rust	2026-05-24T20:14:55.2098535Z binary: rustc
rust	Setup Rust	2026-05-24T20:14:55.2098797Z commit-hash: 4a4ef493e3a1488c6e321570238084b38948f6db
rust	Setup Rust	2026-05-24T20:14:55.2099122Z commit-date: 2026-03-02
rust	Setup Rust	2026-05-24T20:14:55.2099360Z host: x86_64-unknown-linux-gnu
rust	Setup Rust	2026-05-24T20:14:55.2099707Z release: 1.94.0
rust	Setup Rust	2026-05-24T20:14:55.2100060Z LLVM version: 21.1.8
rust	Rust Cache	﻿2026-05-24T20:14:55.2248659Z ##[group]Run Swatinem/rust-cache@v2
rust	Rust Cache	2026-05-24T20:14:55.2248937Z with:
rust	Rust Cache	2026-05-24T20:14:55.2249093Z   workspaces: src-tauri
rust	Rust Cache	2026-05-24T20:14:55.2249273Z   prefix-key: v0-rust
rust	Rust Cache	2026-05-24T20:14:55.2249436Z   add-job-id-key: true
rust	Rust Cache	2026-05-24T20:14:55.2249648Z   add-rust-environment-hash-key: true
rust	Rust Cache	2026-05-24T20:14:55.2249856Z   cache-targets: true
rust	Rust Cache	2026-05-24T20:14:55.2250017Z   cache-all-crates: false
rust	Rust Cache	2026-05-24T20:14:55.2250323Z   cache-workspace-crates: false
rust	Rust Cache	2026-05-24T20:14:55.2250630Z   save-if: true
rust	Rust Cache	2026-05-24T20:14:55.2250791Z   cache-provider: github
rust	Rust Cache	2026-05-24T20:14:55.2251019Z   cache-bin: true
rust	Rust Cache	2026-05-24T20:14:55.2251234Z   lookup-only: false
rust	Rust Cache	2026-05-24T20:14:55.2251385Z   cmd-format: {0}
rust	Rust Cache	2026-05-24T20:14:55.2251532Z env:
rust	Rust Cache	2026-05-24T20:14:55.2251660Z   CARGO_HOME: /.cargo
rust	Rust Cache	2026-05-24T20:14:55.2251831Z   CARGO_INCREMENTAL: 0
rust	Rust Cache	2026-05-24T20:14:55.2251996Z   CARGO_TERM_COLOR: always
rust	Rust Cache	2026-05-24T20:14:55.2252157Z ##[endgroup]
rust	Rust Cache	2026-05-24T20:14:55.6081975Z (node:165076) [DEP0040] DeprecationWarning: The `punycode` module is deprecated. Please use a userland alternative instead.
rust	Rust Cache	2026-05-24T20:14:55.6082688Z (Use `node --trace-deprecation ...` to show where the warning was created)
rust	Rust Cache	2026-05-24T20:14:55.9566800Z ##[group]Cache Configuration
rust	Rust Cache	2026-05-24T20:14:55.9567478Z Cache Provider:
rust	Rust Cache	2026-05-24T20:14:55.9567651Z     github
rust	Rust Cache	2026-05-24T20:14:55.9567792Z Workspaces:
rust	Rust Cache	2026-05-24T20:14:55.9568105Z     /root/actions-runner-civicnewspaper/_work/CivicNewspaper/CivicNewspaper/src-tauri
rust	Rust Cache	2026-05-24T20:14:55.9568487Z Cache Paths:
rust	Rust Cache	2026-05-24T20:14:55.9568634Z     /.cargo/bin
rust	Rust Cache	2026-05-24T20:14:55.9568789Z     /.cargo/.crates.toml
rust	Rust Cache	2026-05-24T20:14:55.9569043Z     /.cargo/.crates2.json
rust	Rust Cache	2026-05-24T20:14:55.9569240Z     /.cargo/registry
rust	Rust Cache	2026-05-24T20:14:55.9569400Z     /.cargo/git
rust	Rust Cache	2026-05-24T20:14:55.9569738Z     /root/actions-runner-civicnewspaper/_work/CivicNewspaper/CivicNewspaper/src-tauri/target
rust	Rust Cache	2026-05-24T20:14:55.9570138Z Restore Key:
rust	Rust Cache	2026-05-24T20:14:55.9570305Z     v0-rust-rust-Linux-x64-28061db2
rust	Rust Cache	2026-05-24T20:14:55.9570508Z Cache Key:
rust	Rust Cache	2026-05-24T20:14:55.9570690Z     v0-rust-rust-Linux-x64-28061db2-b19defbf
rust	Rust Cache	2026-05-24T20:14:55.9570917Z .. Prefix:
rust	Rust Cache	2026-05-24T20:14:55.9571048Z   - v0-rust-rust-Linux-x64
rust	Rust Cache	2026-05-24T20:14:55.9571226Z .. Environment considered:
rust	Rust Cache	2026-05-24T20:14:55.9571385Z   - Rust Versions:
rust	Rust Cache	2026-05-24T20:14:55.9571616Z     - 1.94.0 x86_64-unknown-linux-gnu 4a4ef493e3a1488c6e321570238084b38948f6db
rust	Rust Cache	2026-05-24T20:14:55.9571964Z     - 1.94.0 x86_64-unknown-linux-gnu 4a4ef493e3a1488c6e321570238084b38948f6db
rust	Rust Cache	2026-05-24T20:14:55.9572229Z   - CARGO_HOME
rust	Rust Cache	2026-05-24T20:14:55.9572363Z   - CARGO_INCREMENTAL
rust	Rust Cache	2026-05-24T20:14:55.9572512Z   - CARGO_TERM_COLOR
rust	Rust Cache	2026-05-24T20:14:55.9572663Z .. Lockfiles considered:
rust	Rust Cache	2026-05-24T20:14:55.9572992Z   - /root/actions-runner-civicnewspaper/_work/CivicNewspaper/CivicNewspaper/rust-toolchain.toml
rust	Rust Cache	2026-05-24T20:14:55.9573513Z   - /root/actions-runner-civicnewspaper/_work/CivicNewspaper/CivicNewspaper/src-tauri/Cargo.lock
rust	Rust Cache	2026-05-24T20:14:55.9574019Z   - /root/actions-runner-civicnewspaper/_work/CivicNewspaper/CivicNewspaper/src-tauri/Cargo.toml
rust	Rust Cache	2026-05-24T20:14:55.9574509Z ##[endgroup]
rust	Rust Cache	2026-05-24T20:14:55.9574584Z 
rust	Rust Cache	2026-05-24T20:14:55.9574646Z ... Restoring cache ...
rust	Rust Cache	2026-05-24T20:14:56.2386521Z Cache hit for restore-key: v0-rust-rust-Linux-x64-28061db2-558f46e1
rust	Rust Cache	2026-05-24T20:14:57.5599046Z Received 0 of 1282983132 (0.0%), 0.0 MBs/sec
rust	Rust Cache	2026-05-24T20:14:58.5596027Z Received 25165824 of 1282983132 (2.0%), 12.0 MBs/sec
rust	Rust Cache	2026-05-24T20:14:59.5595325Z Received 58720256 of 1282983132 (4.6%), 18.7 MBs/sec
rust	Rust Cache	2026-05-24T20:15:00.5596861Z Received 92274688 of 1282983132 (7.2%), 22.0 MBs/sec
rust	Rust Cache	2026-05-24T20:15:01.6808559Z Received 134217728 of 1282983132 (10.5%), 25.0 MBs/sec
rust	Rust Cache	2026-05-24T20:15:02.6807727Z Received 163577856 of 1282983132 (12.7%), 25.5 MBs/sec
rust	Rust Cache	2026-05-24T20:15:03.6822078Z Received 201326592 of 1282983132 (15.7%), 27.0 MBs/sec
rust	Rust Cache	2026-05-24T20:15:04.6830701Z Received 226492416 of 1282983132 (17.7%), 26.6 MBs/sec
rust	Rust Cache	2026-05-24T20:15:05.6832851Z Received 264241152 of 1282983132 (20.6%), 27.6 MBs/sec
rust	Rust Cache	2026-05-24T20:15:06.6842882Z Received 268435456 of 1282983132 (20.9%), 25.3 MBs/sec
rust	Rust Cache	2026-05-24T20:15:07.6862252Z Received 314572800 of 1282983132 (24.5%), 27.0 MBs/sec
rust	Rust Cache	2026-05-24T20:15:08.6910717Z Received 356515840 of 1282983132 (27.8%), 28.0 MBs/sec
rust	Rust Cache	2026-05-24T20:15:09.6911502Z Received 402653184 of 1282983132 (31.4%), 29.2 MBs/sec
rust	Rust Cache	2026-05-24T20:15:10.6908366Z Received 427819008 of 1282983132 (33.3%), 28.9 MBs/sec
rust	Rust Cache	2026-05-24T20:15:11.6912758Z Received 469762048 of 1282983132 (36.6%), 29.6 MBs/sec
rust	Rust Cache	2026-05-24T20:15:12.6915099Z Received 507510784 of 1282983132 (39.6%), 30.0 MBs/sec
rust	Rust Cache	2026-05-24T20:15:17.1557185Z Received 536870912 of 1282983132 (41.8%), 24.9 MBs/sec
rust	Rust Cache	2026-05-24T20:15:18.1559678Z Received 553648128 of 1282983132 (43.2%), 24.4 MBs/sec
rust	Rust Cache	2026-05-24T20:15:19.1562948Z Received 591396864 of 1282983132 (46.1%), 25.0 MBs/sec
rust	Rust Cache	2026-05-24T20:15:20.1562296Z Received 624951296 of 1282983132 (48.7%), 25.3 MBs/sec
rust	Rust Cache	2026-05-24T20:15:21.1566269Z Received 633339904 of 1282983132 (49.4%), 24.6 MBs/sec
rust	Rust Cache	2026-05-24T20:15:22.3045082Z Received 671088640 of 1282983132 (52.3%), 24.9 MBs/sec
rust	Rust Cache	2026-05-24T20:15:23.3078731Z Received 692060160 of 1282983132 (53.9%), 24.7 MBs/sec
rust	Rust Cache	2026-05-24T20:15:24.3052162Z Received 734003200 of 1282983132 (57.2%), 25.2 MBs/sec
rust	Rust Cache	2026-05-24T20:15:25.3053786Z Received 767557632 of 1282983132 (59.8%), 25.5 MBs/sec
rust	Rust Cache	2026-05-24T20:15:26.3055637Z Received 801112064 of 1282983132 (62.4%), 25.7 MBs/sec
rust	Rust Cache	2026-05-24T20:15:27.3051121Z Received 809500672 of 1282983132 (63.1%), 25.1 MBs/sec
rust	Rust Cache	2026-05-24T20:15:28.3056206Z Received 855638016 of 1282983132 (66.7%), 25.7 MBs/sec
rust	Rust Cache	2026-05-24T20:15:29.3049459Z Received 901775360 of 1282983132 (70.3%), 26.3 MBs/sec
rust	Rust Cache	2026-05-24T20:15:30.3049839Z Received 935329792 of 1282983132 (72.9%), 26.4 MBs/sec
rust	Rust Cache	2026-05-24T20:15:31.3053750Z Received 939524096 of 1282983132 (73.2%), 25.8 MBs/sec
rust	Rust Cache	2026-05-24T20:15:32.3050004Z Received 985661440 of 1282983132 (76.8%), 26.3 MBs/sec
rust	Rust Cache	2026-05-24T20:15:33.3055407Z Received 1023410176 of 1282983132 (79.8%), 26.6 MBs/sec
rust	Rust Cache	2026-05-24T20:15:34.3057365Z Received 1056964608 of 1282983132 (82.4%), 26.7 MBs/sec
rust	Rust Cache	2026-05-24T20:15:35.3059616Z Received 1073741824 of 1282983132 (83.7%), 26.4 MBs/sec
rust	Rust Cache	2026-05-24T20:15:36.3067389Z Received 1119879168 of 1282983132 (87.3%), 26.9 MBs/sec
rust	Rust Cache	2026-05-24T20:15:37.3078060Z Received 1153433600 of 1282983132 (89.9%), 27.0 MBs/sec
rust	Rust Cache	2026-05-24T20:15:38.3083189Z Received 1195376640 of 1282983132 (93.2%), 27.3 MBs/sec
rust	Rust Cache	2026-05-24T20:15:39.3080145Z Received 1207959552 of 1282983132 (94.2%), 26.9 MBs/sec
rust	Rust Cache	2026-05-24T20:15:40.3090365Z Received 1258291200 of 1282983132 (98.1%), 27.4 MBs/sec
rust	Rust Cache	2026-05-24T20:15:41.1696636Z Received 1282983132 of 1282983132 (100.0%), 27.4 MBs/sec
rust	Rust Cache	2026-05-24T20:15:41.1698342Z Cache Size: ~1224 MB (1282983132 B)
rust	Rust Cache	2026-05-24T20:15:41.2297072Z [command]/usr/bin/tar -xf /root/actions-runner-civicnewspaper/_work/_temp/92282e73-0375-48e3-9aa2-dab065cc531e/cache.tgz -P -C /root/actions-runner-civicnewspaper/_work/CivicNewspaper/CivicNewspaper -z
rust	Rust Cache	2026-05-24T20:16:06.5397098Z Cache restored successfully
rust	Rust Cache	2026-05-24T20:16:06.9318187Z Restored from cache key "v0-rust-rust-Linux-x64-28061db2-558f46e1" full match: false.
rust	Cargo fmt	﻿2026-05-24T20:16:06.9702549Z ##[group]Run cargo fmt --check
rust	Cargo fmt	2026-05-24T20:16:06.9702814Z [36;1mcargo fmt --check[0m
rust	Cargo fmt	2026-05-24T20:16:06.9769596Z shell: /usr/bin/bash -e {0}
rust	Cargo fmt	2026-05-24T20:16:06.9769824Z env:
rust	Cargo fmt	2026-05-24T20:16:06.9769969Z   CARGO_HOME: /.cargo
rust	Cargo fmt	2026-05-24T20:16:06.9770124Z   CARGO_INCREMENTAL: 0
rust	Cargo fmt	2026-05-24T20:16:06.9770265Z   CARGO_TERM_COLOR: always
rust	Cargo fmt	2026-05-24T20:16:06.9770424Z   CACHE_ON_FAILURE: false
rust	Cargo fmt	2026-05-24T20:16:06.9770573Z ##[endgroup]
rust	Cargo clippy	﻿2026-05-24T20:16:07.1075561Z ##[group]Run cargo clippy -- -D warnings
rust	Cargo clippy	2026-05-24T20:16:07.1075842Z [36;1mcargo clippy -- -D warnings[0m
rust	Cargo clippy	2026-05-24T20:16:07.1136150Z shell: /usr/bin/bash -e {0}
rust	Cargo clippy	2026-05-24T20:16:07.1136344Z env:
rust	Cargo clippy	2026-05-24T20:16:07.1136475Z   CARGO_HOME: /.cargo
rust	Cargo clippy	2026-05-24T20:16:07.1136624Z   CARGO_INCREMENTAL: 0
rust	Cargo clippy	2026-05-24T20:16:07.1137000Z   CARGO_TERM_COLOR: always
rust	Cargo clippy	2026-05-24T20:16:07.1137171Z   CACHE_ON_FAILURE: false
rust	Cargo clippy	2026-05-24T20:16:07.1137318Z ##[endgroup]
rust	Cargo clippy	2026-05-24T20:16:07.6318259Z [1m[92m   Compiling[0m tauri-plugin-fs v2.5.1
rust	Cargo clippy	2026-05-24T20:16:07.6385629Z [1m[92m   Compiling[0m tauri-plugin-dialog v2.7.1
rust	Cargo clippy	2026-05-24T20:16:07.6387638Z [1m[92m   Compiling[0m rfd v0.16.0
rust	Cargo clippy	2026-05-24T20:16:07.6467807Z [1m[92m   Compiling[0m civicnews v0.1.1 (/root/actions-runner-civicnewspaper/_work/CivicNewspaper/CivicNewspaper/src-tauri)
rust	Cargo clippy	2026-05-24T20:16:11.3982139Z [1m[92m    Finished[0m `dev` profile [unoptimized + debuginfo] target(s) in 4.23s
rust	Cargo test	﻿2026-05-24T20:16:11.4711093Z ##[group]Run cargo test --all
rust	Cargo test	2026-05-24T20:16:11.4711338Z [36;1mcargo test --all[0m
rust	Cargo test	2026-05-24T20:16:11.4800931Z shell: /usr/bin/bash -e {0}
rust	Cargo test	2026-05-24T20:16:11.4801326Z env:
rust	Cargo test	2026-05-24T20:16:11.4801499Z   CARGO_HOME: /.cargo
rust	Cargo test	2026-05-24T20:16:11.4801682Z   CARGO_INCREMENTAL: 0
rust	Cargo test	2026-05-24T20:16:11.4801902Z   CARGO_TERM_COLOR: always
rust	Cargo test	2026-05-24T20:16:11.4802202Z   CACHE_ON_FAILURE: false
rust	Cargo test	2026-05-24T20:16:11.4802545Z ##[endgroup]
rust	Cargo test	2026-05-24T20:16:11.9082444Z [1m[92m   Compiling[0m tauri-plugin-fs v2.5.1
rust	Cargo test	2026-05-24T20:16:11.9144599Z [1m[92m   Compiling[0m tauri-plugin-dialog v2.7.1
rust	Cargo test	2026-05-24T20:16:11.9184942Z [1m[92m   Compiling[0m rfd v0.16.0
rust	Cargo test	2026-05-24T20:16:11.9244600Z [1m[92m   Compiling[0m civicnews v0.1.1 (/root/actions-runner-civicnewspaper/_work/CivicNewspaper/CivicNewspaper/src-tauri)
rust	Cargo test	2026-05-24T20:16:30.1468121Z [1m[92m    Finished[0m `test` profile [unoptimized + debuginfo] target(s) in 15.30s
rust	Cargo test	2026-05-24T20:16:30.1775472Z [1m[92m     Running[0m unittests src/lib.rs (target/debug/deps/tauri_app_lib-55a9bb8209f3dc59)
rust	Cargo test	2026-05-24T20:16:30.1817585Z 
rust	Cargo test	2026-05-24T20:16:30.1818160Z running 17 tests
rust	Cargo test	2026-05-24T20:16:30.1840923Z test core::tests::tests::test_auth_checks ... ok
rust	Cargo test	2026-05-24T20:16:30.1893966Z test core::tests::tests::test_parse_duckduckgo_html ... ok
rust	Cargo test	2026-05-24T20:16:30.2050278Z test core::server_tests::tests::test_auth_middleware_missing_origin ... ok
rust	Cargo test	2026-05-24T20:16:30.2056158Z test core::tests::tests::test_migrations ... ok
rust	Cargo test	2026-05-24T20:16:30.2060265Z test core::server_tests::tests::test_expired_pairing_pin_rejected ... ok
rust	Cargo test	2026-05-24T20:16:30.2066934Z test core::server_tests::tests::test_pair_rate_limit ... ok
rust	Cargo test	2026-05-24T20:16:30.2068839Z test core::tests::tests::test_guardrails ... ok
rust	Cargo test	2026-05-24T20:16:30.2073676Z test core::server_tests::tests::test_auth_middleware_invalid_host ... ok
rust	Cargo test	2026-05-24T20:16:30.2077047Z test core::server_tests::tests::test_pair_and_roundtrip ... ok
rust	Cargo test	2026-05-24T20:16:30.2081938Z test core::server_tests::tests::test_revoked_token_rejected ... ok
rust	Cargo test	2026-05-24T20:16:30.2084930Z test core::tests::tests::test_settings_round_trip ... ok
rust	Cargo test	2026-05-24T20:16:30.2104622Z test core::tests::tests::test_compiler_xss_safe ... ok
rust	Cargo test	2026-05-24T20:16:30.2444845Z test core::tests::tests::test_compiler_static_site ... ok
rust	Cargo test	2026-05-24T20:16:30.2622055Z test core::tests::tests::test_gather_diagnostics_has_all_fields ... ok
rust	Cargo test	2026-05-24T20:16:30.2664628Z test core::tests::tests::test_export_diagnostics_writes_valid_json ... ok
rust	Cargo test	2026-05-24T20:16:30.2702121Z test core::tests::tests::test_osint_detectors ... ok
rust	Cargo test	2026-05-24T20:16:30.2905156Z test core::tests::tests::test_backups ... ok
rust	Cargo test	2026-05-24T20:16:30.2905373Z 
rust	Cargo test	2026-05-24T20:16:30.2905553Z test result: ok. 17 passed; 0 failed; 0 ignored; 0 measured; 0 filtered out; finished in 0.11s
rust	Cargo test	2026-05-24T20:16:30.2905819Z 
rust	Cargo test	2026-05-24T20:16:30.2952370Z [1m[92m     Running[0m unittests src/main.rs (target/debug/deps/civicnews-9dc68a65a2bb95bf)
rust	Cargo test	2026-05-24T20:16:30.2971545Z 
rust	Cargo test	2026-05-24T20:16:30.2971996Z running 0 tests
rust	Cargo test	2026-05-24T20:16:30.2972158Z 
rust	Cargo test	2026-05-24T20:16:30.2972408Z test result: ok. 0 passed; 0 failed; 0 ignored; 0 measured; 0 filtered out; finished in 0.00s
rust	Cargo test	2026-05-24T20:16:30.2972951Z 
rust	Cargo test	2026-05-24T20:16:30.2975477Z [1m[92m   Doc-tests[0m tauri_app_lib
rust	Cargo test	2026-05-24T20:16:30.6609399Z 
rust	Cargo test	2026-05-24T20:16:30.6609823Z running 0 tests
rust	Cargo test	2026-05-24T20:16:30.6609989Z 
rust	Cargo test	2026-05-24T20:16:30.6611098Z test result: ok. 0 passed; 0 failed; 0 ignored; 0 measured; 0 filtered out; finished in 0.00s
rust	Cargo test	2026-05-24T20:16:30.6611420Z 
rust	Post Rust Cache	﻿2026-05-24T20:16:30.6947721Z Post job cleanup.
rust	Post Rust Cache	2026-05-24T20:16:31.0257249Z ##[group]Cache Configuration
rust	Post Rust Cache	2026-05-24T20:16:31.0257542Z Cache Provider:
rust	Post Rust Cache	2026-05-24T20:16:31.0257986Z     github
rust	Post Rust Cache	2026-05-24T20:16:31.0258215Z Workspaces:
rust	Post Rust Cache	2026-05-24T20:16:31.0258641Z     /root/actions-runner-civicnewspaper/_work/CivicNewspaper/CivicNewspaper/src-tauri
rust	Post Rust Cache	2026-05-24T20:16:31.0259078Z Cache Paths:
rust	Post Rust Cache	2026-05-24T20:16:31.0259486Z     /.cargo/bin
rust	Post Rust Cache	2026-05-24T20:16:31.0259703Z     /.cargo/.crates.toml
rust	Post Rust Cache	2026-05-24T20:16:31.0259936Z     /.cargo/.crates2.json
rust	Post Rust Cache	2026-05-24T20:16:31.0260174Z     /.cargo/registry
rust	Post Rust Cache	2026-05-24T20:16:31.0260368Z     /.cargo/git
rust	Post Rust Cache	2026-05-24T20:16:31.0260752Z     /root/actions-runner-civicnewspaper/_work/CivicNewspaper/CivicNewspaper/src-tauri/target
rust	Post Rust Cache	2026-05-24T20:16:31.0261192Z Restore Key:
rust	Post Rust Cache	2026-05-24T20:16:31.0261400Z     v0-rust-rust-Linux-x64-28061db2
rust	Post Rust Cache	2026-05-24T20:16:31.0261655Z Cache Key:
rust	Post Rust Cache	2026-05-24T20:16:31.0261868Z     v0-rust-rust-Linux-x64-28061db2-b19defbf
rust	Post Rust Cache	2026-05-24T20:16:31.0262139Z .. Prefix:
rust	Post Rust Cache	2026-05-24T20:16:31.0262328Z   - v0-rust-rust-Linux-x64
rust	Post Rust Cache	2026-05-24T20:16:31.0262616Z .. Environment considered:
rust	Post Rust Cache	2026-05-24T20:16:31.0262841Z   - Rust Versions:
rust	Post Rust Cache	2026-05-24T20:16:31.0263323Z     - 1.94.0 x86_64-unknown-linux-gnu 4a4ef493e3a1488c6e321570238084b38948f6db
rust	Post Rust Cache	2026-05-24T20:16:31.0264531Z     - 1.94.0 x86_64-unknown-linux-gnu 4a4ef493e3a1488c6e321570238084b38948f6db
rust	Post Rust Cache	2026-05-24T20:16:31.0264843Z   - CARGO_HOME
rust	Post Rust Cache	2026-05-24T20:16:31.0265010Z   - CARGO_INCREMENTAL
rust	Post Rust Cache	2026-05-24T20:16:31.0265191Z   - CARGO_TERM_COLOR
rust	Post Rust Cache	2026-05-24T20:16:31.0265362Z .. Lockfiles considered:
rust	Post Rust Cache	2026-05-24T20:16:31.0265731Z   - /root/actions-runner-civicnewspaper/_work/CivicNewspaper/CivicNewspaper/rust-toolchain.toml
rust	Post Rust Cache	2026-05-24T20:16:31.0266305Z   - /root/actions-runner-civicnewspaper/_work/CivicNewspaper/CivicNewspaper/src-tauri/Cargo.lock
rust	Post Rust Cache	2026-05-24T20:16:31.0266854Z   - /root/actions-runner-civicnewspaper/_work/CivicNewspaper/CivicNewspaper/src-tauri/Cargo.toml
rust	Post Rust Cache	2026-05-24T20:16:31.0267521Z ##[endgroup]
rust	Post Rust Cache	2026-05-24T20:16:31.0267605Z 
rust	Post Rust Cache	2026-05-24T20:16:31.0279685Z (node:165692) [DEP0040] DeprecationWarning: The `punycode` module is deprecated. Please use a userland alternative instead.
rust	Post Rust Cache	2026-05-24T20:16:31.0280466Z (Use `node --trace-deprecation ...` to show where the warning was created)
rust	Post Rust Cache	2026-05-24T20:16:34.6724392Z ... Cleaning /root/actions-runner-civicnewspaper/_work/CivicNewspaper/CivicNewspaper/src-tauri/target ...
rust	Post Rust Cache	2026-05-24T20:16:35.1773973Z ... Cleaning cargo registry (cache-all-crates: false) ...
rust	Post Rust Cache	2026-05-24T20:16:37.3183244Z ... Cleaning cargo/bin ...
rust	Post Rust Cache	2026-05-24T20:16:37.3228599Z ... Cleaning cargo git cache ...
rust	Post Rust Cache	2026-05-24T20:16:37.3233935Z ... Saving cache ...
rust	Post Rust Cache	2026-05-24T20:16:37.4229113Z [command]/usr/bin/tar --posix -cf cache.tgz --exclude cache.tgz -P -C /root/actions-runner-civicnewspaper/_work/CivicNewspaper/CivicNewspaper --files-from manifest.txt -z
rust	Post Rust Cache	2026-05-24T20:18:49.0077724Z Sent 0 of 1316314554 (0.0%), 0.0 MBs/sec
rust	Post Rust Cache	2026-05-24T20:18:50.0072167Z Sent 0 of 1316314554 (0.0%), 0.0 MBs/sec
rust	Post Rust Cache	2026-05-24T20:18:51.0079714Z Sent 0 of 1316314554 (0.0%), 0.0 MBs/sec
rust	Post Rust Cache	2026-05-24T20:18:52.0087581Z Sent 0 of 1316314554 (0.0%), 0.0 MBs/sec
rust	Post Rust Cache	2026-05-24T20:18:53.0082994Z Sent 0 of 1316314554 (0.0%), 0.0 MBs/sec
rust	Post Rust Cache	2026-05-24T20:18:54.0083894Z Sent 0 of 1316314554 (0.0%), 0.0 MBs/sec
rust	Post Rust Cache	2026-05-24T20:18:55.0085423Z Sent 0 of 1316314554 (0.0%), 0.0 MBs/sec
rust	Post Rust Cache	2026-05-24T20:18:56.0085865Z Sent 0 of 1316314554 (0.0%), 0.0 MBs/sec
rust	Post Rust Cache	2026-05-24T20:18:57.0081993Z Sent 0 of 1316314554 (0.0%), 0.0 MBs/sec
rust	Post Rust Cache	2026-05-24T20:18:58.0090441Z Sent 0 of 1316314554 (0.0%), 0.0 MBs/sec
rust	Post Rust Cache	2026-05-24T20:18:59.0099637Z Sent 0 of 1316314554 (0.0%), 0.0 MBs/sec
rust	Post Rust Cache	2026-05-24T20:19:00.0101434Z Sent 0 of 1316314554 (0.0%), 0.0 MBs/sec
rust	Post Rust Cache	2026-05-24T20:19:01.0103507Z Sent 0 of 1316314554 (0.0%), 0.0 MBs/sec
rust	Post Rust Cache	2026-05-24T20:19:02.0109779Z Sent 0 of 1316314554 (0.0%), 0.0 MBs/sec
rust	Post Rust Cache	2026-05-24T20:19:03.0113854Z Sent 0 of 1316314554 (0.0%), 0.0 MBs/sec
rust	Post Rust Cache	2026-05-24T20:19:04.0116261Z Sent 0 of 1316314554 (0.0%), 0.0 MBs/sec
rust	Post Rust Cache	2026-05-24T20:19:05.0118944Z Sent 0 of 1316314554 (0.0%), 0.0 MBs/sec
rust	Post Rust Cache	2026-05-24T20:19:06.0112691Z Sent 0 of 1316314554 (0.0%), 0.0 MBs/sec
rust	Post Rust Cache	2026-05-24T20:19:07.2075983Z Sent 0 of 1316314554 (0.0%), 0.0 MBs/sec
rust	Post Rust Cache	2026-05-24T20:19:11.3583589Z Sent 0 of 1316314554 (0.0%), 0.0 MBs/sec
rust	Post Rust Cache	2026-05-24T20:19:12.3589435Z Sent 0 of 1316314554 (0.0%), 0.0 MBs/sec
rust	Post Rust Cache	2026-05-24T20:19:13.3591694Z Sent 0 of 1316314554 (0.0%), 0.0 MBs/sec
rust	Post Rust Cache	2026-05-24T20:19:14.3595622Z Sent 0 of 1316314554 (0.0%), 0.0 MBs/sec
rust	Post Rust Cache	2026-05-24T20:19:15.3600572Z Sent 0 of 1316314554 (0.0%), 0.0 MBs/sec
rust	Post Rust Cache	2026-05-24T20:19:16.3609429Z Sent 0 of 1316314554 (0.0%), 0.0 MBs/sec
rust	Post Rust Cache	2026-05-24T20:19:17.3601373Z Sent 0 of 1316314554 (0.0%), 0.0 MBs/sec
rust	Post Rust Cache	2026-05-24T20:19:18.3610117Z Sent 0 of 1316314554 (0.0%), 0.0 MBs/sec
rust	Post Rust Cache	2026-05-24T20:19:19.3617796Z Sent 0 of 1316314554 (0.0%), 0.0 MBs/sec
rust	Post Rust Cache	2026-05-24T20:19:20.3619635Z Sent 0 of 1316314554 (0.0%), 0.0 MBs/sec
rust	Post Rust Cache	2026-05-24T20:19:21.3621363Z Sent 0 of 1316314554 (0.0%), 0.0 MBs/sec
rust	Post Rust Cache	2026-05-24T20:19:22.3629334Z Sent 0 of 1316314554 (0.0%), 0.0 MBs/sec
rust	Post Rust Cache	2026-05-24T20:19:23.3629739Z Sent 0 of 1316314554 (0.0%), 0.0 MBs/sec
rust	Post Rust Cache	2026-05-24T20:19:24.3633125Z Sent 0 of 1316314554 (0.0%), 0.0 MBs/sec
rust	Post Rust Cache	2026-05-24T20:19:25.3638511Z Sent 0 of 1316314554 (0.0%), 0.0 MBs/sec
rust	Post Rust Cache	2026-05-24T20:19:26.3632435Z Sent 0 of 1316314554 (0.0%), 0.0 MBs/sec
rust	Post Rust Cache	2026-05-24T20:19:27.3634177Z Sent 0 of 1316314554 (0.0%), 0.0 MBs/sec
rust	Post Rust Cache	2026-05-24T20:19:28.3641908Z Sent 0 of 1316314554 (0.0%), 0.0 MBs/sec
rust	Post Rust Cache	2026-05-24T20:19:29.3642444Z Sent 0 of 1316314554 (0.0%), 0.0 MBs/sec
rust	Post Rust Cache	2026-05-24T20:19:30.3645964Z Sent 0 of 1316314554 (0.0%), 0.0 MBs/sec
rust	Post Rust Cache	2026-05-24T20:19:31.3646870Z Sent 0 of 1316314554 (0.0%), 0.0 MBs/sec
rust	Post Rust Cache	2026-05-24T20:19:32.3649052Z Sent 0 of 1316314554 (0.0%), 0.0 MBs/sec
rust	Post Rust Cache	2026-05-24T20:19:33.3649685Z Sent 0 of 1316314554 (0.0%), 0.0 MBs/sec
rust	Post Rust Cache	2026-05-24T20:19:34.3643706Z Sent 0 of 1316314554 (0.0%), 0.0 MBs/sec
rust	Post Rust Cache	2026-05-24T20:19:35.3644709Z Sent 0 of 1316314554 (0.0%), 0.0 MBs/sec
rust	Post Rust Cache	2026-05-24T20:19:36.3650988Z Sent 0 of 1316314554 (0.0%), 0.0 MBs/sec
rust	Post Rust Cache	2026-05-24T20:19:37.3652762Z Sent 0 of 1316314554 (0.0%), 0.0 MBs/sec
rust	Post Rust Cache	2026-05-24T20:19:38.3653123Z Sent 0 of 1316314554 (0.0%), 0.0 MBs/sec
rust	Post Rust Cache	2026-05-24T20:19:39.3658375Z Sent 0 of 1316314554 (0.0%), 0.0 MBs/sec
rust	Post Rust Cache	2026-05-24T20:19:40.5486536Z Sent 0 of 1316314554 (0.0%), 0.0 MBs/sec
rust	Post Rust Cache	2026-05-24T20:19:44.6931358Z Sent 0 of 1316314554 (0.0%), 0.0 MBs/sec
rust	Post Rust Cache	2026-05-24T20:19:45.6931515Z Sent 0 of 1316314554 (0.0%), 0.0 MBs/sec
rust	Post Rust Cache	2026-05-24T20:19:46.6932568Z Sent 0 of 1316314554 (0.0%), 0.0 MBs/sec
rust	Post Rust Cache	2026-05-24T20:19:47.6932444Z Sent 0 of 1316314554 (0.0%), 0.0 MBs/sec
rust	Post Rust Cache	2026-05-24T20:19:48.6933071Z Sent 0 of 1316314554 (0.0%), 0.0 MBs/sec
rust	Post Rust Cache	2026-05-24T20:19:49.6932382Z Sent 0 of 1316314554 (0.0%), 0.0 MBs/sec
rust	Post Rust Cache	2026-05-24T20:19:50.6931896Z Sent 0 of 1316314554 (0.0%), 0.0 MBs/sec
rust	Post Rust Cache	2026-05-24T20:19:51.6933895Z Sent 0 of 1316314554 (0.0%), 0.0 MBs/sec
rust	Post Rust Cache	2026-05-24T20:19:52.6933304Z Sent 0 of 1316314554 (0.0%), 0.0 MBs/sec
rust	Post Rust Cache	2026-05-24T20:19:53.6939684Z Sent 0 of 1316314554 (0.0%), 0.0 MBs/sec
rust	Post Rust Cache	2026-05-24T20:19:54.6939087Z Sent 0 of 1316314554 (0.0%), 0.0 MBs/sec
rust	Post Rust Cache	2026-05-24T20:19:55.6937966Z Sent 0 of 1316314554 (0.0%), 0.0 MBs/sec
rust	Post Rust Cache	2026-05-24T20:19:56.6936207Z Sent 0 of 1316314554 (0.0%), 0.0 MBs/sec
rust	Post Rust Cache	2026-05-24T20:19:57.6940120Z Sent 0 of 1316314554 (0.0%), 0.0 MBs/sec
rust	Post Rust Cache	2026-05-24T20:19:58.6943886Z Sent 0 of 1316314554 (0.0%), 0.0 MBs/sec
rust	Post Rust Cache	2026-05-24T20:19:59.6945094Z Sent 0 of 1316314554 (0.0%), 0.0 MBs/sec
rust	Post Rust Cache	2026-05-24T20:20:00.6952917Z Sent 0 of 1316314554 (0.0%), 0.0 MBs/sec
rust	Post Rust Cache	2026-05-24T20:20:01.6952645Z Sent 0 of 1316314554 (0.0%), 0.0 MBs/sec
rust	Post Rust Cache	2026-05-24T20:20:02.6956118Z Sent 0 of 1316314554 (0.0%), 0.0 MBs/sec
rust	Post Rust Cache	2026-05-24T20:20:03.6957814Z Sent 0 of 1316314554 (0.0%), 0.0 MBs/sec
rust	Post Rust Cache	2026-05-24T20:20:04.6956239Z Sent 0 of 1316314554 (0.0%), 0.0 MBs/sec
rust	Post Rust Cache	2026-05-24T20:20:05.6969188Z Sent 0 of 1316314554 (0.0%), 0.0 MBs/sec
rust	Post Rust Cache	2026-05-24T20:20:06.6970645Z Sent 0 of 1316314554 (0.0%), 0.0 MBs/sec
rust	Post Rust Cache	2026-05-24T20:20:07.6973426Z Sent 0 of 1316314554 (0.0%), 0.0 MBs/sec
rust	Post Rust Cache	2026-05-24T20:20:08.6973514Z Sent 0 of 1316314554 (0.0%), 0.0 MBs/sec
rust	Post Rust Cache	2026-05-24T20:20:09.6969851Z Sent 0 of 1316314554 (0.0%), 0.0 MBs/sec
rust	Post Rust Cache	2026-05-24T20:20:10.6968310Z Sent 0 of 1316314554 (0.0%), 0.0 MBs/sec
rust	Post Rust Cache	2026-05-24T20:20:11.6969523Z Sent 0 of 1316314554 (0.0%), 0.0 MBs/sec
rust	Post Rust Cache	2026-05-24T20:20:12.6975730Z Sent 0 of 1316314554 (0.0%), 0.0 MBs/sec
rust	Post Rust Cache	2026-05-24T20:20:13.8877212Z Sent 0 of 1316314554 (0.0%), 0.0 MBs/sec
rust	Post Rust Cache	2026-05-24T20:20:18.0319910Z Sent 0 of 1316314554 (0.0%), 0.0 MBs/sec
rust	Post Rust Cache	2026-05-24T20:20:19.0326536Z Sent 0 of 1316314554 (0.0%), 0.0 MBs/sec
rust	Post Rust Cache	2026-05-24T20:20:20.0346561Z Sent 0 of 1316314554 (0.0%), 0.0 MBs/sec
rust	Post Rust Cache	2026-05-24T20:20:21.0321377Z Sent 0 of 1316314554 (0.0%), 0.0 MBs/sec
rust	Post Rust Cache	2026-05-24T20:20:22.0319548Z Sent 0 of 1316314554 (0.0%), 0.0 MBs/sec
rust	Post Rust Cache	2026-05-24T20:20:23.0319160Z Sent 0 of 1316314554 (0.0%), 0.0 MBs/sec
rust	Post Rust Cache	2026-05-24T20:20:24.0346962Z Sent 0 of 1316314554 (0.0%), 0.0 MBs/sec
rust	Post Rust Cache	2026-05-24T20:20:25.0387273Z Sent 0 of 1316314554 (0.0%), 0.0 MBs/sec
rust	Post Rust Cache	2026-05-24T20:20:26.0333338Z Sent 0 of 1316314554 (0.0%), 0.0 MBs/sec
rust	Post Rust Cache	2026-05-24T20:20:27.0332943Z Sent 0 of 1316314554 (0.0%), 0.0 MBs/sec
rust	Post Rust Cache	2026-05-24T20:20:28.0333593Z Sent 0 of 1316314554 (0.0%), 0.0 MBs/sec
rust	Post Rust Cache	2026-05-24T20:20:29.0330001Z Sent 0 of 1316314554 (0.0%), 0.0 MBs/sec
rust	Post Rust Cache	2026-05-24T20:20:30.0337178Z Sent 0 of 1316314554 (0.0%), 0.0 MBs/sec
rust	Post Rust Cache	2026-05-24T20:20:31.0343849Z Sent 0 of 1316314554 (0.0%), 0.0 MBs/sec
rust	Post Rust Cache	2026-05-24T20:20:32.0348339Z Sent 67108864 of 1316314554 (5.1%), 0.6 MBs/sec
rust	Post Rust Cache	2026-05-24T20:20:33.0356091Z Sent 201326592 of 1316314554 (15.3%), 1.8 MBs/sec
rust	Post Rust Cache	2026-05-24T20:20:34.0354041Z Sent 201326592 of 1316314554 (15.3%), 1.8 MBs/sec
rust	Post Rust Cache	2026-05-24T20:20:35.0356789Z Sent 268435456 of 1316314554 (20.4%), 2.4 MBs/sec
rust	Post Rust Cache	2026-05-24T20:20:36.0352581Z Sent 268435456 of 1316314554 (20.4%), 2.4 MBs/sec
rust	Post Rust Cache	2026-05-24T20:20:37.0351372Z Sent 268435456 of 1316314554 (20.4%), 2.3 MBs/sec
rust	Post Rust Cache	2026-05-24T20:20:38.0350750Z Sent 268435456 of 1316314554 (20.4%), 2.3 MBs/sec
rust	Post Rust Cache	2026-05-24T20:20:39.0352929Z Sent 268435456 of 1316314554 (20.4%), 2.3 MBs/sec
rust	Post Rust Cache	2026-05-24T20:20:40.0354844Z Sent 402653184 of 1316314554 (30.6%), 3.4 MBs/sec
rust	Post Rust Cache	2026-05-24T20:20:41.0356915Z Sent 536870912 of 1316314554 (40.8%), 4.5 MBs/sec
rust	Post Rust Cache	2026-05-24T20:20:42.0369538Z Sent 536870912 of 1316314554 (40.8%), 4.5 MBs/sec
rust	Post Rust Cache	2026-05-24T20:20:43.0377710Z Sent 536870912 of 1316314554 (40.8%), 4.5 MBs/sec
rust	Post Rust Cache	2026-05-24T20:20:44.0383444Z Sent 536870912 of 1316314554 (40.8%), 4.4 MBs/sec
rust	Post Rust Cache	2026-05-24T20:20:45.0386514Z Sent 536870912 of 1316314554 (40.8%), 4.4 MBs/sec
rust	Post Rust Cache	2026-05-24T20:20:46.0387682Z Sent 536870912 of 1316314554 (40.8%), 4.3 MBs/sec
rust	Post Rust Cache	2026-05-24T20:20:47.2280620Z Sent 536870912 of 1316314554 (40.8%), 4.3 MBs/sec
rust	Post Rust Cache	2026-05-24T20:20:51.3816791Z Sent 536870912 of 1316314554 (40.8%), 4.1 MBs/sec
rust	Post Rust Cache	2026-05-24T20:20:52.3824543Z Sent 536870912 of 1316314554 (40.8%), 4.1 MBs/sec
rust	Post Rust Cache	2026-05-24T20:20:53.3821729Z Sent 536870912 of 1316314554 (40.8%), 4.1 MBs/sec
rust	Post Rust Cache	2026-05-24T20:20:54.3821051Z Sent 536870912 of 1316314554 (40.8%), 4.1 MBs/sec
rust	Post Rust Cache	2026-05-24T20:20:55.3826869Z Sent 536870912 of 1316314554 (40.8%), 4.0 MBs/sec
rust	Post Rust Cache	2026-05-24T20:20:56.3830364Z Sent 536870912 of 1316314554 (40.8%), 4.0 MBs/sec
rust	Post Rust Cache	2026-05-24T20:20:57.3831891Z Sent 536870912 of 1316314554 (40.8%), 4.0 MBs/sec
rust	Post Rust Cache	2026-05-24T20:20:58.3831587Z Sent 536870912 of 1316314554 (40.8%), 3.9 MBs/sec
rust	Post Rust Cache	2026-05-24T20:20:59.3834591Z Sent 536870912 of 1316314554 (40.8%), 3.9 MBs/sec
rust	Post Rust Cache	2026-05-24T20:21:00.3831821Z Sent 536870912 of 1316314554 (40.8%), 3.9 MBs/sec
rust	Post Rust Cache	2026-05-24T20:21:01.3832922Z Sent 536870912 of 1316314554 (40.8%), 3.8 MBs/sec
rust	Post Rust Cache	2026-05-24T20:21:02.3837063Z Sent 536870912 of 1316314554 (40.8%), 3.8 MBs/sec
rust	Post Rust Cache	2026-05-24T20:21:03.3844313Z Sent 536870912 of 1316314554 (40.8%), 3.8 MBs/sec
rust	Post Rust Cache	2026-05-24T20:21:04.3845857Z Sent 536870912 of 1316314554 (40.8%), 3.8 MBs/sec
rust	Post Rust Cache	2026-05-24T20:21:05.3842929Z Sent 536870912 of 1316314554 (40.8%), 3.7 MBs/sec
rust	Post Rust Cache	2026-05-24T20:21:06.3844980Z Sent 536870912 of 1316314554 (40.8%), 3.7 MBs/sec
rust	Post Rust Cache	2026-05-24T20:21:07.3847384Z Sent 536870912 of 1316314554 (40.8%), 3.7 MBs/sec
rust	Post Rust Cache	2026-05-24T20:21:08.3850998Z Sent 536870912 of 1316314554 (40.8%), 3.6 MBs/sec
rust	Post Rust Cache	2026-05-24T20:21:09.3848837Z Sent 536870912 of 1316314554 (40.8%), 3.6 MBs/sec
rust	Post Rust Cache	2026-05-24T20:21:10.3856578Z Sent 536870912 of 1316314554 (40.8%), 3.6 MBs/sec
rust	Post Rust Cache	2026-05-24T20:21:11.3859209Z Sent 536870912 of 1316314554 (40.8%), 3.6 MBs/sec
rust	Post Rust Cache	2026-05-24T20:21:12.3860764Z Sent 536870912 of 1316314554 (40.8%), 3.5 MBs/sec
rust	Post Rust Cache	2026-05-24T20:21:13.3865294Z Sent 536870912 of 1316314554 (40.8%), 3.5 MBs/sec
rust	Post Rust Cache	2026-05-24T20:21:14.3858350Z Sent 536870912 of 1316314554 (40.8%), 3.5 MBs/sec
rust	Post Rust Cache	2026-05-24T20:21:15.3862459Z Sent 536870912 of 1316314554 (40.8%), 3.5 MBs/sec
rust	Post Rust Cache	2026-05-24T20:21:16.3858244Z Sent 536870912 of 1316314554 (40.8%), 3.5 MBs/sec
rust	Post Rust Cache	2026-05-24T20:21:17.3860760Z Sent 536870912 of 1316314554 (40.8%), 3.4 MBs/sec
rust	Post Rust Cache	2026-05-24T20:21:18.3862519Z Sent 536870912 of 1316314554 (40.8%), 3.4 MBs/sec
rust	Post Rust Cache	2026-05-24T20:21:19.3867100Z Sent 536870912 of 1316314554 (40.8%), 3.4 MBs/sec
rust	Post Rust Cache	2026-05-24T20:21:20.5680758Z Sent 536870912 of 1316314554 (40.8%), 3.4 MBs/sec
rust	Post Rust Cache	2026-05-24T20:21:24.7235256Z Sent 536870912 of 1316314554 (40.8%), 3.3 MBs/sec
rust	Post Rust Cache	2026-05-24T20:21:25.7239890Z Sent 536870912 of 1316314554 (40.8%), 3.2 MBs/sec
rust	Post Rust Cache	2026-05-24T20:21:26.7244243Z Sent 536870912 of 1316314554 (40.8%), 3.2 MBs/sec
rust	Post Rust Cache	2026-05-24T20:21:27.7241651Z Sent 536870912 of 1316314554 (40.8%), 3.2 MBs/sec
rust	Post Rust Cache	2026-05-24T20:21:28.7239223Z Sent 536870912 of 1316314554 (40.8%), 3.2 MBs/sec
rust	Post Rust Cache	2026-05-24T20:21:29.7237149Z Sent 536870912 of 1316314554 (40.8%), 3.2 MBs/sec
rust	Post Rust Cache	2026-05-24T20:21:30.7237765Z Sent 536870912 of 1316314554 (40.8%), 3.1 MBs/sec
rust	Post Rust Cache	2026-05-24T20:21:31.7240308Z Sent 536870912 of 1316314554 (40.8%), 3.1 MBs/sec
rust	Post Rust Cache	2026-05-24T20:21:32.7245573Z Sent 536870912 of 1316314554 (40.8%), 3.1 MBs/sec
rust	Post Rust Cache	2026-05-24T20:21:33.7250323Z Sent 536870912 of 1316314554 (40.8%), 3.1 MBs/sec
rust	Post Rust Cache	2026-05-24T20:21:34.7251859Z Sent 536870912 of 1316314554 (40.8%), 3.1 MBs/sec
rust	Post Rust Cache	2026-05-24T20:21:35.7248806Z Sent 536870912 of 1316314554 (40.8%), 3.1 MBs/sec
rust	Post Rust Cache	2026-05-24T20:21:36.7253113Z Sent 536870912 of 1316314554 (40.8%), 3.0 MBs/sec
rust	Post Rust Cache	2026-05-24T20:21:37.7253910Z Sent 536870912 of 1316314554 (40.8%), 3.0 MBs/sec
rust	Post Rust Cache	2026-05-24T20:21:38.7252804Z Sent 536870912 of 1316314554 (40.8%), 3.0 MBs/sec
rust	Post Rust Cache	2026-05-24T20:21:39.7252535Z Sent 536870912 of 1316314554 (40.8%), 3.0 MBs/sec
rust	Post Rust Cache	2026-05-24T20:21:40.7255442Z Sent 536870912 of 1316314554 (40.8%), 3.0 MBs/sec
rust	Post Rust Cache	2026-05-24T20:21:41.7256953Z Sent 536870912 of 1316314554 (40.8%), 2.9 MBs/sec
rust	Post Rust Cache	2026-05-24T20:21:42.7260275Z Sent 536870912 of 1316314554 (40.8%), 2.9 MBs/sec
rust	Post Rust Cache	2026-05-24T20:21:43.7258899Z Sent 536870912 of 1316314554 (40.8%), 2.9 MBs/sec
rust	Post Rust Cache	2026-05-24T20:21:44.7262430Z Sent 536870912 of 1316314554 (40.8%), 2.9 MBs/sec
rust	Post Rust Cache	2026-05-24T20:21:45.7264698Z Sent 536870912 of 1316314554 (40.8%), 2.9 MBs/sec
rust	Post Rust Cache	2026-05-24T20:21:46.7261959Z Sent 536870912 of 1316314554 (40.8%), 2.9 MBs/sec
rust	Post Rust Cache	2026-05-24T20:21:47.7265587Z Sent 536870912 of 1316314554 (40.8%), 2.8 MBs/sec
rust	Post Rust Cache	2026-05-24T20:21:48.7275741Z Sent 536870912 of 1316314554 (40.8%), 2.8 MBs/sec
rust	Post Rust Cache	2026-05-24T20:21:49.7286212Z Sent 536870912 of 1316314554 (40.8%), 2.8 MBs/sec
rust	Post Rust Cache	2026-05-24T20:21:50.7289769Z Sent 536870912 of 1316314554 (40.8%), 2.8 MBs/sec
rust	Post Rust Cache	2026-05-24T20:21:51.7293903Z Sent 536870912 of 1316314554 (40.8%), 2.8 MBs/sec
rust	Post Rust Cache	2026-05-24T20:21:52.7294611Z Sent 536870912 of 1316314554 (40.8%), 2.8 MBs/sec
rust	Post Rust Cache	2026-05-24T20:21:53.9078540Z Sent 536870912 of 1316314554 (40.8%), 2.8 MBs/sec
rust	Post Rust Cache	2026-05-24T20:21:58.0481123Z Sent 536870912 of 1316314554 (40.8%), 2.7 MBs/sec
rust	Post Rust Cache	2026-05-24T20:21:59.0481507Z Sent 536870912 of 1316314554 (40.8%), 2.7 MBs/sec
rust	Post Rust Cache	2026-05-24T20:22:00.0483864Z Sent 536870912 of 1316314554 (40.8%), 2.7 MBs/sec
rust	Post Rust Cache	2026-05-24T20:22:01.0480682Z Sent 536870912 of 1316314554 (40.8%), 2.7 MBs/sec
rust	Post Rust Cache	2026-05-24T20:22:02.0487796Z Sent 536870912 of 1316314554 (40.8%), 2.6 MBs/sec
rust	Post Rust Cache	2026-05-24T20:22:03.0488057Z Sent 536870912 of 1316314554 (40.8%), 2.6 MBs/sec
rust	Post Rust Cache	2026-05-24T20:22:04.0483314Z Sent 536870912 of 1316314554 (40.8%), 2.6 MBs/sec
rust	Post Rust Cache	2026-05-24T20:22:05.0507669Z Sent 536870912 of 1316314554 (40.8%), 2.6 MBs/sec
rust	Post Rust Cache	2026-05-24T20:22:06.0478342Z Sent 536870912 of 1316314554 (40.8%), 2.6 MBs/sec
rust	Post Rust Cache	2026-05-24T20:22:07.0490521Z Sent 536870912 of 1316314554 (40.8%), 2.6 MBs/sec
rust	Post Rust Cache	2026-05-24T20:22:08.0496709Z Sent 536870912 of 1316314554 (40.8%), 2.6 MBs/sec
rust	Post Rust Cache	2026-05-24T20:22:09.0494622Z Sent 536870912 of 1316314554 (40.8%), 2.5 MBs/sec
rust	Post Rust Cache	2026-05-24T20:22:10.0496842Z Sent 536870912 of 1316314554 (40.8%), 2.5 MBs/sec
rust	Post Rust Cache	2026-05-24T20:22:11.0491792Z Sent 536870912 of 1316314554 (40.8%), 2.5 MBs/sec
rust	Post Rust Cache	2026-05-24T20:22:12.0493475Z Sent 536870912 of 1316314554 (40.8%), 2.5 MBs/sec
rust	Post Rust Cache	2026-05-24T20:22:13.0494373Z Sent 536870912 of 1316314554 (40.8%), 2.5 MBs/sec
rust	Post Rust Cache	2026-05-24T20:22:14.0499142Z Sent 536870912 of 1316314554 (40.8%), 2.5 MBs/sec
rust	Post Rust Cache	2026-05-24T20:22:15.0501814Z Sent 536870912 of 1316314554 (40.8%), 2.5 MBs/sec
rust	Post Rust Cache	2026-05-24T20:22:16.0510202Z Sent 603979776 of 1316314554 (45.9%), 2.8 MBs/sec
rust	Post Rust Cache	2026-05-24T20:22:17.0518267Z Sent 603979776 of 1316314554 (45.9%), 2.8 MBs/sec
rust	Post Rust Cache	2026-05-24T20:22:18.0529386Z Sent 738197504 of 1316314554 (56.1%), 3.4 MBs/sec
rust	Post Rust Cache	2026-05-24T20:22:19.0539332Z Sent 738197504 of 1316314554 (56.1%), 3.3 MBs/sec
rust	Post Rust Cache	2026-05-24T20:22:20.0541846Z Sent 738197504 of 1316314554 (56.1%), 3.3 MBs/sec
rust	Post Rust Cache	2026-05-24T20:22:21.0544596Z Sent 738197504 of 1316314554 (56.1%), 3.3 MBs/sec
rust	Post Rust Cache	2026-05-24T20:22:22.0548116Z Sent 738197504 of 1316314554 (56.1%), 3.3 MBs/sec
rust	Post Rust Cache	2026-05-24T20:22:23.0555471Z Sent 738197504 of 1316314554 (56.1%), 3.3 MBs/sec
rust	Post Rust Cache	2026-05-24T20:22:24.0555499Z Sent 738197504 of 1316314554 (56.1%), 3.3 MBs/sec
rust	Post Rust Cache	2026-05-24T20:22:25.0551376Z Sent 805306368 of 1316314554 (61.2%), 3.5 MBs/sec
rust	Post Rust Cache	2026-05-24T20:22:26.0553275Z Sent 805306368 of 1316314554 (61.2%), 3.5 MBs/sec
rust	Post Rust Cache	2026-05-24T20:22:27.2495083Z Sent 872415232 of 1316314554 (66.3%), 3.8 MBs/sec
rust	Post Rust Cache	2026-05-24T20:22:31.3911159Z Sent 872415232 of 1316314554 (66.3%), 3.7 MBs/sec
rust	Post Rust Cache	2026-05-24T20:22:32.3912909Z Sent 872415232 of 1316314554 (66.3%), 3.7 MBs/sec
rust	Post Rust Cache	2026-05-24T20:22:33.3914631Z Sent 939524096 of 1316314554 (71.4%), 4.0 MBs/sec
rust	Post Rust Cache	2026-05-24T20:22:34.3909352Z Sent 1006632960 of 1316314554 (76.5%), 4.2 MBs/sec
rust	Post Rust Cache	2026-05-24T20:22:35.3915507Z Sent 1006632960 of 1316314554 (76.5%), 4.2 MBs/sec
rust	Post Rust Cache	2026-05-24T20:22:36.3913130Z Sent 1006632960 of 1316314554 (76.5%), 4.2 MBs/sec
rust	Post Rust Cache	2026-05-24T20:22:37.3917655Z Sent 1006632960 of 1316314554 (76.5%), 4.2 MBs/sec
rust	Post Rust Cache	2026-05-24T20:22:38.3925526Z Sent 1006632960 of 1316314554 (76.5%), 4.2 MBs/sec
rust	Post Rust Cache	2026-05-24T20:22:39.3922279Z Sent 1073741824 of 1316314554 (81.6%), 4.4 MBs/sec
rust	Post Rust Cache	2026-05-24T20:22:40.3923586Z Sent 1073741824 of 1316314554 (81.6%), 4.4 MBs/sec
rust	Post Rust Cache	2026-05-24T20:22:41.3924777Z Sent 1073741824 of 1316314554 (81.6%), 4.4 MBs/sec
rust	Post Rust Cache	2026-05-24T20:22:42.3919372Z Sent 1073741824 of 1316314554 (81.6%), 4.4 MBs/sec
rust	Post Rust Cache	2026-05-24T20:22:43.3925589Z Sent 1073741824 of 1316314554 (81.6%), 4.4 MBs/sec
rust	Post Rust Cache	2026-05-24T20:22:44.3918989Z Sent 1073741824 of 1316314554 (81.6%), 4.3 MBs/sec
rust	Post Rust Cache	2026-05-24T20:22:45.3918285Z Sent 1073741824 of 1316314554 (81.6%), 4.3 MBs/sec
rust	Post Rust Cache	2026-05-24T20:22:46.3975809Z Sent 1073741824 of 1316314554 (81.6%), 4.3 MBs/sec
rust	Post Rust Cache	2026-05-24T20:22:47.3926556Z Sent 1073741824 of 1316314554 (81.6%), 4.3 MBs/sec
rust	Post Rust Cache	2026-05-24T20:22:48.3931060Z Sent 1073741824 of 1316314554 (81.6%), 4.3 MBs/sec
rust	Post Rust Cache	2026-05-24T20:22:49.3936243Z Sent 1073741824 of 1316314554 (81.6%), 4.2 MBs/sec
rust	Post Rust Cache	2026-05-24T20:22:50.3976035Z Sent 1073741824 of 1316314554 (81.6%), 4.2 MBs/sec
rust	Post Rust Cache	2026-05-24T20:22:51.3944532Z Sent 1073741824 of 1316314554 (81.6%), 4.2 MBs/sec
rust	Post Rust Cache	2026-05-24T20:22:52.3937513Z Sent 1073741824 of 1316314554 (81.6%), 4.2 MBs/sec
rust	Post Rust Cache	2026-05-24T20:22:53.3939811Z Sent 1073741824 of 1316314554 (81.6%), 4.2 MBs/sec
rust	Post Rust Cache	2026-05-24T20:22:54.3939373Z Sent 1073741824 of 1316314554 (81.6%), 4.2 MBs/sec
rust	Post Rust Cache	2026-05-24T20:22:55.3942887Z Sent 1073741824 of 1316314554 (81.6%), 4.1 MBs/sec
rust	Post Rust Cache	2026-05-24T20:22:56.3942437Z Sent 1073741824 of 1316314554 (81.6%), 4.1 MBs/sec
rust	Post Rust Cache	2026-05-24T20:22:57.3944792Z Sent 1073741824 of 1316314554 (81.6%), 4.1 MBs/sec
rust	Post Rust Cache	2026-05-24T20:22:58.3939426Z Sent 1073741824 of 1316314554 (81.6%), 4.1 MBs/sec
rust	Post Rust Cache	2026-05-24T20:22:59.3946186Z Sent 1114987962 of 1316314554 (84.7%), 4.2 MBs/sec
rust	Post Rust Cache	2026-05-24T20:23:00.5873367Z Sent 1114987962 of 1316314554 (84.7%), 4.2 MBs/sec
rust	Post Rust Cache	2026-05-24T20:23:04.7378113Z Sent 1114987962 of 1316314554 (84.7%), 4.1 MBs/sec
rust	Post Rust Cache	2026-05-24T20:23:05.7379267Z Sent 1114987962 of 1316314554 (84.7%), 4.1 MBs/sec
rust	Post Rust Cache	2026-05-24T20:23:06.7377617Z Sent 1114987962 of 1316314554 (84.7%), 4.1 MBs/sec
rust	Post Rust Cache	2026-05-24T20:23:07.7402878Z Sent 1114987962 of 1316314554 (84.7%), 4.1 MBs/sec
rust	Post Rust Cache	2026-05-24T20:23:08.7375720Z Sent 1114987962 of 1316314554 (84.7%), 4.1 MBs/sec
rust	Post Rust Cache	2026-05-24T20:23:09.7375182Z Sent 1114987962 of 1316314554 (84.7%), 4.1 MBs/sec
rust	Post Rust Cache	2026-05-24T20:23:10.7382078Z Sent 1114987962 of 1316314554 (84.7%), 4.0 MBs/sec
rust	Post Rust Cache	2026-05-24T20:23:11.7385474Z Sent 1114987962 of 1316314554 (84.7%), 4.0 MBs/sec
rust	Post Rust Cache	2026-05-24T20:23:12.7387883Z Sent 1114987962 of 1316314554 (84.7%), 4.0 MBs/sec
rust	Post Rust Cache	2026-05-24T20:23:13.7394731Z Sent 1114987962 of 1316314554 (84.7%), 4.0 MBs/sec
rust	Post Rust Cache	2026-05-24T20:23:14.7403752Z Sent 1114987962 of 1316314554 (84.7%), 4.0 MBs/sec
rust	Post Rust Cache	2026-05-24T20:23:15.7404246Z Sent 1114987962 of 1316314554 (84.7%), 4.0 MBs/sec
rust	Post Rust Cache	2026-05-24T20:23:16.7405344Z Sent 1182096826 of 1316314554 (89.8%), 4.2 MBs/sec
rust	Post Rust Cache	2026-05-24T20:23:17.7407788Z Sent 1249205690 of 1316314554 (94.9%), 4.4 MBs/sec
rust	Post Rust Cache	2026-05-24T20:23:18.7412118Z Sent 1249205690 of 1316314554 (94.9%), 4.4 MBs/sec
rust	Post Rust Cache	2026-05-24T20:23:19.7411648Z Sent 1249205690 of 1316314554 (94.9%), 4.4 MBs/sec
rust	Post Rust Cache	2026-05-24T20:23:20.7412454Z Sent 1249205690 of 1316314554 (94.9%), 4.4 MBs/sec
rust	Post Rust Cache	2026-05-24T20:23:21.7416119Z Sent 1249205690 of 1316314554 (94.9%), 4.4 MBs/sec
rust	Post Rust Cache	2026-05-24T20:23:21.8762548Z Sent 1316314554 of 1316314554 (100.0%), 4.6 MBs/sec
rust	Post Run actions/checkout@v4	﻿2026-05-24T20:23:22.6176134Z Post job cleanup.
rust	Post Run actions/checkout@v4	2026-05-24T20:23:22.7989642Z [command]/usr/bin/git version
rust	Post Run actions/checkout@v4	2026-05-24T20:23:22.8029166Z git version 2.43.0
rust	Post Run actions/checkout@v4	2026-05-24T20:23:22.8085713Z Temporarily overriding HOME='/root/actions-runner-civicnewspaper/_work/_temp/f8e10917-eee6-4124-99f8-38d3d4b3cbdb' before making global git config changes
rust	Post Run actions/checkout@v4	2026-05-24T20:23:22.8095431Z Adding repository directory to the temporary git global config as a safe directory
rust	Post Run actions/checkout@v4	2026-05-24T20:23:22.8096145Z [command]/usr/bin/git config --global --add safe.directory /root/actions-runner-civicnewspaper/_work/CivicNewspaper/CivicNewspaper
rust	Post Run actions/checkout@v4	2026-05-24T20:23:22.8133841Z [command]/usr/bin/git config --local --name-only --get-regexp core\.sshCommand
rust	Post Run actions/checkout@v4	2026-05-24T20:23:22.8173066Z [command]/usr/bin/git submodule foreach --recursive sh -c "git config --local --name-only --get-regexp 'core\.sshCommand' && git config --local --unset-all 'core.sshCommand' || :"
rust	Post Run actions/checkout@v4	2026-05-24T20:23:22.8556540Z [command]/usr/bin/git config --local --name-only --get-regexp http\.https\:\/\/github\.com\/\.extraheader
rust	Post Run actions/checkout@v4	2026-05-24T20:23:22.8595695Z http.https://github.com/.extraheader
rust	Post Run actions/checkout@v4	2026-05-24T20:23:22.8611756Z [command]/usr/bin/git config --local --unset-all http.https://github.com/.extraheader
rust	Post Run actions/checkout@v4	2026-05-24T20:23:22.8669494Z [command]/usr/bin/git submodule foreach --recursive sh -c "git config --local --name-only --get-regexp 'http\.https\:\/\/github\.com\/\.extraheader' && git config --local --unset-all 'http.https://github.com/.extraheader' || :"
rust	Post Run actions/checkout@v4	2026-05-24T20:23:22.9034303Z [command]/usr/bin/git config --local --name-only --get-regexp ^includeIf\.gitdir:
rust	Post Run actions/checkout@v4	2026-05-24T20:23:22.9070254Z [command]/usr/bin/git submodule foreach --recursive git config --local --show-origin --name-only --get-regexp remote.origin.url
rust	Complete job	﻿2026-05-24T20:23:22.9557080Z Cleaning up orphan processes
rust	Complete job	2026-05-24T20:23:22.9709491Z ##[warning]Node.js 20 actions are deprecated. The following actions are running on Node.js 20 and may not work as expected: actions/checkout@v4. Actions will be forced to run with Node.js 24 by default starting June 2nd, 2026. Node.js 20 will be removed from the runner on September 16th, 2026. Please check if updated versions of these actions are available that support Node.js 24. To opt into Node.js 24 now, set the FORCE_JAVASCRIPT_ACTIONS_TO_NODE24=true environment variable on the runner or in your workflow file. Once Node.js 24 becomes the default, you can temporarily opt out by setting ACTIONS_ALLOW_USE_UNSECURE_NODE_VERSION=true. For more information see: https://github.blog/changelog/2025-09-19-deprecation-of-node-20-on-github-actions-runners/
frontend	Set up job	﻿2026-05-24T20:23:28.4696453Z Current runner version: '2.334.0'
frontend	Set up job	2026-05-24T20:23:28.4701755Z Runner name: 'scott-desktop-wsl'
frontend	Set up job	2026-05-24T20:23:28.4702218Z Runner group name: 'Default'
frontend	Set up job	2026-05-24T20:23:28.4702769Z Machine name: 'TinyRyzen7'
frontend	Set up job	2026-05-24T20:23:28.4706046Z ##[group]GITHUB_TOKEN Permissions
frontend	Set up job	2026-05-24T20:23:28.4708043Z Actions: write
frontend	Set up job	2026-05-24T20:23:28.4708394Z ArtifactMetadata: write
frontend	Set up job	2026-05-24T20:23:28.4708721Z Attestations: write
frontend	Set up job	2026-05-24T20:23:28.4709022Z Checks: write
frontend	Set up job	2026-05-24T20:23:28.4709295Z CodeQuality: write
frontend	Set up job	2026-05-24T20:23:28.4709582Z Contents: write
frontend	Set up job	2026-05-24T20:23:28.4709862Z Deployments: write
frontend	Set up job	2026-05-24T20:23:28.4710144Z Discussions: write
frontend	Set up job	2026-05-24T20:23:28.4710423Z Issues: write
frontend	Set up job	2026-05-24T20:23:28.4710687Z Metadata: read
frontend	Set up job	2026-05-24T20:23:28.4710956Z Models: read
frontend	Set up job	2026-05-24T20:23:28.4711215Z Packages: write
frontend	Set up job	2026-05-24T20:23:28.4711488Z Pages: write
frontend	Set up job	2026-05-24T20:23:28.4711752Z PullRequests: write
frontend	Set up job	2026-05-24T20:23:28.4712048Z RepositoryProjects: write
frontend	Set up job	2026-05-24T20:23:28.4712363Z SecurityEvents: write
frontend	Set up job	2026-05-24T20:23:28.4712764Z Statuses: write
frontend	Set up job	2026-05-24T20:23:28.4713049Z VulnerabilityAlerts: read
frontend	Set up job	2026-05-24T20:23:28.4713351Z ##[endgroup]
frontend	Set up job	2026-05-24T20:23:28.4715197Z Secret source: Actions
frontend	Set up job	2026-05-24T20:23:28.4715619Z Prepare workflow directory
frontend	Set up job	2026-05-24T20:23:28.5142554Z Prepare all required actions
frontend	Set up job	2026-05-24T20:23:28.5172630Z Getting action download info
frontend	Set up job	2026-05-24T20:23:28.9572196Z Download action repository 'actions/checkout@v4' (SHA:34e114876b0b11c390a56381ad16ebd13914f8d5)
frontend	Set up job	2026-05-24T20:23:29.5523538Z Download action repository 'actions/setup-node@v4' (SHA:49933ea5288caeca8642d1e84afbd3f7d6820020)
frontend	Set up job	2026-05-24T20:23:30.2309512Z Download action repository 'dtolnay/rust-toolchain@master' (SHA:3c5f7ea28cd621ae0bf5283f0e981fb97b8a7af9)
frontend	Set up job	2026-05-24T20:23:30.7041158Z Complete job name: frontend
frontend	Run actions/checkout@v4	﻿2026-05-24T20:23:30.7923335Z ##[group]Run actions/checkout@v4
frontend	Run actions/checkout@v4	2026-05-24T20:23:30.7926021Z with:
frontend	Run actions/checkout@v4	2026-05-24T20:23:30.7926969Z   repository: scottconverse/CivicNewspaper
frontend	Run actions/checkout@v4	2026-05-24T20:23:30.7928957Z   token: ***
frontend	Run actions/checkout@v4	2026-05-24T20:23:30.7929930Z   ssh-strict: true
frontend	Run actions/checkout@v4	2026-05-24T20:23:30.7930791Z   ssh-user: git
frontend	Run actions/checkout@v4	2026-05-24T20:23:30.7931632Z   persist-credentials: true
frontend	Run actions/checkout@v4	2026-05-24T20:23:30.7932611Z   clean: true
frontend	Run actions/checkout@v4	2026-05-24T20:23:30.7933487Z   sparse-checkout-cone-mode: true
frontend	Run actions/checkout@v4	2026-05-24T20:23:30.7934667Z   fetch-depth: 1
frontend	Run actions/checkout@v4	2026-05-24T20:23:30.7935717Z   fetch-tags: false
frontend	Run actions/checkout@v4	2026-05-24T20:23:30.7937246Z   show-progress: true
frontend	Run actions/checkout@v4	2026-05-24T20:23:30.7938401Z   lfs: false
frontend	Run actions/checkout@v4	2026-05-24T20:23:30.7939332Z   submodules: false
frontend	Run actions/checkout@v4	2026-05-24T20:23:30.7940396Z   set-safe-directory: true
frontend	Run actions/checkout@v4	2026-05-24T20:23:30.7943073Z ##[endgroup]
frontend	Run actions/checkout@v4	2026-05-24T20:23:30.9325327Z Syncing repository: scottconverse/CivicNewspaper
frontend	Run actions/checkout@v4	2026-05-24T20:23:30.9327774Z ##[group]Getting Git version info
frontend	Run actions/checkout@v4	2026-05-24T20:23:30.9329012Z Working directory is '/root/actions-runner-civicnewspaper/_work/CivicNewspaper/CivicNewspaper'
frontend	Run actions/checkout@v4	2026-05-24T20:23:30.9771225Z [command]/usr/bin/git version
frontend	Run actions/checkout@v4	2026-05-24T20:23:30.9805849Z git version 2.43.0
frontend	Run actions/checkout@v4	2026-05-24T20:23:30.9825947Z ##[endgroup]
frontend	Run actions/checkout@v4	2026-05-24T20:23:30.9847547Z Temporarily overriding HOME='/root/actions-runner-civicnewspaper/_work/_temp/0d06a458-b2eb-4ee4-9de6-ce435db7c308' before making global git config changes
frontend	Run actions/checkout@v4	2026-05-24T20:23:30.9849802Z Adding repository directory to the temporary git global config as a safe directory
frontend	Run actions/checkout@v4	2026-05-24T20:23:30.9851989Z [command]/usr/bin/git config --global --add safe.directory /root/actions-runner-civicnewspaper/_work/CivicNewspaper/CivicNewspaper
frontend	Run actions/checkout@v4	2026-05-24T20:23:30.9898732Z [command]/usr/bin/git config --local --get remote.origin.url
frontend	Run actions/checkout@v4	2026-05-24T20:23:30.9924777Z https://github.com/scottconverse/CivicNewspaper
frontend	Run actions/checkout@v4	2026-05-24T20:23:30.9940133Z ##[group]Removing previously created refs, to avoid conflicts
frontend	Run actions/checkout@v4	2026-05-24T20:23:30.9943259Z [command]/usr/bin/git rev-parse --symbolic-full-name --verify --quiet HEAD
frontend	Run actions/checkout@v4	2026-05-24T20:23:30.9968763Z HEAD
frontend	Run actions/checkout@v4	2026-05-24T20:23:31.0009205Z ##[endgroup]
frontend	Run actions/checkout@v4	2026-05-24T20:23:31.0010029Z [command]/usr/bin/git submodule status
frontend	Run actions/checkout@v4	2026-05-24T20:23:31.0294219Z ##[group]Cleaning the repository
frontend	Run actions/checkout@v4	2026-05-24T20:23:31.0295978Z [command]/usr/bin/git clean -ffdx
frontend	Run actions/checkout@v4	2026-05-24T20:23:32.5674245Z Removing src-tauri/gen/
frontend	Run actions/checkout@v4	2026-05-24T20:23:32.5674778Z Removing src-tauri/target/
frontend	Run actions/checkout@v4	2026-05-24T20:23:32.5685508Z [command]/usr/bin/git reset --hard HEAD
frontend	Run actions/checkout@v4	2026-05-24T20:23:32.5754902Z HEAD is now at 0dfb040 Merge 496886c8131a54a834675f2acaff38bfd474b8ac into 5fcd6a56fdba2c1292b009be95450246be70a58e
frontend	Run actions/checkout@v4	2026-05-24T20:23:32.5759499Z ##[endgroup]
frontend	Run actions/checkout@v4	2026-05-24T20:23:32.5761617Z ##[group]Disabling automatic garbage collection
frontend	Run actions/checkout@v4	2026-05-24T20:23:32.5766678Z [command]/usr/bin/git config --local gc.auto 0
frontend	Run actions/checkout@v4	2026-05-24T20:23:32.5815678Z ##[endgroup]
frontend	Run actions/checkout@v4	2026-05-24T20:23:32.5816194Z ##[group]Setting up auth
frontend	Run actions/checkout@v4	2026-05-24T20:23:32.5820772Z [command]/usr/bin/git config --local --name-only --get-regexp core\.sshCommand
frontend	Run actions/checkout@v4	2026-05-24T20:23:32.5856539Z [command]/usr/bin/git submodule foreach --recursive sh -c "git config --local --name-only --get-regexp 'core\.sshCommand' && git config --local --unset-all 'core.sshCommand' || :"
frontend	Run actions/checkout@v4	2026-05-24T20:23:32.6150632Z [command]/usr/bin/git config --local --name-only --get-regexp http\.https\:\/\/github\.com\/\.extraheader
frontend	Run actions/checkout@v4	2026-05-24T20:23:32.6192878Z [command]/usr/bin/git submodule foreach --recursive sh -c "git config --local --name-only --get-regexp 'http\.https\:\/\/github\.com\/\.extraheader' && git config --local --unset-all 'http.https://github.com/.extraheader' || :"
frontend	Run actions/checkout@v4	2026-05-24T20:23:32.6534603Z [command]/usr/bin/git config --local --name-only --get-regexp ^includeIf\.gitdir:
frontend	Run actions/checkout@v4	2026-05-24T20:23:32.6590225Z [command]/usr/bin/git submodule foreach --recursive git config --local --show-origin --name-only --get-regexp remote.origin.url
frontend	Run actions/checkout@v4	2026-05-24T20:23:32.6900490Z [command]/usr/bin/git config --local http.https://github.com/.extraheader AUTHORIZATION: basic ***
frontend	Run actions/checkout@v4	2026-05-24T20:23:32.6941991Z ##[endgroup]
frontend	Run actions/checkout@v4	2026-05-24T20:23:32.6942541Z ##[group]Fetching the repository
frontend	Run actions/checkout@v4	2026-05-24T20:23:32.6948508Z [command]/usr/bin/git -c protocol.version=2 fetch --no-tags --prune --no-recurse-submodules --depth=1 origin +0dfb04089572130dc9b0403f3e88274a5e716857:refs/remotes/pull/13/merge
frontend	Run actions/checkout@v4	2026-05-24T20:23:33.0977275Z ##[endgroup]
frontend	Run actions/checkout@v4	2026-05-24T20:23:33.0977944Z ##[group]Determining the checkout info
frontend	Run actions/checkout@v4	2026-05-24T20:23:33.0978406Z ##[endgroup]
frontend	Run actions/checkout@v4	2026-05-24T20:23:33.0982486Z [command]/usr/bin/git sparse-checkout disable
frontend	Run actions/checkout@v4	2026-05-24T20:23:33.1029320Z [command]/usr/bin/git config --local --unset-all extensions.worktreeConfig
frontend	Run actions/checkout@v4	2026-05-24T20:23:33.1072557Z ##[group]Checking out the ref
frontend	Run actions/checkout@v4	2026-05-24T20:23:33.1076366Z [command]/usr/bin/git checkout --progress --force refs/remotes/pull/13/merge
frontend	Run actions/checkout@v4	2026-05-24T20:23:33.1117971Z HEAD is now at 0dfb040 Merge 496886c8131a54a834675f2acaff38bfd474b8ac into 5fcd6a56fdba2c1292b009be95450246be70a58e
frontend	Run actions/checkout@v4	2026-05-24T20:23:33.1122631Z ##[endgroup]
frontend	Run actions/checkout@v4	2026-05-24T20:23:33.1165317Z [command]/usr/bin/git log -1 --format=%H
frontend	Run actions/checkout@v4	2026-05-24T20:23:33.1197022Z 0dfb04089572130dc9b0403f3e88274a5e716857
frontend	Setup Node.js	﻿2026-05-24T20:23:33.1496084Z ##[group]Run actions/setup-node@v4
frontend	Setup Node.js	2026-05-24T20:23:33.1496393Z with:
frontend	Setup Node.js	2026-05-24T20:23:33.1496667Z   node-version: 20
frontend	Setup Node.js	2026-05-24T20:23:33.1496845Z   cache: npm
frontend	Setup Node.js	2026-05-24T20:23:33.1496996Z   always-auth: false
frontend	Setup Node.js	2026-05-24T20:23:33.1497144Z   check-latest: false
frontend	Setup Node.js	2026-05-24T20:23:33.1497537Z   token: ***
frontend	Setup Node.js	2026-05-24T20:23:33.1497674Z ##[endgroup]
frontend	Setup Node.js	2026-05-24T20:23:33.3093690Z Found in cache @ /root/actions-runner-civicnewspaper/_work/_tool/node/20.20.2/x64
frontend	Setup Node.js	2026-05-24T20:23:33.3098886Z ##[group]Environment details
frontend	Setup Node.js	2026-05-24T20:23:33.8988857Z node: v20.20.2
frontend	Setup Node.js	2026-05-24T20:23:33.8989281Z npm: 10.8.2
frontend	Setup Node.js	2026-05-24T20:23:33.8989454Z yarn: 
frontend	Setup Node.js	2026-05-24T20:23:33.8990520Z ##[endgroup]
frontend	Setup Node.js	2026-05-24T20:23:33.9707386Z [command]/root/actions-runner-civicnewspaper/_work/_tool/node/20.20.2/x64/bin/npm config get cache
frontend	Setup Node.js	2026-05-24T20:23:37.2358995Z /root/.npm
frontend	Setup Node.js	2026-05-24T20:23:37.5800949Z npm cache is not found
frontend	Run npm ci	﻿2026-05-24T20:23:37.5991169Z ##[group]Run npm ci
frontend	Run npm ci	2026-05-24T20:23:37.5991432Z [36;1mnpm ci[0m
frontend	Run npm ci	2026-05-24T20:23:37.6062569Z shell: /usr/bin/bash -e {0}
frontend	Run npm ci	2026-05-24T20:23:37.6062854Z ##[endgroup]
frontend	Run npm ci	2026-05-24T20:23:39.2941615Z npm warn deprecated whatwg-encoding@3.1.1: Use @exodus/bytes instead for a more spec-conformant and faster implementation
frontend	Run npm ci	2026-05-24T20:23:41.5199937Z 
frontend	Run npm ci	2026-05-24T20:23:41.5200732Z added 193 packages, and audited 194 packages in 4s
frontend	Run npm ci	2026-05-24T20:23:41.5201176Z 
frontend	Run npm ci	2026-05-24T20:23:41.5201360Z 34 packages are looking for funding
frontend	Run npm ci	2026-05-24T20:23:41.5201640Z   run `npm fund` for details
frontend	Run npm ci	2026-05-24T20:23:41.5413279Z 
frontend	Run npm ci	2026-05-24T20:23:41.5414474Z 5 moderate severity vulnerabilities
frontend	Run npm ci	2026-05-24T20:23:41.5414827Z 
frontend	Run npm ci	2026-05-24T20:23:41.5415105Z To address all issues (including breaking changes), run:
frontend	Run npm ci	2026-05-24T20:23:41.5415515Z   npm audit fix --force
frontend	Run npm ci	2026-05-24T20:23:41.5415677Z 
frontend	Run npm ci	2026-05-24T20:23:41.5415808Z Run `npm audit` for details.
frontend	Vitest	﻿2026-05-24T20:23:41.6115007Z ##[group]Run npm test
frontend	Vitest	2026-05-24T20:23:41.6115262Z [36;1mnpm test[0m
frontend	Vitest	2026-05-24T20:23:41.6188636Z shell: /usr/bin/bash -e {0}
frontend	Vitest	2026-05-24T20:23:41.6188932Z ##[endgroup]
frontend	Vitest	2026-05-24T20:23:41.7492956Z 
frontend	Vitest	2026-05-24T20:23:41.7493707Z > civicnews@0.1.1 test
frontend	Vitest	2026-05-24T20:23:41.7493991Z > vitest run --no-color
frontend	Vitest	2026-05-24T20:23:41.7494140Z 
frontend	Vitest	2026-05-24T20:23:42.0892043Z 
frontend	Vitest	2026-05-24T20:23:42.0893029Z  RUN  v2.1.9 /root/actions-runner-civicnewspaper/_work/CivicNewspaper/CivicNewspaper
frontend	Vitest	2026-05-24T20:23:42.0893403Z 
frontend	Vitest	2026-05-24T20:23:44.3329843Z  ✓ src/useApp.test.tsx (1 test) 62ms
frontend	Vitest	2026-05-24T20:23:44.5011228Z  ✓ src/components/SettingsPanel.test.tsx (1 test) 244ms
frontend	Vitest	2026-05-24T20:23:44.5717807Z  ✓ src/components/AppContent.test.tsx (1 test) 51ms
frontend	Vitest	2026-05-24T20:23:44.5791319Z  ✓ src/components/LeadQueue.test.tsx (1 test) 142ms
frontend	Vitest	2026-05-24T20:23:44.5944759Z  ✓ src/components/Layout.test.tsx (2 tests) 170ms
frontend	Vitest	2026-05-24T20:23:44.5987830Z  ✓ src/components/SystemStatus.test.tsx (2 tests) 119ms
frontend	Vitest	2026-05-24T20:23:44.6399620Z  ✓ src/components/SourcesPanel.test.tsx (1 test) 196ms
frontend	Vitest	2026-05-24T20:23:44.6431208Z  ✓ src/components/Workbench.test.tsx (2 tests) 225ms
frontend	Vitest	2026-05-24T20:23:44.6718978Z  ✓ src/components/PublishPanel.test.tsx (2 tests) 251ms
frontend	Vitest	2026-05-24T20:23:44.7607765Z  ✓ src/components/PairDialog.test.tsx (1 test) 329ms
frontend	Vitest	2026-05-24T20:23:44.7609180Z    ✓ PairDialog Component Tests > clicking Generate Token, pasting token, and revoking paired client actions 327ms
frontend	Vitest	2026-05-24T20:23:44.9499172Z  ✓ src/components/OnboardingWizard.test.tsx (3 tests) 522ms
frontend	Vitest	2026-05-24T20:23:44.9499898Z    ✓ OnboardingWizard Component Tests > Happy path: completes onboarding and calls onComplete 446ms
frontend	Vitest	2026-05-24T20:23:44.9790382Z 
frontend	Vitest	2026-05-24T20:23:44.9798213Z  Test Files  11 passed (11)
frontend	Vitest	2026-05-24T20:23:44.9799138Z       Tests  17 passed (17)
frontend	Vitest	2026-05-24T20:23:44.9799573Z    Start at  14:23:42
frontend	Vitest	2026-05-24T20:23:44.9802089Z    Duration  2.89s (transform 1.48s, setup 2.92s, collect 6.14s, tests 2.31s, environment 12.56s, prepare 1.49s)
frontend	Vitest	2026-05-24T20:23:44.9802632Z 
frontend	Run npm run build	﻿2026-05-24T20:23:45.0382723Z ##[group]Run npm run build
frontend	Run npm run build	2026-05-24T20:23:45.0382973Z [36;1mnpm run build[0m
frontend	Run npm run build	2026-05-24T20:23:45.0464309Z shell: /usr/bin/bash -e {0}
frontend	Run npm run build	2026-05-24T20:23:45.0464571Z ##[endgroup]
frontend	Run npm run build	2026-05-24T20:23:45.1867822Z 
frontend	Run npm run build	2026-05-24T20:23:45.1868317Z > civicnews@0.1.1 build
frontend	Run npm run build	2026-05-24T20:23:45.1868702Z > tsc && vite build
frontend	Run npm run build	2026-05-24T20:23:45.1868860Z 
frontend	Run npm run build	2026-05-24T20:23:47.8173197Z [36mvite v7.3.3 [32mbuilding client environment for production...[36m[39m
frontend	Run npm run build	2026-05-24T20:23:47.8781469Z transforming...
frontend	Run npm run build	2026-05-24T20:23:49.7312989Z [32m✓[39m 1600 modules transformed.
frontend	Run npm run build	2026-05-24T20:23:49.8179287Z rendering chunks...
frontend	Run npm run build	2026-05-24T20:23:49.8993549Z computing gzip size...
frontend	Run npm run build	2026-05-24T20:23:49.9077503Z [2mdist/[22m[32mindex.html                 [39m[1m[2m  0.47 kB[22m[1m[22m[2m │ gzip:  0.31 kB[22m
frontend	Run npm run build	2026-05-24T20:23:49.9078339Z [2mdist/[22m[2massets/[22m[35mindex-EHgBFZbA.css  [39m[1m[2m 11.37 kB[22m[1m[22m[2m │ gzip:  2.82 kB[22m
frontend	Run npm run build	2026-05-24T20:23:49.9079125Z [2mdist/[22m[2massets/[22m[36mindex-IRgwzAWs.js   [39m[1m[2m  0.12 kB[22m[1m[22m[2m │ gzip:  0.13 kB[22m
frontend	Run npm run build	2026-05-24T20:23:49.9079969Z [2mdist/[22m[2massets/[22m[36mindex-D1rfGd2q.js   [39m[1m[2m  1.04 kB[22m[1m[22m[2m │ gzip:  0.49 kB[22m
frontend	Run npm run build	2026-05-24T20:23:49.9081160Z [2mdist/[22m[2massets/[22m[36mindex-2l4S8WfV.js   [39m[1m[2m276.98 kB[22m[1m[22m[2m │ gzip: 82.61 kB[22m
frontend	Run npm run build	2026-05-24T20:23:49.9082187Z [32m✓ built in 2.06s[39m
frontend	Setup Rust	﻿2026-05-24T20:23:50.0064840Z ##[group]Run dtolnay/rust-toolchain@master
frontend	Setup Rust	2026-05-24T20:23:50.0065079Z with:
frontend	Setup Rust	2026-05-24T20:23:50.0065200Z   toolchain: 1.94.0
frontend	Setup Rust	2026-05-24T20:23:50.0065345Z   components: rustfmt, clippy
frontend	Setup Rust	2026-05-24T20:23:50.0065507Z ##[endgroup]
frontend	Setup Rust	2026-05-24T20:23:50.0176337Z ##[group]Run : parse toolchain version
frontend	Setup Rust	2026-05-24T20:23:50.0176707Z [36;1m: parse toolchain version[0m
frontend	Setup Rust	2026-05-24T20:23:50.0176911Z [36;1mif [[ -z $toolchain ]]; then[0m
frontend	Setup Rust	2026-05-24T20:23:50.0177298Z [36;1m  # GitHub does not enforce `required: true` inputs itself. https://github.com/actions/runner/issues/1070[0m
frontend	Setup Rust	2026-05-24T20:23:50.0177725Z [36;1m  echo "'toolchain' is a required input" >&2[0m
frontend	Setup Rust	2026-05-24T20:23:50.0177949Z [36;1m  exit 1[0m
frontend	Setup Rust	2026-05-24T20:23:50.0178206Z [36;1melif [[ $toolchain =~ ^stable' '[0-9]+' '(year|month|week|day)s?' 'ago$ ]]; then[0m
frontend	Setup Rust	2026-05-24T20:23:50.0178532Z [36;1m  if [[ Linux == macOS ]]; then[0m
frontend	Setup Rust	2026-05-24T20:23:50.0178925Z [36;1m    echo "toolchain=1.$((($(date -v-$(sed 's/stable \([0-9]*\) \(.\).*/\1\2/' <<< $toolchain) +%s)/60/60/24-16569)/7/6))" >> $GITHUB_OUTPUT[0m
frontend	Setup Rust	2026-05-24T20:23:50.0179347Z [36;1m  else[0m
frontend	Setup Rust	2026-05-24T20:23:50.0179643Z [36;1m    echo "toolchain=1.$((($(date --date "${toolchain#stable }" +%s)/60/60/24-16569)/7/6))" >> $GITHUB_OUTPUT[0m
frontend	Setup Rust	2026-05-24T20:23:50.0179983Z [36;1m  fi[0m
frontend	Setup Rust	2026-05-24T20:23:50.0180198Z [36;1melif [[ $toolchain =~ ^stable' 'minus' '[0-9]+' 'releases?$ ]]; then[0m
frontend	Setup Rust	2026-05-24T20:23:50.0180598Z [36;1m  echo "toolchain=1.$((($(date +%s)/60/60/24-16569)/7/6-${toolchain//[^0-9]/}))" >> $GITHUB_OUTPUT[0m
frontend	Setup Rust	2026-05-24T20:23:50.0180935Z [36;1melif [[ $toolchain =~ ^1\.[0-9]+$ ]]; then[0m
frontend	Setup Rust	2026-05-24T20:23:50.0181301Z [36;1m  echo "toolchain=1.$((i=${toolchain#1.}, c=($(date +%s)/60/60/24-16569)/7/6, i+9*i*(10*i<=c)+90*i*(100*i<=c)))" >> $GITHUB_OUTPUT[0m
frontend	Setup Rust	2026-05-24T20:23:50.0181646Z [36;1melse[0m
frontend	Setup Rust	2026-05-24T20:23:50.0181829Z [36;1m  echo "toolchain=$toolchain" >> $GITHUB_OUTPUT[0m
frontend	Setup Rust	2026-05-24T20:23:50.0182037Z [36;1mfi[0m
frontend	Setup Rust	2026-05-24T20:23:50.0242413Z shell: /usr/bin/bash --noprofile --norc -e -o pipefail {0}
frontend	Setup Rust	2026-05-24T20:23:50.0243056Z env:
frontend	Setup Rust	2026-05-24T20:23:50.0243753Z   toolchain: 1.94.0
frontend	Setup Rust	2026-05-24T20:23:50.0243958Z ##[endgroup]
frontend	Setup Rust	2026-05-24T20:23:50.0386202Z ##[group]Run : construct rustup command line
frontend	Setup Rust	2026-05-24T20:23:50.0386477Z [36;1m: construct rustup command line[0m
frontend	Setup Rust	2026-05-24T20:23:50.0386794Z [36;1mecho "targets=$(for t in ${targets//,/ }; do echo -n ' --target' $t; done)" >> $GITHUB_OUTPUT[0m
frontend	Setup Rust	2026-05-24T20:23:50.0387262Z [36;1mecho "components=$(for c in ${components//,/ }; do echo -n ' --component' $c; done)" >> $GITHUB_OUTPUT[0m
frontend	Setup Rust	2026-05-24T20:23:50.0387605Z [36;1mecho "downgrade=" >> $GITHUB_OUTPUT[0m
frontend	Setup Rust	2026-05-24T20:23:50.0456938Z shell: /usr/bin/bash --noprofile --norc -e -o pipefail {0}
frontend	Setup Rust	2026-05-24T20:23:50.0457332Z env:
frontend	Setup Rust	2026-05-24T20:23:50.0457477Z   targets: 
frontend	Setup Rust	2026-05-24T20:23:50.0457637Z   components: rustfmt, clippy
frontend	Setup Rust	2026-05-24T20:23:50.0457806Z ##[endgroup]
frontend	Setup Rust	2026-05-24T20:23:50.0648454Z ##[group]Run : set $CARGO_HOME
frontend	Setup Rust	2026-05-24T20:23:50.0648680Z [36;1m: set $CARGO_HOME[0m
frontend	Setup Rust	2026-05-24T20:23:50.0648916Z [36;1mecho CARGO_HOME=${CARGO_HOME:-"$HOME/.cargo"} >> $GITHUB_ENV[0m
frontend	Setup Rust	2026-05-24T20:23:50.0714684Z shell: /usr/bin/bash --noprofile --norc -e -o pipefail {0}
frontend	Setup Rust	2026-05-24T20:23:50.0715062Z ##[endgroup]
frontend	Setup Rust	2026-05-24T20:23:50.1541335Z ##[group]Run : install rustup if needed
frontend	Setup Rust	2026-05-24T20:23:50.1541578Z [36;1m: install rustup if needed[0m
frontend	Setup Rust	2026-05-24T20:23:50.1541770Z [36;1mif ! command -v rustup &>/dev/null; then[0m
frontend	Setup Rust	2026-05-24T20:23:50.1542281Z [36;1m  curl --proto '=https' --tlsv1.2 --retry 10 --retry-connrefused --location --silent --show-error --fail https://sh.rustup.rs | sh -s -- --default-toolchain none -y[0m
frontend	Setup Rust	2026-05-24T20:23:50.1542788Z [36;1m  echo "$CARGO_HOME/bin" >> $GITHUB_PATH[0m
frontend	Setup Rust	2026-05-24T20:23:50.1542967Z [36;1mfi[0m
frontend	Setup Rust	2026-05-24T20:23:50.1602005Z shell: /usr/bin/bash --noprofile --norc -e -o pipefail {0}
frontend	Setup Rust	2026-05-24T20:23:50.1602647Z env:
frontend	Setup Rust	2026-05-24T20:23:50.1602823Z   CARGO_HOME: /.cargo
frontend	Setup Rust	2026-05-24T20:23:50.1603010Z ##[endgroup]
frontend	Setup Rust	2026-05-24T20:23:50.3971904Z info: downloading installer
frontend	Setup Rust	2026-05-24T20:23:51.1013027Z warn: It looks like you have an existing rustup settings file at:
frontend	Setup Rust	2026-05-24T20:23:51.1013464Z warn: /root/.rustup/settings.toml
frontend	Setup Rust	2026-05-24T20:23:51.1013888Z warn: Rustup will install the default toolchain as specified in the settings file,
frontend	Setup Rust	2026-05-24T20:23:51.1014371Z warn: instead of the one inferred from the default host triple.
frontend	Setup Rust	2026-05-24T20:23:51.8093167Z info: profile set to default
frontend	Setup Rust	2026-05-24T20:23:51.8093835Z info: default host triple is x86_64-unknown-linux-gnu
frontend	Setup Rust	2026-05-24T20:23:51.8094385Z info: skipping toolchain installation
frontend	Setup Rust	2026-05-24T20:23:51.8094687Z 
frontend	Setup Rust	2026-05-24T20:23:51.8094717Z 
frontend	Setup Rust	2026-05-24T20:23:51.8094916Z Rust is installed now. Great!
frontend	Setup Rust	2026-05-24T20:23:51.8095119Z 
frontend	Setup Rust	2026-05-24T20:23:51.8095303Z To get started you may need to restart your current shell.
frontend	Setup Rust	2026-05-24T20:23:51.8095706Z This would reload your PATH environment variable to include
frontend	Setup Rust	2026-05-24T20:23:51.8096175Z Cargo's bin directory (/.cargo/bin).
frontend	Setup Rust	2026-05-24T20:23:51.8096414Z 
frontend	Setup Rust	2026-05-24T20:23:51.8096631Z To configure your current shell, you need to source
frontend	Setup Rust	2026-05-24T20:23:51.8097255Z the corresponding env file under /.cargo.
frontend	Setup Rust	2026-05-24T20:23:51.8097503Z 
frontend	Setup Rust	2026-05-24T20:23:51.8097735Z This is usually done by running one of the following (note the leading DOT):
frontend	Setup Rust	2026-05-24T20:23:51.8098121Z . "/.cargo/env"            # For sh/bash/zsh/ash/dash/pdksh
frontend	Setup Rust	2026-05-24T20:23:51.8098397Z source "/.cargo/env.fish"  # For fish
frontend	Setup Rust	2026-05-24T20:23:51.8098654Z source "/.cargo/env.nu"  # For nushell
frontend	Setup Rust	2026-05-24T20:23:51.8098908Z source "/.cargo/env.tcsh"  # For tcsh
frontend	Setup Rust	2026-05-24T20:23:51.8099501Z . "/.cargo/env.ps1"        # For pwsh
frontend	Setup Rust	2026-05-24T20:23:51.8099789Z source "/.cargo/env.xsh"   # For xonsh
frontend	Setup Rust	2026-05-24T20:23:51.8316858Z ##[group]Run rustup toolchain install 1.94.0 --component rustfmt --component clippy --profile minimal --no-self-update
frontend	Setup Rust	2026-05-24T20:23:51.8318067Z [36;1mrustup toolchain install 1.94.0 --component rustfmt --component clippy --profile minimal --no-self-update[0m
frontend	Setup Rust	2026-05-24T20:23:51.8407271Z shell: /usr/bin/bash --noprofile --norc -e -o pipefail {0}
frontend	Setup Rust	2026-05-24T20:23:51.8407729Z env:
frontend	Setup Rust	2026-05-24T20:23:51.8407953Z   CARGO_HOME: /.cargo
frontend	Setup Rust	2026-05-24T20:23:51.8408137Z   RUSTUP_PERMIT_COPY_RENAME: 1
frontend	Setup Rust	2026-05-24T20:23:51.8408327Z ##[endgroup]
frontend	Setup Rust	2026-05-24T20:23:51.9294233Z info: syncing channel updates for 1.94.0-x86_64-unknown-linux-gnu
frontend	Setup Rust	2026-05-24T20:23:52.3218083Z info: latest update on 2026-03-05 for version 1.94.0 (4a4ef493e 2026-03-02)
frontend	Setup Rust	2026-05-24T20:23:52.3333943Z info: component clippy is up to date
frontend	Setup Rust	2026-05-24T20:23:52.3334329Z info: component rustfmt is up to date
frontend	Setup Rust	2026-05-24T20:23:52.3341407Z 
frontend	Setup Rust	2026-05-24T20:23:52.3468240Z   1.94.0-x86_64-unknown-linux-gnu unchanged - rustc 1.94.0 (4a4ef493e 2026-03-02)
frontend	Setup Rust	2026-05-24T20:23:52.3468591Z 
frontend	Setup Rust	2026-05-24T20:23:52.3557163Z ##[group]Run rustup default 1.94.0
frontend	Setup Rust	2026-05-24T20:23:52.3557397Z [36;1mrustup default 1.94.0[0m
frontend	Setup Rust	2026-05-24T20:23:52.3614538Z shell: /usr/bin/bash --noprofile --norc -e -o pipefail {0}
frontend	Setup Rust	2026-05-24T20:23:52.3614838Z env:
frontend	Setup Rust	2026-05-24T20:23:52.3614978Z   CARGO_HOME: /.cargo
frontend	Setup Rust	2026-05-24T20:23:52.3615118Z ##[endgroup]
frontend	Setup Rust	2026-05-24T20:23:52.3764162Z info: using existing install for 1.94.0-x86_64-unknown-linux-gnu
frontend	Setup Rust	2026-05-24T20:23:52.3785470Z info: default toolchain set to 1.94.0-x86_64-unknown-linux-gnu
frontend	Setup Rust	2026-05-24T20:23:52.3785703Z 
frontend	Setup Rust	2026-05-24T20:23:52.3908723Z   1.94.0-x86_64-unknown-linux-gnu unchanged - rustc 1.94.0 (4a4ef493e 2026-03-02)
frontend	Setup Rust	2026-05-24T20:23:52.3909819Z info: note that the toolchain '1.94.0-x86_64-unknown-linux-gnu' is currently in use (overridden by '/root/actions-runner-civicnewspaper/_work/CivicNewspaper/CivicNewspaper/rust-toolchain.toml')
frontend	Setup Rust	2026-05-24T20:23:52.3910567Z 
frontend	Setup Rust	2026-05-24T20:23:52.3969531Z ##[group]Run : create cachekey
frontend	Setup Rust	2026-05-24T20:23:52.3969743Z [36;1m: create cachekey[0m
frontend	Setup Rust	2026-05-24T20:23:52.3970076Z [36;1mDATE=$(rustc +1.94.0 --version --verbose | sed -ne 's/^commit-date: \(20[0-9][0-9]\)-\([01][0-9]\)-\([0-3][0-9]\)$/\1\2\3/p')[0m
frontend	Setup Rust	2026-05-24T20:23:52.3971841Z [36;1mHASH=$(rustc +1.94.0 --version --verbose | sed -ne 's/^commit-hash: //p')[0m
frontend	Setup Rust	2026-05-24T20:23:52.3972458Z [36;1mecho "cachekey=$(echo $DATE$HASH | head -c12)" >> $GITHUB_OUTPUT[0m
frontend	Setup Rust	2026-05-24T20:23:52.4034471Z shell: /usr/bin/bash --noprofile --norc -e -o pipefail {0}
frontend	Setup Rust	2026-05-24T20:23:52.4034740Z env:
frontend	Setup Rust	2026-05-24T20:23:52.4034874Z   CARGO_HOME: /.cargo
frontend	Setup Rust	2026-05-24T20:23:52.4035017Z ##[endgroup]
frontend	Setup Rust	2026-05-24T20:23:52.4614620Z ##[group]Run : disable incremental compilation
frontend	Setup Rust	2026-05-24T20:23:52.4614913Z [36;1m: disable incremental compilation[0m
frontend	Setup Rust	2026-05-24T20:23:52.4615161Z [36;1mif [ -z "${CARGO_INCREMENTAL+set}" ]; then[0m
frontend	Setup Rust	2026-05-24T20:23:52.4615405Z [36;1m  echo CARGO_INCREMENTAL=0 >> $GITHUB_ENV[0m
frontend	Setup Rust	2026-05-24T20:23:52.4615621Z [36;1mfi[0m
frontend	Setup Rust	2026-05-24T20:23:52.4675931Z shell: /usr/bin/bash --noprofile --norc -e -o pipefail {0}
frontend	Setup Rust	2026-05-24T20:23:52.4676186Z env:
frontend	Setup Rust	2026-05-24T20:23:52.4676330Z   CARGO_HOME: /.cargo
frontend	Setup Rust	2026-05-24T20:23:52.4676479Z ##[endgroup]
frontend	Setup Rust	2026-05-24T20:23:52.4784252Z ##[group]Run : enable colors in Cargo output
frontend	Setup Rust	2026-05-24T20:23:52.4784507Z [36;1m: enable colors in Cargo output[0m
frontend	Setup Rust	2026-05-24T20:23:52.4784713Z [36;1mif [ -z "${CARGO_TERM_COLOR+set}" ]; then[0m
frontend	Setup Rust	2026-05-24T20:23:52.4784940Z [36;1m  echo CARGO_TERM_COLOR=always >> $GITHUB_ENV[0m
frontend	Setup Rust	2026-05-24T20:23:52.4785131Z [36;1mfi[0m
frontend	Setup Rust	2026-05-24T20:23:52.4839260Z shell: /usr/bin/bash --noprofile --norc -e -o pipefail {0}
frontend	Setup Rust	2026-05-24T20:23:52.4839511Z env:
frontend	Setup Rust	2026-05-24T20:23:52.4839632Z   CARGO_HOME: /.cargo
frontend	Setup Rust	2026-05-24T20:23:52.4839783Z   CARGO_INCREMENTAL: 0
frontend	Setup Rust	2026-05-24T20:23:52.4839918Z ##[endgroup]
frontend	Setup Rust	2026-05-24T20:23:52.4946069Z ##[group]Run : enable Cargo sparse registry
frontend	Setup Rust	2026-05-24T20:23:52.4946310Z [36;1m: enable Cargo sparse registry[0m
frontend	Setup Rust	2026-05-24T20:23:52.4946550Z [36;1m# implemented in 1.66, stabilized in 1.68, made default in 1.70[0m
frontend	Setup Rust	2026-05-24T20:23:52.4947083Z [36;1mif [ -z "${CARGO_REGISTRIES_CRATES_IO_PROTOCOL+set}" -o -f "/root/actions-runner-civicnewspaper/_work/_temp"/.implicit_cargo_registries_crates_io_protocol ]; then[0m
frontend	Setup Rust	2026-05-24T20:23:52.4947647Z [36;1m  if rustc +1.94.0 --version --verbose | grep -q '^release: 1\.6[89]\.'; then[0m
frontend	Setup Rust	2026-05-24T20:23:52.4948082Z [36;1m    touch "/root/actions-runner-civicnewspaper/_work/_temp"/.implicit_cargo_registries_crates_io_protocol || true[0m
frontend	Setup Rust	2026-05-24T20:23:52.4948666Z [36;1m    echo CARGO_REGISTRIES_CRATES_IO_PROTOCOL=sparse >> $GITHUB_ENV[0m
frontend	Setup Rust	2026-05-24T20:23:52.4949012Z [36;1m  elif rustc +1.94.0 --version --verbose | grep -q '^release: 1\.6[67]\.'; then[0m
frontend	Setup Rust	2026-05-24T20:23:52.4949458Z [36;1m    touch "/root/actions-runner-civicnewspaper/_work/_temp"/.implicit_cargo_registries_crates_io_protocol || true[0m
frontend	Setup Rust	2026-05-24T20:23:52.4949866Z [36;1m    echo CARGO_REGISTRIES_CRATES_IO_PROTOCOL=git >> $GITHUB_ENV[0m
frontend	Setup Rust	2026-05-24T20:23:52.4950097Z [36;1m  fi[0m
frontend	Setup Rust	2026-05-24T20:23:52.4950214Z [36;1mfi[0m
frontend	Setup Rust	2026-05-24T20:23:52.5001656Z shell: /usr/bin/bash --noprofile --norc -e -o pipefail {0}
frontend	Setup Rust	2026-05-24T20:23:52.5001915Z env:
frontend	Setup Rust	2026-05-24T20:23:52.5002041Z   CARGO_HOME: /.cargo
frontend	Setup Rust	2026-05-24T20:23:52.5002189Z   CARGO_INCREMENTAL: 0
frontend	Setup Rust	2026-05-24T20:23:52.5002349Z   CARGO_TERM_COLOR: always
frontend	Setup Rust	2026-05-24T20:23:52.5002494Z ##[endgroup]
frontend	Setup Rust	2026-05-24T20:23:52.5538591Z ##[group]Run : work around spurious network errors in curl 8.0
frontend	Setup Rust	2026-05-24T20:23:52.5538900Z [36;1m: work around spurious network errors in curl 8.0[0m
frontend	Setup Rust	2026-05-24T20:23:52.5539268Z [36;1m# https://rust-lang.zulipchat.com/#narrow/stream/246057-t-cargo/topic/timeout.20investigation[0m
frontend	Setup Rust	2026-05-24T20:23:52.5539677Z [36;1mif rustc +1.94.0 --version --verbose | grep -q '^release: 1\.7[01]\.'; then[0m
frontend	Setup Rust	2026-05-24T20:23:52.5539984Z [36;1m  echo CARGO_HTTP_MULTIPLEXING=false >> $GITHUB_ENV[0m
frontend	Setup Rust	2026-05-24T20:23:52.5540215Z [36;1mfi[0m
frontend	Setup Rust	2026-05-24T20:23:52.5596842Z shell: /usr/bin/bash --noprofile --norc -e -o pipefail {0}
frontend	Setup Rust	2026-05-24T20:23:52.5597103Z env:
frontend	Setup Rust	2026-05-24T20:23:52.5597227Z   CARGO_HOME: /.cargo
frontend	Setup Rust	2026-05-24T20:23:52.5597615Z   CARGO_INCREMENTAL: 0
frontend	Setup Rust	2026-05-24T20:23:52.5597757Z   CARGO_TERM_COLOR: always
frontend	Setup Rust	2026-05-24T20:23:52.5597903Z ##[endgroup]
frontend	Setup Rust	2026-05-24T20:23:52.5926021Z ##[group]Run rustc +1.94.0 --version --verbose
frontend	Setup Rust	2026-05-24T20:23:52.5926304Z [36;1mrustc +1.94.0 --version --verbose[0m
frontend	Setup Rust	2026-05-24T20:23:52.5988835Z shell: /usr/bin/bash --noprofile --norc -e -o pipefail {0}
frontend	Setup Rust	2026-05-24T20:23:52.5989147Z env:
frontend	Setup Rust	2026-05-24T20:23:52.5989317Z   CARGO_HOME: /.cargo
frontend	Setup Rust	2026-05-24T20:23:52.5989503Z   CARGO_INCREMENTAL: 0
frontend	Setup Rust	2026-05-24T20:23:52.5989682Z   CARGO_TERM_COLOR: always
frontend	Setup Rust	2026-05-24T20:23:52.5989869Z ##[endgroup]
frontend	Setup Rust	2026-05-24T20:23:52.6303562Z rustc 1.94.0 (4a4ef493e 2026-03-02)
frontend	Setup Rust	2026-05-24T20:23:52.6303864Z binary: rustc
frontend	Setup Rust	2026-05-24T20:23:52.6304128Z commit-hash: 4a4ef493e3a1488c6e321570238084b38948f6db
frontend	Setup Rust	2026-05-24T20:23:52.6304409Z commit-date: 2026-03-02
frontend	Setup Rust	2026-05-24T20:23:52.6304668Z host: x86_64-unknown-linux-gnu
frontend	Setup Rust	2026-05-24T20:23:52.6304902Z release: 1.94.0
frontend	Setup Rust	2026-05-24T20:23:52.6305101Z LLVM version: 21.1.8
frontend	Run Phase 1 DoD verification	﻿2026-05-24T20:23:52.6968628Z ##[group]Run bash scripts/verify-v0.2-phase-1-dod.sh
frontend	Run Phase 1 DoD verification	2026-05-24T20:23:52.6968954Z [36;1mbash scripts/verify-v0.2-phase-1-dod.sh[0m
frontend	Run Phase 1 DoD verification	2026-05-24T20:23:52.7033714Z shell: /usr/bin/bash -e {0}
frontend	Run Phase 1 DoD verification	2026-05-24T20:23:52.7033932Z env:
frontend	Run Phase 1 DoD verification	2026-05-24T20:23:52.7034076Z   CARGO_HOME: /.cargo
frontend	Run Phase 1 DoD verification	2026-05-24T20:23:52.7034239Z   CARGO_INCREMENTAL: 0
frontend	Run Phase 1 DoD verification	2026-05-24T20:23:52.7034396Z   CARGO_TERM_COLOR: always
frontend	Run Phase 1 DoD verification	2026-05-24T20:23:52.7034556Z ##[endgroup]
frontend	Run Phase 1 DoD verification	2026-05-24T20:23:52.7142004Z ✓ Phase 1 work detected — running full verification
frontend	Run Phase 1 DoD verification	2026-05-24T20:23:52.7142300Z 
frontend	Run Phase 1 DoD verification	2026-05-24T20:23:52.7173831Z [PASS] P1: >=8 components
frontend	Run Phase 1 DoD verification	2026-05-24T20:23:52.7192925Z [PASS] P1: App.tsx < 200 lines (56)
frontend	Run Phase 1 DoD verification	2026-05-24T20:23:52.7393952Z [PASS] P1: no component stubs
frontend	Run Phase 1 DoD verification	2026-05-24T20:23:52.7587273Z [PASS] P1: no test stubs
frontend	Run Phase 1 DoD verification	2026-05-24T20:23:52.7603290Z [PASS] P1: vitest installed
frontend	Run Phase 1 DoD verification	2026-05-24T20:23:52.7618812Z [PASS] P1: testing-library installed
frontend	Run Phase 1 DoD verification	2026-05-24T20:23:55.5322635Z 
frontend	Run Phase 1 DoD verification	2026-05-24T20:23:55.5323562Z  RUN  v2.1.9 /root/actions-runner-civicnewspaper/_work/CivicNewspaper/CivicNewspaper
frontend	Run Phase 1 DoD verification	2026-05-24T20:23:55.5324049Z 
frontend	Run Phase 1 DoD verification	2026-05-24T20:23:55.5324407Z  ✓ src/useApp.test.tsx (1 test) 57ms
frontend	Run Phase 1 DoD verification	2026-05-24T20:23:55.5324812Z  ✓ src/components/SettingsPanel.test.tsx (1 test) 203ms
frontend	Run Phase 1 DoD verification	2026-05-24T20:23:55.5325219Z  ✓ src/components/AppContent.test.tsx (1 test) 44ms
frontend	Run Phase 1 DoD verification	2026-05-24T20:23:55.5325595Z  ✓ src/components/LeadQueue.test.tsx (1 test) 119ms
frontend	Run Phase 1 DoD verification	2026-05-24T20:23:55.5325978Z  ✓ src/components/SourcesPanel.test.tsx (1 test) 134ms
frontend	Run Phase 1 DoD verification	2026-05-24T20:23:55.5326368Z  ✓ src/components/SystemStatus.test.tsx (2 tests) 104ms
frontend	Run Phase 1 DoD verification	2026-05-24T20:23:55.5326835Z  ✓ src/components/Layout.test.tsx (2 tests) 140ms
frontend	Run Phase 1 DoD verification	2026-05-24T20:23:55.5327702Z  ✓ src/components/PublishPanel.test.tsx (2 tests) 199ms
frontend	Run Phase 1 DoD verification	2026-05-24T20:23:55.5328124Z  ✓ src/components/Workbench.test.tsx (2 tests) 200ms
frontend	Run Phase 1 DoD verification	2026-05-24T20:23:55.5328501Z  ✓ src/components/PairDialog.test.tsx (1 test) 261ms
frontend	Run Phase 1 DoD verification	2026-05-24T20:23:55.5328910Z  ✓ src/components/OnboardingWizard.test.tsx (3 tests) 437ms
frontend	Run Phase 1 DoD verification	2026-05-24T20:23:55.5329514Z    ✓ OnboardingWizard Component Tests > Happy path: completes onboarding and calls onComplete 385ms
frontend	Run Phase 1 DoD verification	2026-05-24T20:23:55.5329910Z 
frontend	Run Phase 1 DoD verification	2026-05-24T20:23:55.5329997Z  Test Files  11 passed (11)
frontend	Run Phase 1 DoD verification	2026-05-24T20:23:55.5330216Z       Tests  17 passed (17)
frontend	Run Phase 1 DoD verification	2026-05-24T20:23:55.5330418Z    Start at  14:23:53
frontend	Run Phase 1 DoD verification	2026-05-24T20:23:55.5330854Z    Duration  2.22s (transform 1.24s, setup 1.58s, collect 5.43s, tests 1.90s, environment 7.95s, prepare 1.54s)
frontend	Run Phase 1 DoD verification	2026-05-24T20:23:55.5352943Z [PASS] P1: vitest >=8 passed (got 17)
frontend	Run Phase 1 DoD verification	2026-05-24T20:23:55.5528245Z [PASS] P1: every test has assertions
frontend	Run Phase 1 DoD verification	2026-05-24T20:23:55.5545034Z [PASS] P1: dark mode CSS
frontend	Run Phase 1 DoD verification	2026-05-24T20:23:55.5561431Z [PASS] P1: responsive breakpoint
frontend	Run Phase 1 DoD verification	2026-05-24T20:23:55.5578543Z [PASS] P1: tsconfig strict
frontend	Run Phase 1 DoD verification	2026-05-24T20:23:55.5593588Z [PASS] P1: tsconfig strict params
frontend	Run Phase 1 DoD verification	2026-05-24T20:24:00.3794304Z [2mdist/[22m[2massets/[22m[35mindex-EHgBFZbA.css  [39m[1m[2m 11.37 kB[22m[1m[22m[2m │ gzip:  2.82 kB[22m
frontend	Run Phase 1 DoD verification	2026-05-24T20:24:00.3794994Z [2mdist/[22m[2massets/[22m[36mindex-IRgwzAWs.js   [39m[1m[2m  0.12 kB[22m[1m[22m[2m │ gzip:  0.13 kB[22m
frontend	Run Phase 1 DoD verification	2026-05-24T20:24:00.3796046Z [2mdist/[22m[2massets/[22m[36mindex-D1rfGd2q.js   [39m[1m[2m  1.04 kB[22m[1m[22m[2m │ gzip:  0.49 kB[22m
frontend	Run Phase 1 DoD verification	2026-05-24T20:24:00.3796632Z [2mdist/[22m[2massets/[22m[36mindex-2l4S8WfV.js   [39m[1m[2m276.98 kB[22m[1m[22m[2m │ gzip: 82.61 kB[22m
frontend	Run Phase 1 DoD verification	2026-05-24T20:24:00.3797012Z [32m✓ built in 2.06s[39m
frontend	Run Phase 1 DoD verification	2026-05-24T20:24:00.3812984Z [PASS] P1: vite build
frontend	Run Phase 1 DoD verification	2026-05-24T20:25:51.2892730Z [1m[92m   Doc-tests[0m tauri_app_lib
frontend	Run Phase 1 DoD verification	2026-05-24T20:25:51.2893124Z 
frontend	Run Phase 1 DoD verification	2026-05-24T20:25:51.2893205Z running 0 tests
frontend	Run Phase 1 DoD verification	2026-05-24T20:25:51.2893398Z 
frontend	Run Phase 1 DoD verification	2026-05-24T20:25:51.2893747Z test result: ok. 0 passed; 0 failed; 0 ignored; 0 measured; 0 filtered out; finished in 0.00s
frontend	Run Phase 1 DoD verification	2026-05-24T20:25:51.2929540Z [PASS] P1: rust 17 passed (>=14 baseline)
frontend	Run Phase 1 DoD verification	2026-05-24T20:25:51.2963530Z [PASS] P1: v0.1.1 XSS test intact
frontend	Run Phase 1 DoD verification	2026-05-24T20:25:51.2963886Z [PASS] P1: no temp clone dirs
frontend	Run Phase 1 DoD verification	2026-05-24T20:25:51.2964126Z [PASS] P1: no scratch files
frontend	Run Phase 1 DoD verification	2026-05-24T20:25:51.2964256Z 
frontend	Run Phase 1 DoD verification	2026-05-24T20:25:51.2967675Z =================================
frontend	Run Phase 1 DoD verification	2026-05-24T20:25:51.2967948Z Phase 1 DoD: 17 pass / 0 fail
frontend	Run Phase 1 DoD verification	2026-05-24T20:25:51.2968180Z =================================
frontend	Run Phase 2 DoD verification	﻿2026-05-24T20:25:51.3611331Z ##[group]Run bash scripts/verify-v0.2-phase-2-dod.sh
frontend	Run Phase 2 DoD verification	2026-05-24T20:25:51.3611787Z [36;1mbash scripts/verify-v0.2-phase-2-dod.sh[0m
frontend	Run Phase 2 DoD verification	2026-05-24T20:25:51.3670676Z shell: /usr/bin/bash -e {0}
frontend	Run Phase 2 DoD verification	2026-05-24T20:25:51.3671143Z env:
frontend	Run Phase 2 DoD verification	2026-05-24T20:25:51.3671347Z   CARGO_HOME: /.cargo
frontend	Run Phase 2 DoD verification	2026-05-24T20:25:51.3671716Z   CARGO_INCREMENTAL: 0
frontend	Run Phase 2 DoD verification	2026-05-24T20:25:51.3672069Z   CARGO_TERM_COLOR: always
frontend	Run Phase 2 DoD verification	2026-05-24T20:25:51.3672312Z ##[endgroup]
frontend	Run Phase 2 DoD verification	2026-05-24T20:25:51.3802649Z ✓ Phase 2 work detected — running full verification
frontend	Run Phase 2 DoD verification	2026-05-24T20:25:51.3802888Z 
frontend	Run Phase 2 DoD verification	2026-05-24T20:25:51.3803015Z [PASS] P2: settings migration present
frontend	Run Phase 2 DoD verification	2026-05-24T20:25:51.4065893Z [PASS] P2: migration is UTF-8/ASCII
frontend	Run Phase 2 DoD verification	2026-05-24T20:25:51.4081684Z [PASS] P2: settings table DDL
frontend	Run Phase 2 DoD verification	2026-05-24T20:25:51.4163777Z [PASS] P2: ollama_health has substantive body (42 lines)
frontend	Run Phase 2 DoD verification	2026-05-24T20:25:51.4238311Z [PASS] P2: ollama_pull_model has substantive body (36 lines)
frontend	Run Phase 2 DoD verification	2026-05-24T20:25:51.4310498Z [PASS] P2: is_onboarding_complete has substantive body (11 lines)
frontend	Run Phase 2 DoD verification	2026-05-24T20:25:51.4384403Z [PASS] P2: set_onboarding_complete has substantive body (11 lines)
frontend	Run Phase 2 DoD verification	2026-05-24T20:25:51.4384842Z [PASS] P2: OnboardingWizard.tsx real (391 lines)
frontend	Run Phase 2 DoD verification	2026-05-24T20:25:51.4448018Z [PASS] P2: wizard wires >=3 of 4 Tauri commands (3/4)
frontend	Run Phase 2 DoD verification	2026-05-24T20:25:51.4469586Z [PASS] P2: wizard has >=6 step references (22)
frontend	Run Phase 2 DoD verification	2026-05-24T20:25:51.4485084Z [PASS] P2: App.tsx invokes is_onboarding_complete
frontend	Run Phase 2 DoD verification	2026-05-24T20:25:51.4506064Z [PASS] P2: App.tsx still < 200 lines (56)
frontend	Run Phase 2 DoD verification	2026-05-24T20:25:51.4526041Z [PASS] P2: wizard test extended (113 lines)
frontend	Run Phase 2 DoD verification	2026-05-24T20:25:51.4541294Z [PASS] P2: wizard test mocks ollama_health
frontend	Run Phase 2 DoD verification	2026-05-24T20:25:51.4558335Z [PASS] P2: wizard test covers unreachable Ollama
frontend	Run Phase 2 DoD verification	2026-05-24T20:25:54.2387678Z 
frontend	Run Phase 2 DoD verification	2026-05-24T20:25:54.2388522Z  Test Files  11 passed (11)
frontend	Run Phase 2 DoD verification	2026-05-24T20:25:54.2389161Z       Tests  17 passed (17)
frontend	Run Phase 2 DoD verification	2026-05-24T20:25:54.2389484Z    Start at  14:25:51
frontend	Run Phase 2 DoD verification	2026-05-24T20:25:54.2389995Z    Duration  2.29s (transform 1.54s, setup 1.73s, collect 5.97s, tests 1.95s, environment 7.75s, prepare 1.38s)
frontend	Run Phase 2 DoD verification	2026-05-24T20:25:54.2417816Z [PASS] P2: vitest >=13 passed (got 17)
frontend	Run Phase 2 DoD verification	2026-05-24T20:26:08.3514185Z test result: ok. 17 passed; 0 failed; 0 ignored; 0 measured; 0 filtered out; finished in 0.10s
frontend	Run Phase 2 DoD verification	2026-05-24T20:26:08.3514758Z test result: ok. 0 passed; 0 failed; 0 ignored; 0 measured; 0 filtered out; finished in 0.00s
frontend	Run Phase 2 DoD verification	2026-05-24T20:26:08.3515246Z test result: ok. 0 passed; 0 failed; 0 ignored; 0 measured; 0 filtered out; finished in 0.00s
frontend	Run Phase 2 DoD verification	2026-05-24T20:26:08.3547967Z [PASS] P2: cargo test 17 passed (>=15 baseline)
frontend	Run Phase 2 DoD verification	2026-05-24T20:26:08.3563306Z [PASS] P2: settings round-trip test declared
frontend	Run Phase 2 DoD verification	2026-05-24T20:26:13.1437695Z [2mdist/[22m[2massets/[22m[36mindex-D1rfGd2q.js   [39m[1m[2m  1.04 kB[22m[1m[22m[2m │ gzip:  0.49 kB[22m
frontend	Run Phase 2 DoD verification	2026-05-24T20:26:13.1439295Z [2mdist/[22m[2massets/[22m[36mindex-2l4S8WfV.js   [39m[1m[2m276.98 kB[22m[1m[22m[2m │ gzip: 82.61 kB[22m
frontend	Run Phase 2 DoD verification	2026-05-24T20:26:13.1441015Z [32m✓ built in 2.22s[39m
frontend	Run Phase 2 DoD verification	2026-05-24T20:26:13.1459646Z [PASS] P2: vite build
frontend	Run Phase 2 DoD verification	2026-05-24T20:26:13.1695033Z [PASS] P2: scope lock — no backend drift
frontend	Run Phase 2 DoD verification	2026-05-24T20:26:13.1892392Z [PASS] P2: Phase 1 components intact
frontend	Run Phase 2 DoD verification	2026-05-24T20:26:13.1928346Z [PASS] P2: v0.1.1 XSS test intact
frontend	Run Phase 2 DoD verification	2026-05-24T20:26:13.1943759Z [PASS] P2: tsconfig strict
frontend	Run Phase 2 DoD verification	2026-05-24T20:26:13.1958931Z [PASS] P2: tsconfig strict params
frontend	Run Phase 2 DoD verification	2026-05-24T20:26:13.1959478Z [PASS] P2: no temp clone dirs
frontend	Run Phase 2 DoD verification	2026-05-24T20:26:13.1959740Z [PASS] P2: no scratch files
frontend	Run Phase 2 DoD verification	2026-05-24T20:26:13.1959888Z 
frontend	Run Phase 2 DoD verification	2026-05-24T20:26:13.1960002Z =================================
frontend	Run Phase 2 DoD verification	2026-05-24T20:26:13.1960760Z Phase 2 DoD: 26 pass / 0 fail
frontend	Run Phase 2 DoD verification	2026-05-24T20:26:13.1961492Z =================================
frontend	Run Phase 3 DoD verification	﻿2026-05-24T20:26:13.2535164Z ##[group]Run bash scripts/verify-v0.2-phase-3-dod.sh
frontend	Run Phase 3 DoD verification	2026-05-24T20:26:13.2535472Z [36;1mbash scripts/verify-v0.2-phase-3-dod.sh[0m
frontend	Run Phase 3 DoD verification	2026-05-24T20:26:13.2592328Z shell: /usr/bin/bash -e {0}
frontend	Run Phase 3 DoD verification	2026-05-24T20:26:13.2592775Z env:
frontend	Run Phase 3 DoD verification	2026-05-24T20:26:13.2593033Z   CARGO_HOME: /.cargo
frontend	Run Phase 3 DoD verification	2026-05-24T20:26:13.2593306Z   CARGO_INCREMENTAL: 0
frontend	Run Phase 3 DoD verification	2026-05-24T20:26:13.2593552Z   CARGO_TERM_COLOR: always
frontend	Run Phase 3 DoD verification	2026-05-24T20:26:13.2593718Z ##[endgroup]
frontend	Run Phase 3 DoD verification	2026-05-24T20:26:13.2743448Z ok Phase 3 work detected — running full verification
frontend	Run Phase 3 DoD verification	2026-05-24T20:26:13.2743741Z 
frontend	Run Phase 3 DoD verification	2026-05-24T20:26:13.2743884Z [PASS] P3: diagnostics.rs present
frontend	Run Phase 3 DoD verification	2026-05-24T20:26:13.2764080Z [PASS] P3: gather_diagnostics fn declared
frontend	Run Phase 3 DoD verification	2026-05-24T20:26:13.3010075Z [PASS] P3: diagnostics struct fields present (12/12)
frontend	Run Phase 3 DoD verification	2026-05-24T20:26:13.3080733Z [PASS] P3: export_diagnostics has substantive body (10 lines)
frontend	Run Phase 3 DoD verification	2026-05-24T20:26:13.3099695Z [PASS] P3: no outbound network in diagnostics.rs
frontend	Run Phase 3 DoD verification	2026-05-24T20:26:13.3114260Z [PASS] P3: panic hook in lib.rs
frontend	Run Phase 3 DoD verification	2026-05-24T20:26:13.3131719Z [PASS] P3: panic log rotation logic present
frontend	Run Phase 3 DoD verification	2026-05-24T20:26:13.3145828Z [PASS] P3: SystemStatus Export button literal
frontend	Run Phase 3 DoD verification	2026-05-24T20:26:13.3159781Z [PASS] P3: SystemStatus invokes export_diagnostics
frontend	Run Phase 3 DoD verification	2026-05-24T20:26:13.3176469Z [PASS] P3: SystemStatus uses plugin-dialog
frontend	Run Phase 3 DoD verification	2026-05-24T20:26:13.3193756Z [PASS] P3: SECURITY.md diagnostic section
frontend	Run Phase 3 DoD verification	2026-05-24T20:26:13.3214233Z [PASS] P3: SECURITY.md states no auto-upload
frontend	Run Phase 3 DoD verification	2026-05-24T20:26:14.1586632Z test result: ok. 17 passed; 0 failed; 0 ignored; 0 measured; 0 filtered out; finished in 0.10s
frontend	Run Phase 3 DoD verification	2026-05-24T20:26:14.1587368Z test result: ok. 0 passed; 0 failed; 0 ignored; 0 measured; 0 filtered out; finished in 0.00s
frontend	Run Phase 3 DoD verification	2026-05-24T20:26:14.1587967Z test result: ok. 0 passed; 0 failed; 0 ignored; 0 measured; 0 filtered out; finished in 0.00s
frontend	Run Phase 3 DoD verification	2026-05-24T20:26:14.1619419Z [PASS] P3: cargo test 17 passed (>=17 baseline)
frontend	Run Phase 3 DoD verification	2026-05-24T20:26:14.1636300Z [PASS] P3: test_gather_diagnostics_has_all_fields declared
frontend	Run Phase 3 DoD verification	2026-05-24T20:26:14.1655580Z [PASS] P3: test_export_diagnostics_writes_valid_json declared
frontend	Run Phase 3 DoD verification	2026-05-24T20:26:14.1673901Z [PASS] P3: Phase 2 settings round-trip intact
frontend	Run Phase 3 DoD verification	2026-05-24T20:26:14.1710449Z [PASS] P3: v0.1.1 XSS test intact
frontend	Run Phase 3 DoD verification	2026-05-24T20:26:18.7427127Z [2mdist/[22m[2massets/[22m[36mindex-D1rfGd2q.js   [39m[1m[2m  1.04 kB[22m[1m[22m[2m │ gzip:  0.49 kB[22m
frontend	Run Phase 3 DoD verification	2026-05-24T20:26:18.7428465Z [2mdist/[22m[2massets/[22m[36mindex-2l4S8WfV.js   [39m[1m[2m276.98 kB[22m[1m[22m[2m │ gzip: 82.61 kB[22m
frontend	Run Phase 3 DoD verification	2026-05-24T20:26:18.7429232Z [32m✓ built in 1.98s[39m
frontend	Run Phase 3 DoD verification	2026-05-24T20:26:18.7449648Z [PASS] P3: vite build
frontend	Run Phase 3 DoD verification	2026-05-24T20:26:18.7676327Z [PASS] P3: scope lock — no backend drift
frontend	Run Phase 3 DoD verification	2026-05-24T20:26:18.7697720Z [PASS] P3: OnboardingWizard still >=300 lines
frontend	Run Phase 3 DoD verification	2026-05-24T20:26:18.7698351Z [PASS] P3: 0003_settings.sql intact
frontend	Run Phase 3 DoD verification	2026-05-24T20:26:18.7718989Z [PASS] P3: App.tsx still < 200 lines (56)
frontend	Run Phase 3 DoD verification	2026-05-24T20:26:18.7737426Z [PASS] P3: App.tsx still invokes is_onboarding_complete
frontend	Run Phase 3 DoD verification	2026-05-24T20:26:18.7928870Z [PASS] P3: Phase 1 components intact
frontend	Run Phase 3 DoD verification	2026-05-24T20:26:18.7944929Z [PASS] P3: tsconfig noUnusedLocals
frontend	Run Phase 3 DoD verification	2026-05-24T20:26:18.7962920Z [PASS] P3: tsconfig noUnusedParameters
frontend	Run Phase 3 DoD verification	2026-05-24T20:26:18.7963341Z [PASS] P3: no temp clone dirs
frontend	Run Phase 3 DoD verification	2026-05-24T20:26:18.7963483Z 
frontend	Run Phase 3 DoD verification	2026-05-24T20:26:18.7964188Z =================================
frontend	Run Phase 3 DoD verification	2026-05-24T20:26:18.7964415Z Phase 3 DoD: 27 pass / 0 fail
frontend	Run Phase 3 DoD verification	2026-05-24T20:26:18.7964613Z =================================
frontend	Post Setup Node.js	﻿2026-05-24T20:26:18.8022771Z Post job cleanup.
frontend	Post Setup Node.js	2026-05-24T20:26:19.0652576Z [command]/usr/bin/tar --posix -cf cache.tgz --exclude cache.tgz -P -C /root/actions-runner-civicnewspaper/_work/CivicNewspaper/CivicNewspaper --files-from manifest.txt -z
frontend	Post Setup Node.js	2026-05-24T20:26:29.0011752Z Sent 0 of 172657958 (0.0%), 0.0 MBs/sec
frontend	Post Setup Node.js	2026-05-24T20:26:30.0011704Z Sent 0 of 172657958 (0.0%), 0.0 MBs/sec
frontend	Post Setup Node.js	2026-05-24T20:26:31.0010297Z Sent 0 of 172657958 (0.0%), 0.0 MBs/sec
frontend	Post Setup Node.js	2026-05-24T20:26:32.0013264Z Sent 0 of 172657958 (0.0%), 0.0 MBs/sec
frontend	Post Setup Node.js	2026-05-24T20:26:33.0016760Z Sent 0 of 172657958 (0.0%), 0.0 MBs/sec
frontend	Post Setup Node.js	2026-05-24T20:26:34.0020381Z Sent 0 of 172657958 (0.0%), 0.0 MBs/sec
frontend	Post Setup Node.js	2026-05-24T20:26:35.0022592Z Sent 0 of 172657958 (0.0%), 0.0 MBs/sec
frontend	Post Setup Node.js	2026-05-24T20:26:36.0020508Z Sent 0 of 172657958 (0.0%), 0.0 MBs/sec
frontend	Post Setup Node.js	2026-05-24T20:26:37.0021365Z Sent 0 of 172657958 (0.0%), 0.0 MBs/sec
frontend	Post Setup Node.js	2026-05-24T20:26:38.0025875Z Sent 0 of 172657958 (0.0%), 0.0 MBs/sec
frontend	Post Setup Node.js	2026-05-24T20:26:39.0036544Z Sent 0 of 172657958 (0.0%), 0.0 MBs/sec
frontend	Post Setup Node.js	2026-05-24T20:26:40.0038267Z Sent 0 of 172657958 (0.0%), 0.0 MBs/sec
frontend	Post Setup Node.js	2026-05-24T20:26:41.0036642Z Sent 0 of 172657958 (0.0%), 0.0 MBs/sec
frontend	Post Setup Node.js	2026-05-24T20:26:42.0044282Z Sent 0 of 172657958 (0.0%), 0.0 MBs/sec
frontend	Post Setup Node.js	2026-05-24T20:26:43.0041151Z Sent 0 of 172657958 (0.0%), 0.0 MBs/sec
frontend	Post Setup Node.js	2026-05-24T20:26:44.0040280Z Sent 0 of 172657958 (0.0%), 0.0 MBs/sec
frontend	Post Setup Node.js	2026-05-24T20:26:45.0038048Z Sent 0 of 172657958 (0.0%), 0.0 MBs/sec
frontend	Post Setup Node.js	2026-05-24T20:26:46.0039121Z Sent 0 of 172657958 (0.0%), 0.0 MBs/sec
frontend	Post Setup Node.js	2026-05-24T20:26:47.0037139Z Sent 0 of 172657958 (0.0%), 0.0 MBs/sec
frontend	Post Setup Node.js	2026-05-24T20:26:48.0043294Z Sent 0 of 172657958 (0.0%), 0.0 MBs/sec
frontend	Post Setup Node.js	2026-05-24T20:26:49.0041943Z Sent 0 of 172657958 (0.0%), 0.0 MBs/sec
frontend	Post Setup Node.js	2026-05-24T20:26:50.0074153Z Sent 0 of 172657958 (0.0%), 0.0 MBs/sec
frontend	Post Setup Node.js	2026-05-24T20:26:51.0041164Z Sent 0 of 172657958 (0.0%), 0.0 MBs/sec
frontend	Post Setup Node.js	2026-05-24T20:26:52.0043205Z Sent 0 of 172657958 (0.0%), 0.0 MBs/sec
frontend	Post Setup Node.js	2026-05-24T20:26:53.0040342Z Sent 38440230 of 172657958 (22.3%), 1.5 MBs/sec
frontend	Post Setup Node.js	2026-05-24T20:26:57.3421964Z Sent 38440230 of 172657958 (22.3%), 1.2 MBs/sec
frontend	Post Setup Node.js	2026-05-24T20:26:58.3451866Z Sent 38440230 of 172657958 (22.3%), 1.2 MBs/sec
frontend	Post Setup Node.js	2026-05-24T20:26:59.3430506Z Sent 38440230 of 172657958 (22.3%), 1.2 MBs/sec
frontend	Post Setup Node.js	2026-05-24T20:27:00.3430154Z Sent 38440230 of 172657958 (22.3%), 1.1 MBs/sec
frontend	Post Setup Node.js	2026-05-24T20:27:01.3433317Z Sent 38440230 of 172657958 (22.3%), 1.1 MBs/sec
frontend	Post Setup Node.js	2026-05-24T20:27:02.3435255Z Sent 38440230 of 172657958 (22.3%), 1.1 MBs/sec
frontend	Post Setup Node.js	2026-05-24T20:27:03.3434837Z Sent 38440230 of 172657958 (22.3%), 1.0 MBs/sec
frontend	Post Setup Node.js	2026-05-24T20:27:04.3444210Z Sent 105549094 of 172657958 (61.1%), 2.8 MBs/sec
frontend	Post Setup Node.js	2026-05-24T20:27:05.3452593Z Sent 105549094 of 172657958 (61.1%), 2.7 MBs/sec
frontend	Post Setup Node.js	2026-05-24T20:27:06.3464727Z Sent 105549094 of 172657958 (61.1%), 2.6 MBs/sec
frontend	Post Setup Node.js	2026-05-24T20:27:06.4505663Z Sent 172657958 of 172657958 (100.0%), 4.3 MBs/sec
frontend	Post Setup Node.js	2026-05-24T20:27:06.7684889Z Cache saved with the key: node-cache-Linux-x64-npm-007f5cdffc3fc6559cee55a25b69331b3b3863dee1d9f6b75e039e194cdb9f34
frontend	Post Run actions/checkout@v4	﻿2026-05-24T20:27:06.7920865Z Post job cleanup.
frontend	Post Run actions/checkout@v4	2026-05-24T20:27:07.0877828Z [command]/usr/bin/git version
frontend	Post Run actions/checkout@v4	2026-05-24T20:27:07.0972354Z git version 2.43.0
frontend	Post Run actions/checkout@v4	2026-05-24T20:27:07.1041871Z Temporarily overriding HOME='/root/actions-runner-civicnewspaper/_work/_temp/ca6a06c6-5446-4615-8cf8-a764ea4acb18' before making global git config changes
frontend	Post Run actions/checkout@v4	2026-05-24T20:27:07.1043516Z Adding repository directory to the temporary git global config as a safe directory
frontend	Post Run actions/checkout@v4	2026-05-24T20:27:07.1050908Z [command]/usr/bin/git config --global --add safe.directory /root/actions-runner-civicnewspaper/_work/CivicNewspaper/CivicNewspaper
frontend	Post Run actions/checkout@v4	2026-05-24T20:27:07.1113451Z [command]/usr/bin/git config --local --name-only --get-regexp core\.sshCommand
frontend	Post Run actions/checkout@v4	2026-05-24T20:27:07.1186535Z [command]/usr/bin/git submodule foreach --recursive sh -c "git config --local --name-only --get-regexp 'core\.sshCommand' && git config --local --unset-all 'core.sshCommand' || :"
frontend	Post Run actions/checkout@v4	2026-05-24T20:27:07.1665932Z [command]/usr/bin/git config --local --name-only --get-regexp http\.https\:\/\/github\.com\/\.extraheader
frontend	Post Run actions/checkout@v4	2026-05-24T20:27:07.1709947Z http.https://github.com/.extraheader
frontend	Post Run actions/checkout@v4	2026-05-24T20:27:07.1728553Z [command]/usr/bin/git config --local --unset-all http.https://github.com/.extraheader
frontend	Post Run actions/checkout@v4	2026-05-24T20:27:07.1811282Z [command]/usr/bin/git submodule foreach --recursive sh -c "git config --local --name-only --get-regexp 'http\.https\:\/\/github\.com\/\.extraheader' && git config --local --unset-all 'http.https://github.com/.extraheader' || :"
frontend	Post Run actions/checkout@v4	2026-05-24T20:27:07.2279009Z [command]/usr/bin/git config --local --name-only --get-regexp ^includeIf\.gitdir:
frontend	Post Run actions/checkout@v4	2026-05-24T20:27:07.2340117Z [command]/usr/bin/git submodule foreach --recursive git config --local --show-origin --name-only --get-regexp remote.origin.url
frontend	Complete job	﻿2026-05-24T20:27:07.3203490Z Cleaning up orphan processes
frontend	Complete job	2026-05-24T20:27:07.3461316Z ##[warning]Node.js 20 actions are deprecated. The following actions are running on Node.js 20 and may not work as expected: actions/checkout@v4, actions/setup-node@v4. Actions will be forced to run with Node.js 24 by default starting June 2nd, 2026. Node.js 20 will be removed from the runner on September 16th, 2026. Please check if updated versions of these actions are available that support Node.js 24. To opt into Node.js 24 now, set the FORCE_JAVASCRIPT_ACTIONS_TO_NODE24=true environment variable on the runner or in your workflow file. Once Node.js 24 becomes the default, you can temporarily opt out by setting ACTIONS_ALLOW_USE_UNSECURE_NODE_VERSION=true. For more information see: https://github.blog/changelog/2025-09-19-deprecation-of-node-20-on-github-actions-runners/
